66.249.73.232 - - [12/Feb/2023:08:00:42 +0000] "GET /download/QJkVXwQSkvg HTTP/1.1" 404 6622 "-" "Mozilla/5.0 (compatible; Googlebot/2.1; +http://www.google.com/bot.html)"
66.249.73.232 - - [12/Feb/2023:08:01:26 +0000] "GET /download/5OFn7IpeV8o HTTP/1.1" 404 6616 "-" "Mozilla/5.0 (Linux; Android 6.0.1; Nexus 5X Build/MMB29P) AppleWebKit/537.36 (KHTML, like Gecko) Chrome/109.0.5414.101 Mobile Safari/537.36 (compatible; Googlebot/2.1; +http://www.google.com/bot.html)"
66.249.73.234 - - [12/Feb/2023:08:02:11 +0000] "GET /download/KXXjCHvfzsk HTTP/1.1" 404 6622 "-" "Mozilla/5.0 (Linux; Android 6.0.1; Nexus 5X Build/MMB29P) AppleWebKit/537.36 (KHTML, like Gecko) Chrome/109.0.5414.101 Mobile Safari/537.36 (compatible; Googlebot/2.1; +http://www.google.com/bot.html)"
66.249.73.230 - - [12/Feb/2023:08:02:55 +0000] "GET /download/KXXjCHvfzsk HTTP/1.1" 404 6616 "-" "Mozilla/5.0 (compatible; Googlebot/2.1; +http://www.google.com/bot.html)"
66.249.73.232 - - [12/Feb/2023:08:03:39 +0000] "GET /download/AbTKsPA1Pzk HTTP/1.1" 404 6622 "-" "Mozilla/5.0 (Linux; Android 6.0.1; Nexus 5X Build/MMB29P) AppleWebKit/537.36 (KHTML, like Gecko) Chrome/109.0.5414.101 Mobile Safari/537.36 (compatible; Googlebot/2.1; +http://www.google.com/bot.html)"
66.249.73.234 - - [12/Feb/2023:08:04:23 +0000] "GET /download/AbTKsPA1Pzk HTTP/1.1" 404 6616 "-" "Mozilla/5.0 (compatible; Googlebot/2.1; +http://www.google.com/bot.html)"
66.249.73.232 - - [12/Feb/2023:08:05:08 +0000] "GET /download/iS5wgy9a8LU HTTP/1.1" 404 6622 "-" "Mozilla/5.0 (compatible; Googlebot/2.1; +http://www.google.com/bot.html)"
66.249.73.230 - - [12/Feb/2023:08:05:52 +0000] "GET /download/iS5wgy9a8LU HTTP/1.1" 404 6622 "-" "Mozilla/5.0 (Linux; Android 6.0.1; Nexus 5X Build/MMB29P) AppleWebKit/537.36 (KHTML, like Gecko) Chrome/109.0.5414.101 Mobile Safari/537.36 (compatible; Googlebot/2.1; +http://www.google.com/bot.html)"
66.249.73.234 - - [12/Feb/2023:08:06:36 +0000] "GET /download/wfZCOau_coc HTTP/1.1" 404 6622 "-" "Mozilla/5.0 (Linux; Android 6.0.1; Nexus 5X Build/MMB29P) AppleWebKit/537.36 (KHTML, like Gecko) Chrome/109.0.5414.101 Mobile Safari/537.36 (compatible; Googlebot/2.1; +http://www.google.com/bot.html)"
66.249.73.232 - - [12/Feb/2023:08:07:20 +0000] "GET /download/wfZCOau_coc HTTP/1.1" 404 6616 "-" "Mozilla/5.0 (compatible; Googlebot/2.1; +http://www.google.com/bot.html)"
66.249.73.232 - - [12/Feb/2023:08:08:05 +0000] "GET /download/gOjdmtTBKbc HTTP/1.1" 404 6616 "-" "Mozilla/5.0 (Linux; Android 6.0.1; Nexus 5X Build/MMB29P) AppleWebKit/537.36 (KHTML, like Gecko) Chrome/109.0.5414.101 Mobile Safari/537.36 (compatible; Googlebot/2.1; +http://www.google.com/bot.html)"
66.249.73.232 - - [12/Feb/2023:08:08:49 +0000] "GET /download/gOjdmtTBKbc HTTP/1.1" 404 6622 "-" "Mozilla/5.0 (compatible; Googlebot/2.1; +http://www.google.com/bot.html)"
66.249.73.230 - - [12/Feb/2023:08:09:33 +0000] "GET /download/VXbwMg2Qks4 HTTP/1.1" 404 6622 "-" "Mozilla/5.0 (compatible; Googlebot/2.1; +http://www.google.com/bot.html)"
66.249.73.230 - - [12/Feb/2023:08:10:17 +0000] "GET /download/VXbwMg2Qks4 HTTP/1.1" 404 6616 "-" "Mozilla/5.0 (Linux; Android 6.0.1; Nexus 5X Build/MMB29P) AppleWebKit/537.36 (KHTML, like Gecko) Chrome/109.0.5414.101 Mobile Safari/537.36 (compatible; Googlebot/2.1; +http://www.google.com/bot.html)"
66.249.73.234 - - [12/Feb/2023:08:11:02 +0000] "GET /download/UstBEF8nl-U HTTP/1.1" 404 6622 "-" "Mozilla/5.0 (Linux; Android 6.0.1; Nexus 5X Build/MMB29P) AppleWebKit/537.36 (KHTML, like Gecko) Chrome/109.0.5414.101 Mobile Safari/537.36 (compatible; Googlebot/2.1; +http://www.google.com/bot.html)"
66.249.73.232 - - [12/Feb/2023:08:11:46 +0000] "GET /download/UstBEF8nl-U HTTP/1.1" 404 6616 "-" "Mozilla/5.0 (compatible; Googlebot/2.1; +http://www.google.com/bot.html)"
66.249.73.232 - - [12/Feb/2023:08:12:30 +0000] "GET /download/K4GLsKsKbKw HTTP/1.1" 404 6622 "-" "Mozilla/5.0 (Linux; Android 6.0.1; Nexus 5X Build/MMB29P) AppleWebKit/537.36 (KHTML, like Gecko) Chrome/109.0.5414.101 Mobile Safari/537.36 (compatible; Googlebot/2.1; +http://www.google.com/bot.html)"
66.240.223.209 - - [12/Feb/2023:08:12:32 +0000] "GET / HTTP/1.1" 200 18589 "-" "Mozilla/5.0 zgrab/0.x"
66.249.73.232 - - [12/Feb/2023:08:13:14 +0000] "GET /download/K4GLsKsKbKw HTTP/1.1" 404 6616 "-" "Mozilla/5.0 (compatible; Googlebot/2.1; +http://www.google.com/bot.html)"
66.249.73.230 - - [12/Feb/2023:08:13:59 +0000] "GET /download/F6y2vXbWSeY HTTP/1.1" 404 6622 "-" "Mozilla/5.0 (Linux; Android 6.0.1; Nexus 5X Build/MMB29P) AppleWebKit/537.36 (KHTML, like Gecko) Chrome/109.0.5414.101 Mobile Safari/537.36 (compatible; Googlebot/2.1; +http://www.google.com/bot.html)"
143.110.222.166 - - [12/Feb/2023:08:14:31 +0000] "GET / HTTP/1.1" 200 18589 "-" "Mozilla/5.0 (iPhone; CPU iPhone OS 16_1 like Mac OS X) AppleWebKit/605.1.15 (KHTML, like Gecko) Version/16.1 Mobile/15E148 Safari/604.1"
66.249.73.230 - - [12/Feb/2023:08:14:43 +0000] "GET /download/F6y2vXbWSeY HTTP/1.1" 404 6616 "-" "Mozilla/5.0 (compatible; Googlebot/2.1; +http://www.google.com/bot.html)"
66.249.73.230 - - [12/Feb/2023:08:15:27 +0000] "GET /download/1TVlEnMRhYo HTTP/1.1" 404 6616 "-" "Mozilla/5.0 (Linux; Android 6.0.1; Nexus 5X Build/MMB29P) AppleWebKit/537.36 (KHTML, like Gecko) Chrome/109.0.5414.101 Mobile Safari/537.36 (compatible; Googlebot/2.1; +http://www.google.com/bot.html)"
66.249.73.232 - - [12/Feb/2023:08:16:12 +0000] "GET /download/1TVlEnMRhYo HTTP/1.1" 404 6616 "-" "Mozilla/5.0 (compatible; Googlebot/2.1; +http://www.google.com/bot.html)"
66.249.73.232 - - [12/Feb/2023:08:16:56 +0000] "GET /download/fbmU9Gsjp7E HTTP/1.1" 404 6616 "-" "Mozilla/5.0 (compatible; Googlebot/2.1; +http://www.google.com/bot.html)"
66.249.73.230 - - [12/Feb/2023:08:17:40 +0000] "GET /download/fbmU9Gsjp7E HTTP/1.1" 404 6616 "-" "Mozilla/5.0 (Linux; Android 6.0.1; Nexus 5X Build/MMB29P) AppleWebKit/537.36 (KHTML, like Gecko) Chrome/109.0.5414.101 Mobile Safari/537.36 (compatible; Googlebot/2.1; +http://www.google.com/bot.html)"
66.249.73.230 - - [12/Feb/2023:08:18:31 +0000] "GET /download/jVmx9eYSwpY HTTP/1.1" 404 6616 "-" "Mozilla/5.0 (compatible; Googlebot/2.1; +http://www.google.com/bot.html)"
66.249.73.234 - - [12/Feb/2023:08:19:09 +0000] "GET /download/RSsOHcLaMkY HTTP/1.1" 404 6616 "-" "Mozilla/5.0 (Linux; Android 6.0.1; Nexus 5X Build/MMB29P) AppleWebKit/537.36 (KHTML, like Gecko) Chrome/109.0.5414.101 Mobile Safari/537.36 (compatible; Googlebot/2.1; +http://www.google.com/bot.html)"
66.249.73.230 - - [12/Feb/2023:08:19:53 +0000] "GET /download/AtMVHdgMF24 HTTP/1.1" 404 6622 "-" "Mozilla/5.0 (compatible; Googlebot/2.1; +http://www.google.com/bot.html)"
66.249.73.232 - - [12/Feb/2023:08:20:37 +0000] "GET /download/AtMVHdgMF24 HTTP/1.1" 404 6622 "-" "Mozilla/5.0 (Linux; Android 6.0.1; Nexus 5X Build/MMB29P) AppleWebKit/537.36 (KHTML, like Gecko) Chrome/109.0.5414.101 Mobile Safari/537.36 (compatible; Googlebot/2.1; +http://www.google.com/bot.html)"
66.249.73.232 - - [12/Feb/2023:08:21:21 +0000] "GET /download/yzq1AxSGj8Y HTTP/1.1" 404 6616 "-" "Mozilla/5.0 (compatible; Googlebot/2.1; +http://www.google.com/bot.html)"
66.249.73.234 - - [12/Feb/2023:08:22:06 +0000] "GET /download/SetF11Zn-ek HTTP/1.1" 404 6616 "-" "Mozilla/5.0 (Linux; Android 6.0.1; Nexus 5X Build/MMB29P) AppleWebKit/537.36 (KHTML, like Gecko) Chrome/109.0.5414.101 Mobile Safari/537.36 (compatible; Googlebot/2.1; +http://www.google.com/bot.html)"
66.249.73.232 - - [12/Feb/2023:08:22:50 +0000] "GET /download/yzq1AxSGj8Y HTTP/1.1" 404 6616 "-" "Mozilla/5.0 (Linux; Android 6.0.1; Nexus 5X Build/MMB29P) AppleWebKit/537.36 (KHTML, like Gecko) Chrome/109.0.5414.101 Mobile Safari/537.36 (compatible; Googlebot/2.1; +http://www.google.com/bot.html)"
66.249.73.232 - - [12/Feb/2023:08:23:34 +0000] "GET /download/SetF11Zn-ek HTTP/1.1" 404 6616 "-" "Mozilla/5.0 (compatible; Googlebot/2.1; +http://www.google.com/bot.html)"
66.249.73.230 - - [12/Feb/2023:08:24:18 +0000] "GET /download/_BSOOTpkKZg HTTP/1.1" 404 6616 "-" "Mozilla/5.0 (compatible; Googlebot/2.1; +http://www.google.com/bot.html)"
66.249.73.232 - - [12/Feb/2023:08:25:03 +0000] "GET /download/_BSOOTpkKZg HTTP/1.1" 404 6622 "-" "Mozilla/5.0 (Linux; Android 6.0.1; Nexus 5X Build/MMB29P) AppleWebKit/537.36 (KHTML, like Gecko) Chrome/109.0.5414.101 Mobile Safari/537.36 (compatible; Googlebot/2.1; +http://www.google.com/bot.html)"
66.249.73.230 - - [12/Feb/2023:08:25:47 +0000] "GET /download/dSnceb5dnto HTTP/1.1" 404 6616 "-" "Mozilla/5.0 (Linux; Android 6.0.1; Nexus 5X Build/MMB29P) AppleWebKit/537.36 (KHTML, like Gecko) Chrome/109.0.5414.101 Mobile Safari/537.36 (compatible; Googlebot/2.1; +http://www.google.com/bot.html)"
66.249.73.234 - - [12/Feb/2023:08:26:31 +0000] "GET /download/dSnceb5dnto HTTP/1.1" 404 6622 "-" "Mozilla/5.0 (compatible; Googlebot/2.1; +http://www.google.com/bot.html)"
66.249.73.234 - - [12/Feb/2023:08:27:15 +0000] "GET /download/n1qD1iRiZuw HTTP/1.1" 404 6616 "-" "Mozilla/5.0 (Linux; Android 6.0.1; Nexus 5X Build/MMB29P) AppleWebKit/537.36 (KHTML, like Gecko) Chrome/109.0.5414.101 Mobile Safari/537.36 (compatible; Googlebot/2.1; +http://www.google.com/bot.html)"
52.167.144.88 - - [12/Feb/2023:08:27:27 +0000] "GET /sitemap.xml HTTP/1.1" 404 6616 "-" "Mozilla/5.0 AppleWebKit/537.36 (KHTML, like Gecko; compatible; bingbot/2.0; +http://www.bing.com/bingbot.htm) Chrome/103.0.5060.134 Safari/537.36"
66.249.73.230 - - [12/Feb/2023:08:28:00 +0000] "GET /download/_laxN7J1_iU HTTP/1.1" 404 6616 "-" "Mozilla/5.0 (compatible; Googlebot/2.1; +http://www.google.com/bot.html)"
66.249.73.230 - - [12/Feb/2023:08:28:44 +0000] "GET /download/n1qD1iRiZuw HTTP/1.1" 404 6616 "-" "Mozilla/5.0 (compatible; Googlebot/2.1; +http://www.google.com/bot.html)"
66.249.73.230 - - [12/Feb/2023:08:29:28 +0000] "GET /download/_laxN7J1_iU HTTP/1.1" 404 6622 "-" "Mozilla/5.0 (Linux; Android 6.0.1; Nexus 5X Build/MMB29P) AppleWebKit/537.36 (KHTML, like Gecko) Chrome/109.0.5414.101 Mobile Safari/537.36 (compatible; Googlebot/2.1; +http://www.google.com/bot.html)"
66.249.73.232 - - [12/Feb/2023:08:30:12 +0000] "GET /download/Q3ra2ExRqEo HTTP/1.1" 404 6616 "-" "Mozilla/5.0 (compatible; Googlebot/2.1; +http://www.google.com/bot.html)"
66.249.73.232 - - [12/Feb/2023:08:30:57 +0000] "GET /download/Q3ra2ExRqEo HTTP/1.1" 404 6622 "-" "Mozilla/5.0 (Linux; Android 6.0.1; Nexus 5X Build/MMB29P) AppleWebKit/537.36 (KHTML, like Gecko) Chrome/109.0.5414.101 Mobile Safari/537.36 (compatible; Googlebot/2.1; +http://www.google.com/bot.html)"
66.249.73.230 - - [12/Feb/2023:08:31:41 +0000] "GET /download/KoV9KPQ43vA HTTP/1.1" 404 6616 "-" "Mozilla/5.0 (Linux; Android 6.0.1; Nexus 5X Build/MMB29P) AppleWebKit/537.36 (KHTML, like Gecko) Chrome/109.0.5414.101 Mobile Safari/537.36 (compatible; Googlebot/2.1; +http://www.google.com/bot.html)"
66.249.73.232 - - [12/Feb/2023:08:32:25 +0000] "GET /download/KoV9KPQ43vA HTTP/1.1" 404 6622 "-" "Mozilla/5.0 (compatible; Googlebot/2.1; +http://www.google.com/bot.html)"
66.249.73.230 - - [12/Feb/2023:08:33:10 +0000] "GET /download/-5MKm36H9eA HTTP/1.1" 404 6622 "-" "Mozilla/5.0 (Linux; Android 6.0.1; Nexus 5X Build/MMB29P) AppleWebKit/537.36 (KHTML, like Gecko) Chrome/109.0.5414.101 Mobile Safari/537.36 (compatible; Googlebot/2.1; +http://www.google.com/bot.html)"
66.249.73.232 - - [12/Feb/2023:08:33:54 +0000] "GET /download/-5MKm36H9eA HTTP/1.1" 404 6622 "-" "Mozilla/5.0 (compatible; Googlebot/2.1; +http://www.google.com/bot.html)"
66.249.73.232 - - [12/Feb/2023:08:34:38 +0000] "GET /download/T0hD3iIc7KY HTTP/1.1" 404 6622 "-" "Mozilla/5.0 (Linux; Android 6.0.1; Nexus 5X Build/MMB29P) AppleWebKit/537.36 (KHTML, like Gecko) Chrome/109.0.5414.101 Mobile Safari/537.36 (compatible; Googlebot/2.1; +http://www.google.com/bot.html)"
66.249.73.232 - - [12/Feb/2023:08:35:22 +0000] "GET /download/T0hD3iIc7KY HTTP/1.1" 404 6622 "-" "Mozilla/5.0 (compatible; Googlebot/2.1; +http://www.google.com/bot.html)"
66.249.73.232 - - [12/Feb/2023:08:36:08 +0000] "GET /download/5OFn7IpeV8o HTTP/1.1" 404 6622 "-" "Mozilla/5.0 (compatible; Googlebot/2.1; +http://www.google.com/bot.html)"
66.249.72.81 - - [12/Feb/2023:08:36:53 +0000] "GET /download/Xztg8blyhPk HTTP/1.1" 404 6616 "-" "Mozilla/5.0 (compatible; Googlebot/2.1; +http://www.google.com/bot.html)"
66.249.73.234 - - [12/Feb/2023:08:37:38 +0000] "GET /download/Xztg8blyhPk HTTP/1.1" 404 6622 "-" "Mozilla/5.0 (Linux; Android 6.0.1; Nexus 5X Build/MMB29P) AppleWebKit/537.36 (KHTML, like Gecko) Chrome/109.0.5414.101 Mobile Safari/537.36 (compatible; Googlebot/2.1; +http://www.google.com/bot.html)"
66.249.73.230 - - [12/Feb/2023:08:38:24 +0000] "GET /download/D1SL2EJJoMU HTTP/1.1" 404 6622 "-" "Mozilla/5.0 (Linux; Android 6.0.1; Nexus 5X Build/MMB29P) AppleWebKit/537.36 (KHTML, like Gecko) Chrome/109.0.5414.101 Mobile Safari/537.36 (compatible; Googlebot/2.1; +http://www.google.com/bot.html)"
66.249.73.234 - - [12/Feb/2023:08:39:09 +0000] "GET /download/D1SL2EJJoMU HTTP/1.1" 404 6622 "-" "Mozilla/5.0 (compatible; Googlebot/2.1; +http://www.google.com/bot.html)"
66.249.73.232 - - [12/Feb/2023:08:39:55 +0000] "GET /download/BCHc5qdSpsE HTTP/1.1" 404 6622 "-" "Mozilla/5.0 (Linux; Android 6.0.1; Nexus 5X Build/MMB29P) AppleWebKit/537.36 (KHTML, like Gecko) Chrome/109.0.5414.101 Mobile Safari/537.36 (compatible; Googlebot/2.1; +http://www.google.com/bot.html)"
66.249.73.232 - - [12/Feb/2023:08:40:40 +0000] "GET /download/BCHc5qdSpsE HTTP/1.1" 404 6622 "-" "Mozilla/5.0 (compatible; Googlebot/2.1; +http://www.google.com/bot.html)"
66.249.73.234 - - [12/Feb/2023:08:41:25 +0000] "GET /download/e_Q9Z8h_xJY HTTP/1.1" 404 6622 "-" "Mozilla/5.0 (Linux; Android 6.0.1; Nexus 5X Build/MMB29P) AppleWebKit/537.36 (KHTML, like Gecko) Chrome/109.0.5414.101 Mobile Safari/537.36 (compatible; Googlebot/2.1; +http://www.google.com/bot.html)"
66.249.73.230 - - [12/Feb/2023:08:42:11 +0000] "GET /download/S-g6Igbj67I HTTP/1.1" 404 6622 "-" "Mozilla/5.0 (Linux; Android 6.0.1; Nexus 5X Build/MMB29P) AppleWebKit/537.36 (KHTML, like Gecko) Chrome/109.0.5414.101 Mobile Safari/537.36 (compatible; Googlebot/2.1; +http://www.google.com/bot.html)"
66.249.73.232 - - [12/Feb/2023:08:42:56 +0000] "GET /download/S-g6Igbj67I HTTP/1.1" 404 6616 "-" "Mozilla/5.0 (compatible; Googlebot/2.1; +http://www.google.com/bot.html)"
66.249.73.230 - - [12/Feb/2023:08:43:41 +0000] "GET /download/zIth16nHU5M HTTP/1.1" 404 6622 "-" "Mozilla/5.0 (Linux; Android 6.0.1; Nexus 5X Build/MMB29P) AppleWebKit/537.36 (KHTML, like Gecko) Chrome/109.0.5414.101 Mobile Safari/537.36 (compatible; Googlebot/2.1; +http://www.google.com/bot.html)"
66.249.73.234 - - [12/Feb/2023:08:44:27 +0000] "GET /download/zIth16nHU5M HTTP/1.1" 404 6616 "-" "Mozilla/5.0 (compatible; Googlebot/2.1; +http://www.google.com/bot.html)"
66.249.73.232 - - [12/Feb/2023:08:45:12 +0000] "GET /download/JimW7NQBpdY HTTP/1.1" 404 6622 "-" "Mozilla/5.0 (Linux; Android 6.0.1; Nexus 5X Build/MMB29P) AppleWebKit/537.36 (KHTML, like Gecko) Chrome/109.0.5414.101 Mobile Safari/537.36 (compatible; Googlebot/2.1; +http://www.google.com/bot.html)"
66.249.73.230 - - [12/Feb/2023:08:45:58 +0000] "GET /download/JimW7NQBpdY HTTP/1.1" 404 6616 "-" "Mozilla/5.0 (compatible; Googlebot/2.1; +http://www.google.com/bot.html)"
66.249.73.234 - - [12/Feb/2023:08:46:43 +0000] "GET /download/6OO0flTKb2M HTTP/1.1" 404 6622 "-" "Mozilla/5.0 (Linux; Android 6.0.1; Nexus 5X Build/MMB29P) AppleWebKit/537.36 (KHTML, like Gecko) Chrome/109.0.5414.101 Mobile Safari/537.36 (compatible; Googlebot/2.1; +http://www.google.com/bot.html)"
66.249.73.230 - - [12/Feb/2023:08:47:28 +0000] "GET /download/RSsOHcLaMkY HTTP/1.1" 404 6616 "-" "Mozilla/5.0 (compatible; Googlebot/2.1; +http://www.google.com/bot.html)"
66.249.73.230 - - [12/Feb/2023:08:48:14 +0000] "GET /download/rwZmzZv4Mo4 HTTP/1.1" 404 6616 "-" "Mozilla/5.0 (Linux; Android 6.0.1; Nexus 5X Build/MMB29P) AppleWebKit/537.36 (KHTML, like Gecko) Chrome/109.0.5414.101 Mobile Safari/537.36 (compatible; Googlebot/2.1; +http://www.google.com/bot.html)"
66.249.73.230 - - [12/Feb/2023:08:48:59 +0000] "GET /download/kHATNQtEMKo HTTP/1.1" 404 6622 "-" "Mozilla/5.0 (Linux; Android 6.0.1; Nexus 5X Build/MMB29P) AppleWebKit/537.36 (KHTML, like Gecko) Chrome/109.0.5414.101 Mobile Safari/537.36 (compatible; Googlebot/2.1; +http://www.google.com/bot.html)"
66.249.73.230 - - [12/Feb/2023:08:49:44 +0000] "GET /download/kHATNQtEMKo HTTP/1.1" 404 6622 "-" "Mozilla/5.0 (compatible; Googlebot/2.1; +http://www.google.com/bot.html)"
66.249.73.230 - - [12/Feb/2023:08:50:30 +0000] "GET /download/EB-KRu-GiKI HTTP/1.1" 404 6622 "-" "Mozilla/5.0 (Linux; Android 6.0.1; Nexus 5X Build/MMB29P) AppleWebKit/537.36 (KHTML, like Gecko) Chrome/109.0.5414.101 Mobile Safari/537.36 (compatible; Googlebot/2.1; +http://www.google.com/bot.html)"
66.249.73.232 - - [12/Feb/2023:08:51:15 +0000] "GET /download/EB-KRu-GiKI HTTP/1.1" 404 6622 "-" "Mozilla/5.0 (compatible; Googlebot/2.1; +http://www.google.com/bot.html)"
66.249.73.232 - - [12/Feb/2023:08:52:00 +0000] "GET /download/5qe3HzWwAwc HTTP/1.1" 404 6616 "-" "Mozilla/5.0 (compatible; Googlebot/2.1; +http://www.google.com/bot.html)"
66.249.73.230 - - [12/Feb/2023:08:52:46 +0000] "GET /download/KrmfCZ6B7CU HTTP/1.1" 404 6622 "-" "Mozilla/5.0 (compatible; Googlebot/2.1; +http://www.google.com/bot.html)"
157.55.39.70 - - [12/Feb/2023:08:53:01 +0000] "GET /in/coco-by-24kgoldn-and-dababy/mamaktuwa HTTP/1.1" 404 6622 "-" "Mozilla/5.0 AppleWebKit/537.36 (KHTML, like Gecko; compatible; bingbot/2.0; +http://www.bing.com/bingbot.htm) Chrome/103.0.5060.134 Safari/537.36"
66.249.73.232 - - [12/Feb/2023:08:53:31 +0000] "GET /download/KrmfCZ6B7CU HTTP/1.1" 404 6616 "-" "Mozilla/5.0 (Linux; Android 6.0.1; Nexus 5X Build/MMB29P) AppleWebKit/537.36 (KHTML, like Gecko) Chrome/109.0.5414.101 Mobile Safari/537.36 (compatible; Googlebot/2.1; +http://www.google.com/bot.html)"
66.249.73.234 - - [12/Feb/2023:08:54:17 +0000] "GET /download/CKR0FRTXSGc HTTP/1.1" 404 6616 "-" "Mozilla/5.0 (compatible; Googlebot/2.1; +http://www.google.com/bot.html)"
66.249.73.230 - - [12/Feb/2023:08:55:02 +0000] "GET /download/6OO0flTKb2M HTTP/1.1" 404 6616 "-" "Mozilla/5.0 (compatible; Googlebot/2.1; +http://www.google.com/bot.html)"
66.249.73.230 - - [12/Feb/2023:08:55:47 +0000] "GET /download/RPEL7KT5bTA HTTP/1.1" 404 6622 "-" "Mozilla/5.0 (compatible; Googlebot/2.1; +http://www.google.com/bot.html)"
66.249.73.230 - - [12/Feb/2023:08:56:33 +0000] "GET /download/AMHWscu_VLM HTTP/1.1" 404 6616 "-" "Mozilla/5.0 (Linux; Android 6.0.1; Nexus 5X Build/MMB29P) AppleWebKit/537.36 (KHTML, like Gecko) Chrome/109.0.5414.101 Mobile Safari/537.36 (compatible; Googlebot/2.1; +http://www.google.com/bot.html)"
66.249.73.232 - - [12/Feb/2023:08:57:18 +0000] "GET /download/KL3Gle0qR0U HTTP/1.1" 404 6622 "-" "Mozilla/5.0 (Linux; Android 6.0.1; Nexus 5X Build/MMB29P) AppleWebKit/537.36 (KHTML, like Gecko) Chrome/109.0.5414.101 Mobile Safari/537.36 (compatible; Googlebot/2.1; +http://www.google.com/bot.html)"
192.155.90.220 - - [12/Feb/2023:08:57:48 +0000] "\x16\x03\x01\x00\x85\x01\x00\x00\x81\x03\x03\xF9\xE4\xCFX4\xDC\xEE\x5C\x94\xAEPyQ\x8F\xB40\xC4\x86\xB6.\xB8\xA3\xA1s\xC1\xFA\x99j\xC7\xF3\x05~\x00\x00 \xC0/\xC00\xC0+\xC0,\xCC\xA8\xCC\xA9\xC0\x13\xC0\x09\xC0\x14\xC0" 400 157 "-" "-"
66.249.73.230 - - [12/Feb/2023:08:58:04 +0000] "GET /download/7kKfUwLxNWc HTTP/1.1" 404 6622 "-" "Mozilla/5.0 (compatible; Googlebot/2.1; +http://www.google.com/bot.html)"
66.249.73.230 - - [12/Feb/2023:08:58:49 +0000] "GET /download/7kKfUwLxNWc HTTP/1.1" 404 6622 "-" "Mozilla/5.0 (Linux; Android 6.0.1; Nexus 5X Build/MMB29P) AppleWebKit/537.36 (KHTML, like Gecko) Chrome/109.0.5414.101 Mobile Safari/537.36 (compatible; Googlebot/2.1; +http://www.google.com/bot.html)"
66.249.73.232 - - [12/Feb/2023:08:59:34 +0000] "GET /download/KL3Gle0qR0U HTTP/1.1" 404 6616 "-" "Mozilla/5.0 (compatible; Googlebot/2.1; +http://www.google.com/bot.html)"
66.249.73.230 - - [12/Feb/2023:09:00:20 +0000] "GET /download/N5m-RmjeXcI HTTP/1.1" 404 6622 "-" "Mozilla/5.0 (compatible; Googlebot/2.1; +http://www.google.com/bot.html)"
66.249.73.230 - - [12/Feb/2023:09:01:05 +0000] "GET /download/5qM3VsQEH6w HTTP/1.1" 404 6622 "-" "Mozilla/5.0 (Linux; Android 6.0.1; Nexus 5X Build/MMB29P) AppleWebKit/537.36 (KHTML, like Gecko) Chrome/109.0.5414.101 Mobile Safari/537.36 (compatible; Googlebot/2.1; +http://www.google.com/bot.html)"
64.252.89.10 - - [12/Feb/2023:09:01:22 +0000] "GET /bangalore/places/places HTTP/1.1" 404 7057 "-" "Amazon CloudFront"
66.249.73.232 - - [12/Feb/2023:09:01:51 +0000] "GET /download/5qM3VsQEH6w HTTP/1.1" 404 6622 "-" "Mozilla/5.0 (compatible; Googlebot/2.1; +http://www.google.com/bot.html)"
66.249.73.234 - - [12/Feb/2023:09:02:36 +0000] "GET /download/NKA3gzENPl0 HTTP/1.1" 404 6622 "-" "Mozilla/5.0 (Linux; Android 6.0.1; Nexus 5X Build/MMB29P) AppleWebKit/537.36 (KHTML, like Gecko) Chrome/109.0.5414.101 Mobile Safari/537.36 (compatible; Googlebot/2.1; +http://www.google.com/bot.html)"
66.249.73.232 - - [12/Feb/2023:09:03:22 +0000] "GET /download/_FvkcktcWko HTTP/1.1" 404 6622 "-" "Mozilla/5.0 (compatible; Googlebot/2.1; +http://www.google.com/bot.html)"
66.249.73.232 - - [12/Feb/2023:09:04:07 +0000] "GET /download/NKA3gzENPl0 HTTP/1.1" 404 6616 "-" "Mozilla/5.0 (compatible; Googlebot/2.1; +http://www.google.com/bot.html)"
66.249.73.230 - - [12/Feb/2023:09:04:52 +0000] "GET /download/_FvkcktcWko HTTP/1.1" 404 6622 "-" "Mozilla/5.0 (Linux; Android 6.0.1; Nexus 5X Build/MMB29P) AppleWebKit/537.36 (KHTML, like Gecko) Chrome/109.0.5414.101 Mobile Safari/537.36 (compatible; Googlebot/2.1; +http://www.google.com/bot.html)"
66.249.73.234 - - [12/Feb/2023:09:05:37 +0000] "GET /download/Q6eOYJSoOcU HTTP/1.1" 404 6616 "-" "Mozilla/5.0 (compatible; Googlebot/2.1; +http://www.google.com/bot.html)"
66.249.73.234 - - [12/Feb/2023:09:06:23 +0000] "GET /download/XiGksUDLLL0 HTTP/1.1" 404 6622 "-" "Mozilla/5.0 (Linux; Android 6.0.1; Nexus 5X Build/MMB29P) AppleWebKit/537.36 (KHTML, like Gecko) Chrome/109.0.5414.101 Mobile Safari/537.36 (compatible; Googlebot/2.1; +http://www.google.com/bot.html)"
66.249.73.234 - - [12/Feb/2023:09:07:08 +0000] "GET /download/XiGksUDLLL0 HTTP/1.1" 404 6622 "-" "Mozilla/5.0 (compatible; Googlebot/2.1; +http://www.google.com/bot.html)"
51.79.29.48 - - [12/Feb/2023:09:07:38 +0000] "POST / HTTP/1.1" 405 885016 "-" "Mozilla/5.0 (X11; Linux x86_64) AppleWebKit/537.36 (KHTML, like Gecko) Chrome/81.0.4044.129 Safari/537.36"
51.79.29.48 - - [12/Feb/2023:09:07:38 +0000] "GET /.env HTTP/1.1" 404 6616 "-" "Mozilla/5.0 (X11; Linux x86_64) AppleWebKit/537.36 (KHTML, like Gecko) Chrome/81.0.4044.129 Safari/537.36"
66.249.73.232 - - [12/Feb/2023:09:07:54 +0000] "GET /download/T_SotQPoiSA HTTP/1.1" 404 6616 "-" "Mozilla/5.0 (Linux; Android 6.0.1; Nexus 5X Build/MMB29P) AppleWebKit/537.36 (KHTML, like Gecko) Chrome/109.0.5414.101 Mobile Safari/537.36 (compatible; Googlebot/2.1; +http://www.google.com/bot.html)"
66.249.73.232 - - [12/Feb/2023:09:08:39 +0000] "GET /download/T_SotQPoiSA HTTP/1.1" 404 6616 "-" "Mozilla/5.0 (compatible; Googlebot/2.1; +http://www.google.com/bot.html)"
66.249.73.230 - - [12/Feb/2023:09:09:24 +0000] "GET /download/gSUuRPI8PaM HTTP/1.1" 404 6616 "-" "Mozilla/5.0 (Linux; Android 6.0.1; Nexus 5X Build/MMB29P) AppleWebKit/537.36 (KHTML, like Gecko) Chrome/109.0.5414.101 Mobile Safari/537.36 (compatible; Googlebot/2.1; +http://www.google.com/bot.html)"
66.249.73.234 - - [12/Feb/2023:09:10:10 +0000] "GET /download/gSUuRPI8PaM HTTP/1.1" 404 6622 "-" "Mozilla/5.0 (compatible; Googlebot/2.1; +http://www.google.com/bot.html)"
66.249.73.230 - - [12/Feb/2023:09:10:55 +0000] "GET /download/imAzejR-czQ HTTP/1.1" 404 6616 "-" "Mozilla/5.0 (compatible; Googlebot/2.1; +http://www.google.com/bot.html)"
66.249.73.232 - - [12/Feb/2023:09:11:40 +0000] "GET /download/PTL9pNicMyo HTTP/1.1" 404 6622 "-" "Mozilla/5.0 (compatible; Googlebot/2.1; +http://www.google.com/bot.html)"
66.249.73.234 - - [12/Feb/2023:09:12:26 +0000] "GET /download/imAzejR-czQ HTTP/1.1" 404 6622 "-" "Mozilla/5.0 (Linux; Android 6.0.1; Nexus 5X Build/MMB29P) AppleWebKit/537.36 (KHTML, like Gecko) Chrome/109.0.5414.101 Mobile Safari/537.36 (compatible; Googlebot/2.1; +http://www.google.com/bot.html)"
66.249.73.230 - - [12/Feb/2023:09:13:11 +0000] "GET /download/4UzTU1LPQvc HTTP/1.1" 404 6616 "-" "Mozilla/5.0 (compatible; Googlebot/2.1; +http://www.google.com/bot.html)"
66.249.73.230 - - [12/Feb/2023:09:13:56 +0000] "GET /download/PTL9pNicMyo HTTP/1.1" 404 6622 "-" "Mozilla/5.0 (Linux; Android 6.0.1; Nexus 5X Build/MMB29P) AppleWebKit/537.36 (KHTML, like Gecko) Chrome/109.0.5414.101 Mobile Safari/537.36 (compatible; Googlebot/2.1; +http://www.google.com/bot.html)"
66.249.73.234 - - [12/Feb/2023:09:14:42 +0000] "GET /download/T0EIZEgTxp0 HTTP/1.1" 404 6616 "-" "Mozilla/5.0 (Linux; Android 6.0.1; Nexus 5X Build/MMB29P) AppleWebKit/537.36 (KHTML, like Gecko) Chrome/109.0.5414.101 Mobile Safari/537.36 (compatible; Googlebot/2.1; +http://www.google.com/bot.html)"
66.249.73.230 - - [12/Feb/2023:09:15:27 +0000] "GET /download/dEn6uMW_M18 HTTP/1.1" 404 6622 "-" "Mozilla/5.0 (Linux; Android 6.0.1; Nexus 5X Build/MMB29P) AppleWebKit/537.36 (KHTML, like Gecko) Chrome/109.0.5414.101 Mobile Safari/537.36 (compatible; Googlebot/2.1; +http://www.google.com/bot.html)"
66.249.73.232 - - [12/Feb/2023:09:16:13 +0000] "GET /download/dEn6uMW_M18 HTTP/1.1" 404 6616 "-" "Mozilla/5.0 (compatible; Googlebot/2.1; +http://www.google.com/bot.html)"
109.237.98.53 - - [12/Feb/2023:09:16:19 +0000] "GET /.env HTTP/1.1" 404 6622 "-" "Mozilla/5.0 (X11; Linux x86_64) AppleWebKit/537.36 (KHTML, like Gecko) Chrome/81.0.4044.129 Safari/537.36"
66.249.73.230 - - [12/Feb/2023:09:16:58 +0000] "GET /download/T0EIZEgTxp0 HTTP/1.1" 404 6622 "-" "Mozilla/5.0 (compatible; Googlebot/2.1; +http://www.google.com/bot.html)"
143.110.222.166 - - [12/Feb/2023:09:17:22 +0000] "GET / HTTP/1.1" 200 18589 "-" "Mozilla/5.0 (iPhone; CPU iPhone OS 16_1 like Mac OS X) AppleWebKit/605.1.15 (KHTML, like Gecko) Version/16.1 Mobile/15E148 Safari/604.1"
66.249.73.232 - - [12/Feb/2023:09:17:43 +0000] "GET /download/2p-C7Oq_0hg HTTP/1.1" 404 6616 "-" "Mozilla/5.0 (compatible; Googlebot/2.1; +http://www.google.com/bot.html)"
66.249.73.232 - - [12/Feb/2023:09:18:29 +0000] "GET /download/2p-C7Oq_0hg HTTP/1.1" 404 6622 "-" "Mozilla/5.0 (Linux; Android 6.0.1; Nexus 5X Build/MMB29P) AppleWebKit/537.36 (KHTML, like Gecko) Chrome/109.0.5414.101 Mobile Safari/537.36 (compatible; Googlebot/2.1; +http://www.google.com/bot.html)"
66.249.73.232 - - [12/Feb/2023:09:19:14 +0000] "GET /download/owqBA4SzN_8 HTTP/1.1" 404 6622 "-" "Mozilla/5.0 (compatible; Googlebot/2.1; +http://www.google.com/bot.html)"
194.87.151.116 - - [12/Feb/2023:09:19:36 +0000] "POST /boaform/admin/formLogin HTTP/1.1" 404 6622 "http://46.101.11.163:80/admin/login.asp" "Mozilla/5.0 (X11; Ubuntu; Linux x86_64; rv:71.0) Gecko/20100101 Firefox/71.0"
194.87.151.116 - - [12/Feb/2023:09:19:36 +0000] "" 400 0 "-" "-"
66.249.73.232 - - [12/Feb/2023:09:19:59 +0000] "GET /download/owqBA4SzN_8 HTTP/1.1" 404 6622 "-" "Mozilla/5.0 (Linux; Android 6.0.1; Nexus 5X Build/MMB29P) AppleWebKit/537.36 (KHTML, like Gecko) Chrome/109.0.5414.101 Mobile Safari/537.36 (compatible; Googlebot/2.1; +http://www.google.com/bot.html)"
152.89.196.211 - - [12/Feb/2023:09:20:12 +0000] "POST /vendor/phpunit/phpunit/src/Util/PHP/eval-stdin.php HTTP/1.1" 404 555 "-" "Mozilla/5.0 (Windows NT 10.0; Win64; x64) AppleWebKit/537.36 (KHTML, like Gecko) Chrome/78.0.3904.108 Safari/537.36"
66.249.73.230 - - [12/Feb/2023:09:20:45 +0000] "GET /download/hfUFoQXBtBU HTTP/1.1" 404 6622 "-" "Mozilla/5.0 (Linux; Android 6.0.1; Nexus 5X Build/MMB29P) AppleWebKit/537.36 (KHTML, like Gecko) Chrome/109.0.5414.101 Mobile Safari/537.36 (compatible; Googlebot/2.1; +http://www.google.com/bot.html)"
52.167.144.91 - - [12/Feb/2023:09:21:11 +0000] "GET /in/rathana-suthraya-gnanadeepa/mamaktuwa HTTP/1.1" 404 6622 "-" "Mozilla/5.0 AppleWebKit/537.36 (KHTML, like Gecko; compatible; bingbot/2.0; +http://www.bing.com/bingbot.htm) Chrome/103.0.5060.134 Safari/537.36"
66.249.73.234 - - [12/Feb/2023:09:21:30 +0000] "GET /download/hfUFoQXBtBU HTTP/1.1" 404 6622 "-" "Mozilla/5.0 (compatible; Googlebot/2.1; +http://www.google.com/bot.html)"
45.9.110.186 - - [12/Feb/2023:09:29:13 +0000] "GET / HTTP/1.1" 200 18574 "-" "Mozilla/5.0 (Macintosh; Intel Mac OS X 10.11; rv:47.0) Gecko/20100101 Firefox/47.0"
45.9.110.186 - - [12/Feb/2023:09:29:13 +0000] "GET / HTTP/1.1" 200 18589 "-" "Mozilla/5.0 (Windows NT 6.1; WOW64) AppleWebKit/537.36 (KHTML, like Gecko) Chrome/63.0.3239.132 Safari/537.36 QIHU 360SE"
45.9.110.186 - - [12/Feb/2023:09:29:14 +0000] "GET /favicon.ico HTTP/1.1" 200 0 "-" "Mozilla/5.0 (Windows NT 6.1; WOW64) AppleWebKit/537.36 (KHTML, like Gecko) Chrome/63.0.3239.132 Safari/537.36 QIHU 360SE"
45.9.110.186 - - [12/Feb/2023:09:29:15 +0000] "GET /robots.txt HTTP/1.1" 200 24 "-" "Mozilla/5.0 (Windows NT 6.1; WOW64) AppleWebKit/537.36 (KHTML, like Gecko) Chrome/63.0.3239.132 Safari/537.36 QIHU 360SE"
152.89.196.211 - - [12/Feb/2023:09:29:57 +0000] "GET /vendor/phpunit/phpunit/src/Util/PHP/eval-stdin.php HTTP/1.1" 404 555 "-" "Mozilla/5.0 (Windows NT 10.0; Win64; x64) AppleWebKit/537.36 (KHTML, like Gecko) Chrome/78.0.3904.108 Safari/537.36"
66.249.73.234 - - [12/Feb/2023:09:32:19 +0000] "GET /in/download-lagu-dj-abee-party/mamaktuwa HTTP/1.1" 404 6622 "-" "Mozilla/5.0 (compatible; Googlebot/2.1; +http://www.google.com/bot.html)"
152.89.196.211 - - [12/Feb/2023:09:36:27 +0000] "GET /solr/admin/info/system?wt=json HTTP/1.1" 404 6622 "-" "Mozilla/5.0 (Windows NT 10.0; Win64; x64) AppleWebKit/537.36 (KHTML, like Gecko) Chrome/78.0.3904.108 Safari/537.36"
152.89.196.211 - - [12/Feb/2023:09:45:03 +0000] "GET /index.php?s=/Index/\x5Cthink\x5Capp/invokefunction&function=call_user_func_array&vars[0]=md5&vars[1][]=HelloThinkPHP21 HTTP/1.1" 200 18574 "-" "Mozilla/5.0 (Windows NT 10.0; Win64; x64) AppleWebKit/537.36 (KHTML, like Gecko) Chrome/78.0.3904.108 Safari/537.36"
52.51.218.89 - - [12/Feb/2023:09:46:10 +0000] "GET / HTTP/1.1" 200 18589 "-" "Mozilla/5.0 (iPad; CPU OS 5_1 like Mac OS X) AppleWebKit/534.46 (KHTML, like Gecko ) Version/5.1 Mobile/9B176 Safari/7534.48.3"
157.55.39.70 - - [12/Feb/2023:09:48:46 +0000] "GET /download/-SSYX8sIOmM HTTP/1.1" 404 6616 "-" "Mozilla/5.0 AppleWebKit/537.36 (KHTML, like Gecko; compatible; bingbot/2.0; +http://www.bing.com/bingbot.htm) Chrome/103.0.5060.134 Safari/537.36"
51.79.29.48 - - [12/Feb/2023:09:53:26 +0000] "POST / HTTP/1.1" 405 885023 "-" "Mozilla/5.0 (X11; Linux x86_64) AppleWebKit/537.36 (KHTML, like Gecko) Chrome/81.0.4044.129 Safari/537.36"
51.79.29.48 - - [12/Feb/2023:09:53:26 +0000] "GET /.env HTTP/1.1" 404 6616 "-" "Mozilla/5.0 (X11; Linux x86_64) AppleWebKit/537.36 (KHTML, like Gecko) Chrome/81.0.4044.129 Safari/537.36"
152.89.196.211 - - [12/Feb/2023:09:54:31 +0000] "GET /?a=fetch&content=<php>die(@md5(HelloThinkCMF))</php> HTTP/1.1" 200 18574 "-" "Mozilla/5.0 (Windows NT 10.0; Win64; x64) AppleWebKit/537.36 (KHTML, like Gecko) Chrome/78.0.3904.108 Safari/537.36"
183.136.225.44 - - [12/Feb/2023:09:56:03 +0000] "GET / HTTP/1.1" 200 18589 "-" "Mozilla/5.0 (Macintosh; Intel Mac OS X 10.11; rv:47.0) Gecko/20100101 Firefox/47.0"
183.136.225.44 - - [12/Feb/2023:09:56:37 +0000] "GET / HTTP/1.1" 200 18590 "-" "Mozilla/5.0 (Windows NT 6.1; WOW64) AppleWebKit/537.36 (KHTML, like Gecko) Chrome/63.0.3239.132 Safari/537.36 QIHU 360SE"
183.136.225.44 - - [12/Feb/2023:09:56:38 +0000] "GET /favicon.ico HTTP/1.1" 200 0 "-" "Mozilla/5.0 (Windows NT 6.1; WOW64) AppleWebKit/537.36 (KHTML, like Gecko) Chrome/63.0.3239.132 Safari/537.36 QIHU 360SE"
183.136.225.44 - - [12/Feb/2023:09:56:39 +0000] "GET /robots.txt HTTP/1.1" 200 24 "-" "Mozilla/5.0 (Windows NT 6.1; WOW64) AppleWebKit/537.36 (KHTML, like Gecko) Chrome/63.0.3239.132 Safari/537.36 QIHU 360SE"
143.110.222.166 - - [12/Feb/2023:09:57:36 +0000] "GET / HTTP/1.1" 200 18589 "-" "Mozilla/5.0 (iPhone; CPU iPhone OS 16_1 like Mac OS X) AppleWebKit/605.1.15 (KHTML, like Gecko) Version/16.1 Mobile/15E148 Safari/604.1"
52.167.144.88 - - [12/Feb/2023:10:12:37 +0000] "GET /sitemap.xml HTTP/1.1" 404 6622 "-" "Mozilla/5.0 AppleWebKit/537.36 (KHTML, like Gecko; compatible; bingbot/2.0; +http://www.bing.com/bingbot.htm) Chrome/103.0.5060.134 Safari/537.36"
152.89.196.211 - - [12/Feb/2023:10:13:24 +0000] "GET /?XDEBUG_SESSION_START=phpstorm HTTP/1.1" 200 18589 "-" "Mozilla/5.0 (Windows NT 10.0; Win64; x64) AppleWebKit/537.36 (KHTML, like Gecko) Chrome/78.0.3904.108 Safari/537.36"
52.167.144.91 - - [12/Feb/2023:10:16:39 +0000] "GET /download/SS-pZHvfRp8 HTTP/1.1" 404 6616 "-" "Mozilla/5.0 AppleWebKit/537.36 (KHTML, like Gecko; compatible; bingbot/2.0; +http://www.bing.com/bingbot.htm) Chrome/103.0.5060.134 Safari/537.36"
66.249.73.234 - - [12/Feb/2023:10:17:19 +0000] "GET /download/IromUxo-xMo HTTP/1.1" 404 6622 "-" "Mozilla/5.0 (Linux; Android 6.0.1; Nexus 5X Build/MMB29P) AppleWebKit/537.36 (KHTML, like Gecko) Chrome/109.0.5414.101 Mobile Safari/537.36 (compatible; Googlebot/2.1; +http://www.google.com/bot.html)"
20.231.13.83 - - [12/Feb/2023:10:17:33 +0000] "GET / HTTP/1.1" 200 18589 "-" "Mozilla/5.0 (Windows NT 10.0; Win64; x64) AppleWebKit/537.36 (KHTML, like Gecko) Chrome/102.0.5005.63 Safari/537.36"
66.249.73.234 - - [12/Feb/2023:10:22:18 +0000] "GET /download/jVmx9eYSwpY HTTP/1.1" 404 6622 "-" "Mozilla/5.0 (Linux; Android 6.0.1; Nexus 5X Build/MMB29P) AppleWebKit/537.36 (KHTML, like Gecko) Chrome/109.0.5414.101 Mobile Safari/537.36 (compatible; Googlebot/2.1; +http://www.google.com/bot.html)"
40.77.167.165 - - [12/Feb/2023:10:22:51 +0000] "GET /download/5rwAMOML8lw HTTP/1.1" 404 6616 "-" "Mozilla/5.0 AppleWebKit/537.36 (KHTML, like Gecko; compatible; bingbot/2.0; +http://www.bing.com/bingbot.htm) Chrome/103.0.5060.134 Safari/537.36"
152.89.196.211 - - [12/Feb/2023:10:28:38 +0000] "GET /console/ HTTP/1.1" 404 6622 "-" "Mozilla/5.0 (Windows NT 10.0; Win64; x64) AppleWebKit/537.36 (KHTML, like Gecko) Chrome/78.0.3904.108 Safari/537.36"
152.89.196.211 - - [12/Feb/2023:10:42:02 +0000] "POST /Autodiscover/Autodiscover.xml HTTP/1.1" 404 6616 "-" "Mozilla/5.0 (Windows NT 10.0; Win64; x64) AppleWebKit/537.36 (KHTML, like Gecko) Chrome/78.0.3904.108 Safari/537.36"
104.43.195.73 - - [12/Feb/2023:10:46:47 +0000] "GET /robots.txt HTTP/1.1" 200 24 "-" "Mozilla/5.0 AppleWebKit/537.36 (KHTML, like Gecko; compatible; bingbot/2.0; +http://www.bing.com/bingbot.htm) Chrome/103.0.5060.134 Safari/537.36"
207.46.13.3 - - [12/Feb/2023:10:46:56 +0000] "GET /download/16voyA9JmkA HTTP/1.1" 404 6616 "-" "Mozilla/5.0 AppleWebKit/537.36 (KHTML, like Gecko; compatible; bingbot/2.0; +http://www.bing.com/bingbot.htm) Chrome/103.0.5060.134 Safari/537.36"
66.249.73.232 - - [12/Feb/2023:10:52:17 +0000] "GET /download/lGCtq_FQmTk HTTP/1.1" 404 6622 "-" "Mozilla/5.0 (Linux; Android 6.0.1; Nexus 5X Build/MMB29P) AppleWebKit/537.36 (KHTML, like Gecko) Chrome/109.0.5414.101 Mobile Safari/537.36 (compatible; Googlebot/2.1; +http://www.google.com/bot.html)"
152.89.196.211 - - [12/Feb/2023:10:52:38 +0000] "GET /_ignition/execute-solution HTTP/1.1" 405 884879 "-" "Mozilla/5.0 (Windows NT 10.0; Win64; x64) AppleWebKit/537.36 (KHTML, like Gecko) Chrome/78.0.3904.108 Safari/537.36"
66.249.73.230 - - [12/Feb/2023:10:53:27 +0000] "GET /download/Th6SXs87iA0 HTTP/1.1" 404 6622 "-" "Mozilla/5.0 (compatible; Googlebot/2.1; +http://www.google.com/bot.html)"
51.79.29.48 - - [12/Feb/2023:10:54:55 +0000] "POST / HTTP/1.1" 405 884831 "-" "Mozilla/5.0 (X11; Linux x86_64) AppleWebKit/537.36 (KHTML, like Gecko) Chrome/81.0.4044.129 Safari/537.36"
51.79.29.48 - - [12/Feb/2023:10:54:55 +0000] "GET /.env HTTP/1.1" 404 6616 "-" "Mozilla/5.0 (X11; Linux x86_64) AppleWebKit/537.36 (KHTML, like Gecko) Chrome/81.0.4044.129 Safari/537.36"
45.79.181.251 - - [12/Feb/2023:10:56:41 +0000] "\x16\x03\x01\x00\x85\x01\x00\x00\x81\x03\x03\xE9\x9C|\x82\x07q]'\x00\xB3\x1C5\xD2\x9C\x09\xC5\x8E2\x9Es\xFD\xC3\xF5\x9A\xA7>\x8DQ\xE1\xA4yr\x00\x00 \xC0/\xC00\xC0+\xC0,\xCC\xA8\xCC\xA9\xC0\x13\xC0\x09\xC0\x14\xC0" 400 157 "-" "-"
23.99.199.204 - - [12/Feb/2023:10:58:13 +0000] "GET /in/blaq-diamond-ft-dumi-mkokstad-messiah-download-mp3-fakaza/mamaktuwa HTTP/1.1" 404 6622 "-" "Mozilla/5.0 AppleWebKit/537.36 (KHTML, like Gecko; compatible; bingbot/2.0; +http://www.bing.com/bingbot.htm) Chrome/103.0.5060.134 Safari/537.36"
