66.249.73.230 - - [11/Feb/2023:21:06:45 +0000] "GET /download/CeCTUPxfGu8 HTTP/1.1" 404 6616 "-" "Mozilla/5.0 (Linux; Android 6.0.1; Nexus 5X Build/MMB29P) AppleWebKit/537.36 (KHTML, like Gecko) Chrome/109.0.5414.101 Mobile Safari/537.36 (compatible; Googlebot/2.1; +http://www.google.com/bot.html)"
66.249.73.232 - - [11/Feb/2023:21:07:01 +0000] "GET /download/mOJ7ZzOCsYo HTTP/1.1" 404 6622 "-" "Mozilla/5.0 (compatible; Googlebot/2.1; +http://www.google.com/bot.html)"
66.249.73.230 - - [11/Feb/2023:21:07:17 +0000] "GET /download/CeCTUPxfGu8 HTTP/1.1" 404 6622 "-" "Mozilla/5.0 (compatible; Googlebot/2.1; +http://www.google.com/bot.html)"
66.249.73.230 - - [11/Feb/2023:21:07:33 +0000] "GET /download/mOJ7ZzOCsYo HTTP/1.1" 404 6616 "-" "Mozilla/5.0 (Linux; Android 6.0.1; Nexus 5X Build/MMB29P) AppleWebKit/537.36 (KHTML, like Gecko) Chrome/109.0.5414.101 Mobile Safari/537.36 (compatible; Googlebot/2.1; +http://www.google.com/bot.html)"
66.249.73.230 - - [11/Feb/2023:21:07:50 +0000] "GET /download/o1s2F_lUlXE HTTP/1.1" 404 6622 "-" "Mozilla/5.0 (compatible; Googlebot/2.1; +http://www.google.com/bot.html)"
66.249.73.232 - - [11/Feb/2023:21:08:06 +0000] "GET /download/lcp96LQaaWE HTTP/1.1" 404 6622 "-" "Mozilla/5.0 (Linux; Android 6.0.1; Nexus 5X Build/MMB29P) AppleWebKit/537.36 (KHTML, like Gecko) Chrome/109.0.5414.101 Mobile Safari/537.36 (compatible; Googlebot/2.1; +http://www.google.com/bot.html)"
66.249.73.232 - - [11/Feb/2023:21:08:22 +0000] "GET /download/lcp96LQaaWE HTTP/1.1" 404 6616 "-" "Mozilla/5.0 (compatible; Googlebot/2.1; +http://www.google.com/bot.html)"
66.249.73.230 - - [11/Feb/2023:21:08:38 +0000] "GET /download/0yU8DO51-Yo HTTP/1.1" 404 6616 "-" "Mozilla/5.0 (Linux; Android 6.0.1; Nexus 5X Build/MMB29P) AppleWebKit/537.36 (KHTML, like Gecko) Chrome/109.0.5414.101 Mobile Safari/537.36 (compatible; Googlebot/2.1; +http://www.google.com/bot.html)"
66.249.73.230 - - [11/Feb/2023:21:08:55 +0000] "GET /download/T3q1x4cObYM HTTP/1.1" 404 6622 "-" "Mozilla/5.0 (compatible; Googlebot/2.1; +http://www.google.com/bot.html)"
66.249.73.232 - - [11/Feb/2023:21:09:11 +0000] "GET /download/T3q1x4cObYM HTTP/1.1" 404 6622 "-" "Mozilla/5.0 (Linux; Android 6.0.1; Nexus 5X Build/MMB29P) AppleWebKit/537.36 (KHTML, like Gecko) Chrome/109.0.5414.101 Mobile Safari/537.36 (compatible; Googlebot/2.1; +http://www.google.com/bot.html)"
66.249.73.232 - - [11/Feb/2023:21:09:27 +0000] "GET /download/buCr_DyGYes HTTP/1.1" 404 6622 "-" "Mozilla/5.0 (Linux; Android 6.0.1; Nexus 5X Build/MMB29P) AppleWebKit/537.36 (KHTML, like Gecko) Chrome/109.0.5414.101 Mobile Safari/537.36 (compatible; Googlebot/2.1; +http://www.google.com/bot.html)"
66.249.73.230 - - [11/Feb/2023:21:09:43 +0000] "GET /download/gBtcgv2-Wyc HTTP/1.1" 404 6622 "-" "Mozilla/5.0 (compatible; Googlebot/2.1; +http://www.google.com/bot.html)"
66.249.73.230 - - [11/Feb/2023:21:10:00 +0000] "GET /download/M8tDroNVB2M HTTP/1.1" 404 6622 "-" "Mozilla/5.0 (Linux; Android 6.0.1; Nexus 5X Build/MMB29P) AppleWebKit/537.36 (KHTML, like Gecko) Chrome/109.0.5414.101 Mobile Safari/537.36 (compatible; Googlebot/2.1; +http://www.google.com/bot.html)"
66.249.73.230 - - [11/Feb/2023:21:10:16 +0000] "GET /download/M8tDroNVB2M HTTP/1.1" 404 6622 "-" "Mozilla/5.0 (compatible; Googlebot/2.1; +http://www.google.com/bot.html)"
66.249.73.230 - - [11/Feb/2023:21:10:32 +0000] "GET /download/CzNV2ut2VsA HTTP/1.1" 404 6622 "-" "Mozilla/5.0 (compatible; Googlebot/2.1; +http://www.google.com/bot.html)"
66.249.73.230 - - [11/Feb/2023:21:10:48 +0000] "GET /download/gBtcgv2-Wyc HTTP/1.1" 404 6622 "-" "Mozilla/5.0 (Linux; Android 6.0.1; Nexus 5X Build/MMB29P) AppleWebKit/537.36 (KHTML, like Gecko) Chrome/109.0.5414.101 Mobile Safari/537.36 (compatible; Googlebot/2.1; +http://www.google.com/bot.html)"
66.249.73.234 - - [11/Feb/2023:21:11:05 +0000] "GET /download/CzNV2ut2VsA HTTP/1.1" 404 6622 "-" "Mozilla/5.0 (Linux; Android 6.0.1; Nexus 5X Build/MMB29P) AppleWebKit/537.36 (KHTML, like Gecko) Chrome/109.0.5414.101 Mobile Safari/537.36 (compatible; Googlebot/2.1; +http://www.google.com/bot.html)"
66.249.73.232 - - [11/Feb/2023:21:11:21 +0000] "GET /download/FCXKISQufUY HTTP/1.1" 404 6622 "-" "Mozilla/5.0 (Linux; Android 6.0.1; Nexus 5X Build/MMB29P) AppleWebKit/537.36 (KHTML, like Gecko) Chrome/109.0.5414.101 Mobile Safari/537.36 (compatible; Googlebot/2.1; +http://www.google.com/bot.html)"
66.249.73.230 - - [11/Feb/2023:21:11:37 +0000] "GET /download/FCXKISQufUY HTTP/1.1" 404 6622 "-" "Mozilla/5.0 (compatible; Googlebot/2.1; +http://www.google.com/bot.html)"
66.249.73.230 - - [11/Feb/2023:21:11:53 +0000] "GET /download/GtODuf2GRqg HTTP/1.1" 404 6622 "-" "Mozilla/5.0 (Linux; Android 6.0.1; Nexus 5X Build/MMB29P) AppleWebKit/537.36 (KHTML, like Gecko) Chrome/109.0.5414.101 Mobile Safari/537.36 (compatible; Googlebot/2.1; +http://www.google.com/bot.html)"
66.249.73.234 - - [11/Feb/2023:21:12:09 +0000] "GET /download/tfnGrH-ELi0 HTTP/1.1" 404 6616 "-" "Mozilla/5.0 (compatible; Googlebot/2.1; +http://www.google.com/bot.html)"
66.249.73.230 - - [11/Feb/2023:21:12:26 +0000] "GET /download/GtODuf2GRqg HTTP/1.1" 404 6616 "-" "Mozilla/5.0 (compatible; Googlebot/2.1; +http://www.google.com/bot.html)"
66.249.73.230 - - [11/Feb/2023:21:12:42 +0000] "GET /download/zfGwLkpBY5k HTTP/1.1" 404 6616 "-" "Mozilla/5.0 (Linux; Android 6.0.1; Nexus 5X Build/MMB29P) AppleWebKit/537.36 (KHTML, like Gecko) Chrome/109.0.5414.101 Mobile Safari/537.36 (compatible; Googlebot/2.1; +http://www.google.com/bot.html)"
66.249.73.230 - - [11/Feb/2023:21:12:58 +0000] "GET /download/xDM_XyPg92U HTTP/1.1" 404 6616 "-" "Mozilla/5.0 (compatible; Googlebot/2.1; +http://www.google.com/bot.html)"
66.249.73.232 - - [11/Feb/2023:21:13:14 +0000] "GET /download/zfGwLkpBY5k HTTP/1.1" 404 6622 "-" "Mozilla/5.0 (compatible; Googlebot/2.1; +http://www.google.com/bot.html)"
66.249.73.230 - - [11/Feb/2023:21:13:31 +0000] "GET /download/xDM_XyPg92U HTTP/1.1" 404 6622 "-" "Mozilla/5.0 (Linux; Android 6.0.1; Nexus 5X Build/MMB29P) AppleWebKit/537.36 (KHTML, like Gecko) Chrome/109.0.5414.101 Mobile Safari/537.36 (compatible; Googlebot/2.1; +http://www.google.com/bot.html)"
66.249.73.230 - - [11/Feb/2023:21:13:47 +0000] "GET /download/HUc-LLgYYws HTTP/1.1" 404 6622 "-" "Mozilla/5.0 (compatible; Googlebot/2.1; +http://www.google.com/bot.html)"
66.249.73.230 - - [11/Feb/2023:21:14:03 +0000] "GET /download/HUc-LLgYYws HTTP/1.1" 404 6622 "-" "Mozilla/5.0 (Linux; Android 6.0.1; Nexus 5X Build/MMB29P) AppleWebKit/537.36 (KHTML, like Gecko) Chrome/109.0.5414.101 Mobile Safari/537.36 (compatible; Googlebot/2.1; +http://www.google.com/bot.html)"
66.249.73.230 - - [11/Feb/2023:21:14:19 +0000] "GET /download/6ZEkkl3sC0U HTTP/1.1" 404 6622 "-" "Mozilla/5.0 (Linux; Android 6.0.1; Nexus 5X Build/MMB29P) AppleWebKit/537.36 (KHTML, like Gecko) Chrome/109.0.5414.101 Mobile Safari/537.36 (compatible; Googlebot/2.1; +http://www.google.com/bot.html)"
66.249.73.230 - - [11/Feb/2023:21:14:35 +0000] "GET /download/6ZEkkl3sC0U HTTP/1.1" 404 6622 "-" "Mozilla/5.0 (compatible; Googlebot/2.1; +http://www.google.com/bot.html)"
66.249.73.230 - - [11/Feb/2023:21:14:52 +0000] "GET /download/eK0iBOzJSWQ HTTP/1.1" 404 6622 "-" "Mozilla/5.0 (Linux; Android 6.0.1; Nexus 5X Build/MMB29P) AppleWebKit/537.36 (KHTML, like Gecko) Chrome/109.0.5414.101 Mobile Safari/537.36 (compatible; Googlebot/2.1; +http://www.google.com/bot.html)"
66.249.73.230 - - [11/Feb/2023:21:15:08 +0000] "GET /download/-mbS2tqOcf8 HTTP/1.1" 404 6622 "-" "Mozilla/5.0 (Linux; Android 6.0.1; Nexus 5X Build/MMB29P) AppleWebKit/537.36 (KHTML, like Gecko) Chrome/109.0.5414.101 Mobile Safari/537.36 (compatible; Googlebot/2.1; +http://www.google.com/bot.html)"
66.249.73.230 - - [11/Feb/2023:21:15:24 +0000] "GET /download/KtizLIZCyo0 HTTP/1.1" 404 6622 "-" "Mozilla/5.0 (Linux; Android 6.0.1; Nexus 5X Build/MMB29P) AppleWebKit/537.36 (KHTML, like Gecko) Chrome/109.0.5414.101 Mobile Safari/537.36 (compatible; Googlebot/2.1; +http://www.google.com/bot.html)"
66.249.73.230 - - [11/Feb/2023:21:15:40 +0000] "GET /download/-mbS2tqOcf8 HTTP/1.1" 404 6622 "-" "Mozilla/5.0 (compatible; Googlebot/2.1; +http://www.google.com/bot.html)"
66.249.73.230 - - [11/Feb/2023:21:15:57 +0000] "GET /download/gbuBMiDRBLg HTTP/1.1" 404 6622 "-" "Mozilla/5.0 (Linux; Android 6.0.1; Nexus 5X Build/MMB29P) AppleWebKit/537.36 (KHTML, like Gecko) Chrome/109.0.5414.101 Mobile Safari/537.36 (compatible; Googlebot/2.1; +http://www.google.com/bot.html)"
66.249.73.232 - - [11/Feb/2023:21:16:13 +0000] "GET /download/gbuBMiDRBLg HTTP/1.1" 404 6622 "-" "Mozilla/5.0 (compatible; Googlebot/2.1; +http://www.google.com/bot.html)"
66.249.73.232 - - [11/Feb/2023:21:16:29 +0000] "GET /download/03dLtoPvzDU HTTP/1.1" 404 6622 "-" "Mozilla/5.0 (Linux; Android 6.0.1; Nexus 5X Build/MMB29P) AppleWebKit/537.36 (KHTML, like Gecko) Chrome/109.0.5414.101 Mobile Safari/537.36 (compatible; Googlebot/2.1; +http://www.google.com/bot.html)"
66.249.73.230 - - [11/Feb/2023:21:16:45 +0000] "GET /download/D6degg4zaoQ HTTP/1.1" 404 6622 "-" "Mozilla/5.0 (Linux; Android 6.0.1; Nexus 5X Build/MMB29P) AppleWebKit/537.36 (KHTML, like Gecko) Chrome/109.0.5414.101 Mobile Safari/537.36 (compatible; Googlebot/2.1; +http://www.google.com/bot.html)"
66.249.73.230 - - [11/Feb/2023:21:17:02 +0000] "GET /download/mbk6rxD3Oig HTTP/1.1" 404 6622 "-" "Mozilla/5.0 (compatible; Googlebot/2.1; +http://www.google.com/bot.html)"
66.249.73.230 - - [11/Feb/2023:21:17:18 +0000] "GET /download/gRUJkME7_Us HTTP/1.1" 404 6622 "-" "Mozilla/5.0 (Linux; Android 6.0.1; Nexus 5X Build/MMB29P) AppleWebKit/537.36 (KHTML, like Gecko) Chrome/109.0.5414.101 Mobile Safari/537.36 (compatible; Googlebot/2.1; +http://www.google.com/bot.html)"
66.249.73.230 - - [11/Feb/2023:21:17:34 +0000] "GET /download/mbk6rxD3Oig HTTP/1.1" 404 6622 "-" "Mozilla/5.0 (Linux; Android 6.0.1; Nexus 5X Build/MMB29P) AppleWebKit/537.36 (KHTML, like Gecko) Chrome/109.0.5414.101 Mobile Safari/537.36 (compatible; Googlebot/2.1; +http://www.google.com/bot.html)"
66.249.73.230 - - [11/Feb/2023:21:17:50 +0000] "GET /download/uFEK4fpYOS4 HTTP/1.1" 404 6622 "-" "Mozilla/5.0 (compatible; Googlebot/2.1; +http://www.google.com/bot.html)"
66.249.73.232 - - [11/Feb/2023:21:18:07 +0000] "GET /download/uFEK4fpYOS4 HTTP/1.1" 404 6622 "-" "Mozilla/5.0 (Linux; Android 6.0.1; Nexus 5X Build/MMB29P) AppleWebKit/537.36 (KHTML, like Gecko) Chrome/109.0.5414.101 Mobile Safari/537.36 (compatible; Googlebot/2.1; +http://www.google.com/bot.html)"
66.249.73.230 - - [11/Feb/2023:21:18:23 +0000] "GET /download/5tCQaoaHNy0 HTTP/1.1" 404 6616 "-" "Mozilla/5.0 (compatible; Googlebot/2.1; +http://www.google.com/bot.html)"
66.249.73.230 - - [11/Feb/2023:21:18:39 +0000] "GET /download/DQKHZKuUg5I HTTP/1.1" 404 6622 "-" "Mozilla/5.0 (compatible; Googlebot/2.1; +http://www.google.com/bot.html)"
66.249.73.230 - - [11/Feb/2023:21:18:55 +0000] "GET /download/DQKHZKuUg5I HTTP/1.1" 404 6616 "-" "Mozilla/5.0 (Linux; Android 6.0.1; Nexus 5X Build/MMB29P) AppleWebKit/537.36 (KHTML, like Gecko) Chrome/109.0.5414.101 Mobile Safari/537.36 (compatible; Googlebot/2.1; +http://www.google.com/bot.html)"
66.249.73.232 - - [11/Feb/2023:21:19:12 +0000] "GET /download/5tCQaoaHNy0 HTTP/1.1" 404 6622 "-" "Mozilla/5.0 (Linux; Android 6.0.1; Nexus 5X Build/MMB29P) AppleWebKit/537.36 (KHTML, like Gecko) Chrome/109.0.5414.101 Mobile Safari/537.36 (compatible; Googlebot/2.1; +http://www.google.com/bot.html)"
66.249.73.232 - - [11/Feb/2023:21:19:28 +0000] "GET /download/1rfd_dUludQ HTTP/1.1" 404 6616 "-" "Mozilla/5.0 (Linux; Android 6.0.1; Nexus 5X Build/MMB29P) AppleWebKit/537.36 (KHTML, like Gecko) Chrome/109.0.5414.101 Mobile Safari/537.36 (compatible; Googlebot/2.1; +http://www.google.com/bot.html)"
66.249.73.230 - - [11/Feb/2023:21:19:44 +0000] "GET /download/umXksRfYLcU HTTP/1.1" 404 6622 "-" "Mozilla/5.0 (Linux; Android 6.0.1; Nexus 5X Build/MMB29P) AppleWebKit/537.36 (KHTML, like Gecko) Chrome/109.0.5414.101 Mobile Safari/537.36 (compatible; Googlebot/2.1; +http://www.google.com/bot.html)"
66.249.73.230 - - [11/Feb/2023:21:20:00 +0000] "GET /download/umXksRfYLcU HTTP/1.1" 404 6622 "-" "Mozilla/5.0 (compatible; Googlebot/2.1; +http://www.google.com/bot.html)"
66.249.73.232 - - [11/Feb/2023:21:20:17 +0000] "GET /download/mBeD9x_36Rk HTTP/1.1" 404 6622 "-" "Mozilla/5.0 (Linux; Android 6.0.1; Nexus 5X Build/MMB29P) AppleWebKit/537.36 (KHTML, like Gecko) Chrome/109.0.5414.101 Mobile Safari/537.36 (compatible; Googlebot/2.1; +http://www.google.com/bot.html)"
66.249.73.230 - - [11/Feb/2023:21:20:33 +0000] "GET /download/mBeD9x_36Rk HTTP/1.1" 404 6616 "-" "Mozilla/5.0 (compatible; Googlebot/2.1; +http://www.google.com/bot.html)"
66.249.73.230 - - [11/Feb/2023:21:20:49 +0000] "GET /download/inwoZWGZ0IU HTTP/1.1" 404 6622 "-" "Mozilla/5.0 (Linux; Android 6.0.1; Nexus 5X Build/MMB29P) AppleWebKit/537.36 (KHTML, like Gecko) Chrome/109.0.5414.101 Mobile Safari/537.36 (compatible; Googlebot/2.1; +http://www.google.com/bot.html)"
66.249.73.230 - - [11/Feb/2023:21:21:05 +0000] "GET /download/inwoZWGZ0IU HTTP/1.1" 404 6622 "-" "Mozilla/5.0 (compatible; Googlebot/2.1; +http://www.google.com/bot.html)"
66.249.73.232 - - [11/Feb/2023:21:21:21 +0000] "GET /download/qwyXX3-vIR4 HTTP/1.1" 404 6622 "-" "Mozilla/5.0 (Linux; Android 6.0.1; Nexus 5X Build/MMB29P) AppleWebKit/537.36 (KHTML, like Gecko) Chrome/109.0.5414.101 Mobile Safari/537.36 (compatible; Googlebot/2.1; +http://www.google.com/bot.html)"
66.249.73.230 - - [11/Feb/2023:21:21:38 +0000] "GET /download/qwyXX3-vIR4 HTTP/1.1" 404 6622 "-" "Mozilla/5.0 (compatible; Googlebot/2.1; +http://www.google.com/bot.html)"
66.249.73.230 - - [11/Feb/2023:21:21:54 +0000] "GET /download/DG5Om81IFZU HTTP/1.1" 404 6622 "-" "Mozilla/5.0 (compatible; Googlebot/2.1; +http://www.google.com/bot.html)"
66.249.73.232 - - [11/Feb/2023:21:22:10 +0000] "GET /download/DG5Om81IFZU HTTP/1.1" 404 6616 "-" "Mozilla/5.0 (Linux; Android 6.0.1; Nexus 5X Build/MMB29P) AppleWebKit/537.36 (KHTML, like Gecko) Chrome/109.0.5414.101 Mobile Safari/537.36 (compatible; Googlebot/2.1; +http://www.google.com/bot.html)"
66.249.73.230 - - [11/Feb/2023:21:22:26 +0000] "GET /download/kpjkByhoHks HTTP/1.1" 404 6622 "-" "Mozilla/5.0 (Linux; Android 6.0.1; Nexus 5X Build/MMB29P) AppleWebKit/537.36 (KHTML, like Gecko) Chrome/109.0.5414.101 Mobile Safari/537.36 (compatible; Googlebot/2.1; +http://www.google.com/bot.html)"
66.249.73.230 - - [11/Feb/2023:21:22:43 +0000] "GET /download/kpjkByhoHks HTTP/1.1" 404 6622 "-" "Mozilla/5.0 (compatible; Googlebot/2.1; +http://www.google.com/bot.html)"
66.249.73.230 - - [11/Feb/2023:21:22:59 +0000] "GET /download/jLXPqJlOFaQ HTTP/1.1" 404 6616 "-" "Mozilla/5.0 (compatible; Googlebot/2.1; +http://www.google.com/bot.html)"
66.249.73.234 - - [11/Feb/2023:21:23:15 +0000] "GET /download/jLXPqJlOFaQ HTTP/1.1" 404 6616 "-" "Mozilla/5.0 (Linux; Android 6.0.1; Nexus 5X Build/MMB29P) AppleWebKit/537.36 (KHTML, like Gecko) Chrome/109.0.5414.101 Mobile Safari/537.36 (compatible; Googlebot/2.1; +http://www.google.com/bot.html)"
66.249.73.232 - - [11/Feb/2023:21:23:31 +0000] "GET /download/T5skSBWE7Uo HTTP/1.1" 404 6622 "-" "Mozilla/5.0 (compatible; Googlebot/2.1; +http://www.google.com/bot.html)"
66.249.73.230 - - [11/Feb/2023:21:23:48 +0000] "GET /download/T5skSBWE7Uo HTTP/1.1" 404 6616 "-" "Mozilla/5.0 (Linux; Android 6.0.1; Nexus 5X Build/MMB29P) AppleWebKit/537.36 (KHTML, like Gecko) Chrome/109.0.5414.101 Mobile Safari/537.36 (compatible; Googlebot/2.1; +http://www.google.com/bot.html)"
66.249.73.234 - - [11/Feb/2023:21:24:04 +0000] "GET /download/3ACmT5GsX9w HTTP/1.1" 404 6622 "-" "Mozilla/5.0 (Linux; Android 6.0.1; Nexus 5X Build/MMB29P) AppleWebKit/537.36 (KHTML, like Gecko) Chrome/109.0.5414.101 Mobile Safari/537.36 (compatible; Googlebot/2.1; +http://www.google.com/bot.html)"
66.249.73.230 - - [11/Feb/2023:21:24:20 +0000] "GET /download/3ACmT5GsX9w HTTP/1.1" 404 6622 "-" "Mozilla/5.0 (compatible; Googlebot/2.1; +http://www.google.com/bot.html)"
66.249.73.230 - - [11/Feb/2023:21:24:36 +0000] "GET /download/OkhrhNv-4D8 HTTP/1.1" 404 6622 "-" "Mozilla/5.0 (compatible; Googlebot/2.1; +http://www.google.com/bot.html)"
66.249.73.230 - - [11/Feb/2023:21:24:53 +0000] "GET /download/OkhrhNv-4D8 HTTP/1.1" 404 6622 "-" "Mozilla/5.0 (Linux; Android 6.0.1; Nexus 5X Build/MMB29P) AppleWebKit/537.36 (KHTML, like Gecko) Chrome/109.0.5414.101 Mobile Safari/537.36 (compatible; Googlebot/2.1; +http://www.google.com/bot.html)"
66.249.73.230 - - [11/Feb/2023:21:25:09 +0000] "GET /download/Z-Ueadcx1ys HTTP/1.1" 404 6622 "-" "Mozilla/5.0 (Linux; Android 6.0.1; Nexus 5X Build/MMB29P) AppleWebKit/537.36 (KHTML, like Gecko) Chrome/109.0.5414.101 Mobile Safari/537.36 (compatible; Googlebot/2.1; +http://www.google.com/bot.html)"
66.249.73.230 - - [11/Feb/2023:21:25:25 +0000] "GET /download/Z-Ueadcx1ys HTTP/1.1" 404 6616 "-" "Mozilla/5.0 (compatible; Googlebot/2.1; +http://www.google.com/bot.html)"
66.249.73.230 - - [11/Feb/2023:21:25:41 +0000] "GET /download/WcofUJgOcmQ HTTP/1.1" 404 6622 "-" "Mozilla/5.0 (Linux; Android 6.0.1; Nexus 5X Build/MMB29P) AppleWebKit/537.36 (KHTML, like Gecko) Chrome/109.0.5414.101 Mobile Safari/537.36 (compatible; Googlebot/2.1; +http://www.google.com/bot.html)"
66.249.73.230 - - [11/Feb/2023:21:25:58 +0000] "GET /download/WcofUJgOcmQ HTTP/1.1" 404 6616 "-" "Mozilla/5.0 (compatible; Googlebot/2.1; +http://www.google.com/bot.html)"
66.249.73.230 - - [11/Feb/2023:21:26:14 +0000] "GET /download/-xZbk8HRIOY HTTP/1.1" 404 6622 "-" "Mozilla/5.0 (Linux; Android 6.0.1; Nexus 5X Build/MMB29P) AppleWebKit/537.36 (KHTML, like Gecko) Chrome/109.0.5414.101 Mobile Safari/537.36 (compatible; Googlebot/2.1; +http://www.google.com/bot.html)"
66.249.73.230 - - [11/Feb/2023:21:26:30 +0000] "GET /download/-xZbk8HRIOY HTTP/1.1" 404 6616 "-" "Mozilla/5.0 (compatible; Googlebot/2.1; +http://www.google.com/bot.html)"
66.249.73.230 - - [11/Feb/2023:21:26:46 +0000] "GET /download/AIeyyDEZQhI HTTP/1.1" 404 6616 "-" "Mozilla/5.0 (Linux; Android 6.0.1; Nexus 5X Build/MMB29P) AppleWebKit/537.36 (KHTML, like Gecko) Chrome/109.0.5414.101 Mobile Safari/537.36 (compatible; Googlebot/2.1; +http://www.google.com/bot.html)"
66.249.73.234 - - [11/Feb/2023:21:27:03 +0000] "GET /download/AIeyyDEZQhI HTTP/1.1" 404 6622 "-" "Mozilla/5.0 (compatible; Googlebot/2.1; +http://www.google.com/bot.html)"
66.249.73.230 - - [11/Feb/2023:21:27:19 +0000] "GET /download/gbUANzFBL0o HTTP/1.1" 404 6622 "-" "Mozilla/5.0 (compatible; Googlebot/2.1; +http://www.google.com/bot.html)"
66.249.73.230 - - [11/Feb/2023:21:27:35 +0000] "GET /download/gbUANzFBL0o HTTP/1.1" 404 6616 "-" "Mozilla/5.0 (Linux; Android 6.0.1; Nexus 5X Build/MMB29P) AppleWebKit/537.36 (KHTML, like Gecko) Chrome/109.0.5414.101 Mobile Safari/537.36 (compatible; Googlebot/2.1; +http://www.google.com/bot.html)"
66.249.73.230 - - [11/Feb/2023:21:27:51 +0000] "GET /download/0Wf5xU1ha_E HTTP/1.1" 404 6622 "-" "Mozilla/5.0 (Linux; Android 6.0.1; Nexus 5X Build/MMB29P) AppleWebKit/537.36 (KHTML, like Gecko) Chrome/109.0.5414.101 Mobile Safari/537.36 (compatible; Googlebot/2.1; +http://www.google.com/bot.html)"
183.136.225.32 - - [11/Feb/2023:21:28:05 +0000] "GET / HTTP/1.1" 200 18590 "-" "Mozilla/5.0 (Macintosh; Intel Mac OS X 10.11; rv:47.0) Gecko/20100101 Firefox/47.0"
66.249.73.234 - - [11/Feb/2023:21:28:07 +0000] "GET /download/0Wf5xU1ha_E HTTP/1.1" 404 6616 "-" "Mozilla/5.0 (compatible; Googlebot/2.1; +http://www.google.com/bot.html)"
66.249.73.230 - - [11/Feb/2023:21:28:24 +0000] "GET /download/UZ2ewwODIMg HTTP/1.1" 404 6616 "-" "Mozilla/5.0 (compatible; Googlebot/2.1; +http://www.google.com/bot.html)"
66.249.73.230 - - [11/Feb/2023:21:28:40 +0000] "GET /download/dcJ6caWzZEE HTTP/1.1" 404 6616 "-" "Mozilla/5.0 (Linux; Android 6.0.1; Nexus 5X Build/MMB29P) AppleWebKit/537.36 (KHTML, like Gecko) Chrome/109.0.5414.101 Mobile Safari/537.36 (compatible; Googlebot/2.1; +http://www.google.com/bot.html)"
66.249.73.230 - - [11/Feb/2023:21:28:56 +0000] "GET /download/dcJ6caWzZEE HTTP/1.1" 404 6622 "-" "Mozilla/5.0 (compatible; Googlebot/2.1; +http://www.google.com/bot.html)"
66.249.73.230 - - [11/Feb/2023:21:29:12 +0000] "GET /download/sDGo1DpKHr0 HTTP/1.1" 404 6622 "-" "Mozilla/5.0 (Linux; Android 6.0.1; Nexus 5X Build/MMB29P) AppleWebKit/537.36 (KHTML, like Gecko) Chrome/109.0.5414.101 Mobile Safari/537.36 (compatible; Googlebot/2.1; +http://www.google.com/bot.html)"
66.249.73.232 - - [11/Feb/2023:21:29:29 +0000] "GET /download/sDGo1DpKHr0 HTTP/1.1" 404 6622 "-" "Mozilla/5.0 (compatible; Googlebot/2.1; +http://www.google.com/bot.html)"
66.249.73.230 - - [11/Feb/2023:21:29:45 +0000] "GET /download/abHIP_XYTvw HTTP/1.1" 404 6622 "-" "Mozilla/5.0 (Linux; Android 6.0.1; Nexus 5X Build/MMB29P) AppleWebKit/537.36 (KHTML, like Gecko) Chrome/109.0.5414.101 Mobile Safari/537.36 (compatible; Googlebot/2.1; +http://www.google.com/bot.html)"
66.249.73.234 - - [11/Feb/2023:21:30:01 +0000] "GET /download/abHIP_XYTvw HTTP/1.1" 404 6616 "-" "Mozilla/5.0 (compatible; Googlebot/2.1; +http://www.google.com/bot.html)"
66.249.73.230 - - [11/Feb/2023:21:30:17 +0000] "GET /download/UTqcK3vcwhA HTTP/1.1" 404 6622 "-" "Mozilla/5.0 (Linux; Android 6.0.1; Nexus 5X Build/MMB29P) AppleWebKit/537.36 (KHTML, like Gecko) Chrome/109.0.5414.101 Mobile Safari/537.36 (compatible; Googlebot/2.1; +http://www.google.com/bot.html)"
66.249.73.230 - - [11/Feb/2023:21:30:34 +0000] "GET /download/UTqcK3vcwhA HTTP/1.1" 404 6616 "-" "Mozilla/5.0 (compatible; Googlebot/2.1; +http://www.google.com/bot.html)"
66.249.73.230 - - [11/Feb/2023:21:30:50 +0000] "GET /download/aiiu-17IaMY HTTP/1.1" 404 6616 "-" "Mozilla/5.0 (Linux; Android 6.0.1; Nexus 5X Build/MMB29P) AppleWebKit/537.36 (KHTML, like Gecko) Chrome/109.0.5414.101 Mobile Safari/537.36 (compatible; Googlebot/2.1; +http://www.google.com/bot.html)"
66.249.73.230 - - [11/Feb/2023:21:31:06 +0000] "GET /download/aiiu-17IaMY HTTP/1.1" 404 6622 "-" "Mozilla/5.0 (compatible; Googlebot/2.1; +http://www.google.com/bot.html)"
66.249.73.232 - - [11/Feb/2023:21:31:22 +0000] "GET /download/ADulzLf2Nww HTTP/1.1" 404 6616 "-" "Mozilla/5.0 (Linux; Android 6.0.1; Nexus 5X Build/MMB29P) AppleWebKit/537.36 (KHTML, like Gecko) Chrome/109.0.5414.101 Mobile Safari/537.36 (compatible; Googlebot/2.1; +http://www.google.com/bot.html)"
66.249.73.230 - - [11/Feb/2023:21:31:39 +0000] "GET /download/ADulzLf2Nww HTTP/1.1" 404 6622 "-" "Mozilla/5.0 (compatible; Googlebot/2.1; +http://www.google.com/bot.html)"
66.249.73.230 - - [11/Feb/2023:21:31:55 +0000] "GET /download/5Y0QxitRMYE HTTP/1.1" 404 6616 "-" "Mozilla/5.0 (Linux; Android 6.0.1; Nexus 5X Build/MMB29P) AppleWebKit/537.36 (KHTML, like Gecko) Chrome/109.0.5414.101 Mobile Safari/537.36 (compatible; Googlebot/2.1; +http://www.google.com/bot.html)"
66.249.73.234 - - [11/Feb/2023:21:32:11 +0000] "GET /download/5Y0QxitRMYE HTTP/1.1" 404 6622 "-" "Mozilla/5.0 (compatible; Googlebot/2.1; +http://www.google.com/bot.html)"
66.249.73.232 - - [11/Feb/2023:21:32:27 +0000] "GET /download/hlJj_bcXcYQ HTTP/1.1" 404 6616 "-" "Mozilla/5.0 (compatible; Googlebot/2.1; +http://www.google.com/bot.html)"
66.249.73.230 - - [11/Feb/2023:21:32:43 +0000] "GET /download/hlJj_bcXcYQ HTTP/1.1" 404 6616 "-" "Mozilla/5.0 (Linux; Android 6.0.1; Nexus 5X Build/MMB29P) AppleWebKit/537.36 (KHTML, like Gecko) Chrome/109.0.5414.101 Mobile Safari/537.36 (compatible; Googlebot/2.1; +http://www.google.com/bot.html)"
66.249.73.230 - - [11/Feb/2023:21:33:00 +0000] "GET /download/MSA3jK94HKg HTTP/1.1" 404 6616 "-" "Mozilla/5.0 (Linux; Android 6.0.1; Nexus 5X Build/MMB29P) AppleWebKit/537.36 (KHTML, like Gecko) Chrome/109.0.5414.101 Mobile Safari/537.36 (compatible; Googlebot/2.1; +http://www.google.com/bot.html)"
66.249.73.230 - - [11/Feb/2023:21:33:16 +0000] "GET /download/MSA3jK94HKg HTTP/1.1" 404 6622 "-" "Mozilla/5.0 (compatible; Googlebot/2.1; +http://www.google.com/bot.html)"
66.249.73.230 - - [11/Feb/2023:21:33:32 +0000] "GET /download/-OJXH_I74oE HTTP/1.1" 404 6616 "-" "Mozilla/5.0 (Linux; Android 6.0.1; Nexus 5X Build/MMB29P) AppleWebKit/537.36 (KHTML, like Gecko) Chrome/109.0.5414.101 Mobile Safari/537.36 (compatible; Googlebot/2.1; +http://www.google.com/bot.html)"
183.136.225.32 - - [11/Feb/2023:21:33:34 +0000] "GET / HTTP/1.1" 200 18589 "-" "Mozilla/5.0 (Windows NT 6.1; WOW64) AppleWebKit/537.36 (KHTML, like Gecko) Chrome/63.0.3239.132 Safari/537.36 QIHU 360SE"
183.136.225.32 - - [11/Feb/2023:21:33:43 +0000] "GET /favicon.ico HTTP/1.1" 200 0 "-" "Mozilla/5.0 (Windows NT 6.1; WOW64) AppleWebKit/537.36 (KHTML, like Gecko) Chrome/63.0.3239.132 Safari/537.36 QIHU 360SE"
183.136.225.32 - - [11/Feb/2023:21:33:45 +0000] "GET /robots.txt HTTP/1.1" 200 24 "-" "Mozilla/5.0 (Windows NT 6.1; WOW64) AppleWebKit/537.36 (KHTML, like Gecko) Chrome/63.0.3239.132 Safari/537.36 QIHU 360SE"
66.249.73.230 - - [11/Feb/2023:21:33:48 +0000] "GET /download/-OJXH_I74oE HTTP/1.1" 404 6616 "-" "Mozilla/5.0 (compatible; Googlebot/2.1; +http://www.google.com/bot.html)"
66.249.73.232 - - [11/Feb/2023:21:34:05 +0000] "GET /download/7LptjT4f88o HTTP/1.1" 404 6616 "-" "Mozilla/5.0 (compatible; Googlebot/2.1; +http://www.google.com/bot.html)"
66.249.73.232 - - [11/Feb/2023:21:34:21 +0000] "GET /download/7LptjT4f88o HTTP/1.1" 404 6616 "-" "Mozilla/5.0 (Linux; Android 6.0.1; Nexus 5X Build/MMB29P) AppleWebKit/537.36 (KHTML, like Gecko) Chrome/109.0.5414.101 Mobile Safari/537.36 (compatible; Googlebot/2.1; +http://www.google.com/bot.html)"
66.249.73.230 - - [11/Feb/2023:21:34:37 +0000] "GET /download/BB-DzRzMcCg HTTP/1.1" 404 6622 "-" "Mozilla/5.0 (compatible; Googlebot/2.1; +http://www.google.com/bot.html)"
66.249.73.230 - - [11/Feb/2023:21:34:53 +0000] "GET /download/BB-DzRzMcCg HTTP/1.1" 404 6622 "-" "Mozilla/5.0 (Linux; Android 6.0.1; Nexus 5X Build/MMB29P) AppleWebKit/537.36 (KHTML, like Gecko) Chrome/109.0.5414.101 Mobile Safari/537.36 (compatible; Googlebot/2.1; +http://www.google.com/bot.html)"
66.249.73.232 - - [11/Feb/2023:21:35:10 +0000] "GET /download/2KvUcpxMwPo HTTP/1.1" 404 6622 "-" "Mozilla/5.0 (compatible; Googlebot/2.1; +http://www.google.com/bot.html)"
66.249.73.230 - - [11/Feb/2023:21:35:26 +0000] "GET /download/Hi3mfOKj-44 HTTP/1.1" 404 6616 "-" "Mozilla/5.0 (compatible; Googlebot/2.1; +http://www.google.com/bot.html)"
66.249.73.230 - - [11/Feb/2023:21:35:42 +0000] "GET /download/Hi3mfOKj-44 HTTP/1.1" 404 6616 "-" "Mozilla/5.0 (Linux; Android 6.0.1; Nexus 5X Build/MMB29P) AppleWebKit/537.36 (KHTML, like Gecko) Chrome/109.0.5414.101 Mobile Safari/537.36 (compatible; Googlebot/2.1; +http://www.google.com/bot.html)"
66.249.73.230 - - [11/Feb/2023:21:35:58 +0000] "GET /download/QvqI6yh_myQ HTTP/1.1" 404 6616 "-" "Mozilla/5.0 (compatible; Googlebot/2.1; +http://www.google.com/bot.html)"
66.249.73.230 - - [11/Feb/2023:21:36:15 +0000] "GET /download/SzlfNGRgebQ HTTP/1.1" 404 6622 "-" "Mozilla/5.0 (Linux; Android 6.0.1; Nexus 5X Build/MMB29P) AppleWebKit/537.36 (KHTML, like Gecko) Chrome/109.0.5414.101 Mobile Safari/537.36 (compatible; Googlebot/2.1; +http://www.google.com/bot.html)"
66.249.73.230 - - [11/Feb/2023:21:36:31 +0000] "GET /download/SzlfNGRgebQ HTTP/1.1" 404 6616 "-" "Mozilla/5.0 (compatible; Googlebot/2.1; +http://www.google.com/bot.html)"
66.249.73.232 - - [11/Feb/2023:21:37:03 +0000] "GET /download/uli7Kz7cefk HTTP/1.1" 404 6622 "-" "Mozilla/5.0 (Linux; Android 6.0.1; Nexus 5X Build/MMB29P) AppleWebKit/537.36 (KHTML, like Gecko) Chrome/109.0.5414.101 Mobile Safari/537.36 (compatible; Googlebot/2.1; +http://www.google.com/bot.html)"
66.249.73.232 - - [11/Feb/2023:21:37:20 +0000] "GET /download/Lkq_kRowIQk HTTP/1.1" 404 6616 "-" "Mozilla/5.0 (Linux; Android 6.0.1; Nexus 5X Build/MMB29P) AppleWebKit/537.36 (KHTML, like Gecko) Chrome/109.0.5414.101 Mobile Safari/537.36 (compatible; Googlebot/2.1; +http://www.google.com/bot.html)"
66.249.73.230 - - [11/Feb/2023:21:37:36 +0000] "GET /download/ODCPCqjaAgw HTTP/1.1" 404 6622 "-" "Mozilla/5.0 (compatible; Googlebot/2.1; +http://www.google.com/bot.html)"
66.249.73.230 - - [11/Feb/2023:21:37:52 +0000] "GET /download/uli7Kz7cefk HTTP/1.1" 404 6616 "-" "Mozilla/5.0 (compatible; Googlebot/2.1; +http://www.google.com/bot.html)"
66.249.73.232 - - [11/Feb/2023:21:38:08 +0000] "GET /download/Lkq_kRowIQk HTTP/1.1" 404 6616 "-" "Mozilla/5.0 (compatible; Googlebot/2.1; +http://www.google.com/bot.html)"
66.249.73.232 - - [11/Feb/2023:21:38:25 +0000] "GET /download/ODCPCqjaAgw HTTP/1.1" 404 6616 "-" "Mozilla/5.0 (Linux; Android 6.0.1; Nexus 5X Build/MMB29P) AppleWebKit/537.36 (KHTML, like Gecko) Chrome/109.0.5414.101 Mobile Safari/537.36 (compatible; Googlebot/2.1; +http://www.google.com/bot.html)"
66.249.73.230 - - [11/Feb/2023:21:38:57 +0000] "GET /download/BDYI482ShZQ HTTP/1.1" 404 6616 "-" "Mozilla/5.0 (compatible; Googlebot/2.1; +http://www.google.com/bot.html)"
66.249.73.234 - - [11/Feb/2023:21:39:13 +0000] "GET /download/TkfLz2XuXPs HTTP/1.1" 404 6622 "-" "Mozilla/5.0 (Linux; Android 6.0.1; Nexus 5X Build/MMB29P) AppleWebKit/537.36 (KHTML, like Gecko) Chrome/109.0.5414.101 Mobile Safari/537.36 (compatible; Googlebot/2.1; +http://www.google.com/bot.html)"
66.249.73.230 - - [11/Feb/2023:21:39:30 +0000] "GET /download/TkfLz2XuXPs HTTP/1.1" 404 6622 "-" "Mozilla/5.0 (compatible; Googlebot/2.1; +http://www.google.com/bot.html)"
66.249.73.230 - - [11/Feb/2023:21:39:46 +0000] "GET /download/6mfUtUTpmEQ HTTP/1.1" 404 6616 "-" "Mozilla/5.0 (Linux; Android 6.0.1; Nexus 5X Build/MMB29P) AppleWebKit/537.36 (KHTML, like Gecko) Chrome/109.0.5414.101 Mobile Safari/537.36 (compatible; Googlebot/2.1; +http://www.google.com/bot.html)"
66.249.73.230 - - [11/Feb/2023:21:40:02 +0000] "GET /download/6mfUtUTpmEQ HTTP/1.1" 404 6616 "-" "Mozilla/5.0 (compatible; Googlebot/2.1; +http://www.google.com/bot.html)"
66.249.73.230 - - [11/Feb/2023:21:40:18 +0000] "GET /download/4b_vize5gDc HTTP/1.1" 404 6616 "-" "Mozilla/5.0 (compatible; Googlebot/2.1; +http://www.google.com/bot.html)"
185.246.220.98 - - [11/Feb/2023:21:40:22 +0000] "POST /boaform/admin/formLogin HTTP/1.1" 404 6616 "http://46.101.11.163:80/admin/login.asp" "Mozilla/5.0 (X11; Ubuntu; Linux x86_64; rv:71.0) Gecko/20100101 Firefox/71.0"
185.246.220.98 - - [11/Feb/2023:21:40:22 +0000] "" 400 0 "-" "-"
66.249.73.230 - - [11/Feb/2023:21:40:25 +0000] "GET /download/N_QgKiE7hfM HTTP/1.1" 404 6616 "-" "Mozilla/5.0 (Linux; Android 6.0.1; Nexus 5X Build/MMB29P) AppleWebKit/537.36 (KHTML, like Gecko) Chrome/109.0.5414.101 Mobile Safari/537.36 (compatible; Googlebot/2.1; +http://www.google.com/bot.html)"
66.249.73.230 - - [11/Feb/2023:21:40:35 +0000] "GET /download/R2RkJZ6DMU4 HTTP/1.1" 404 6616 "-" "Mozilla/5.0 (Linux; Android 6.0.1; Nexus 5X Build/MMB29P) AppleWebKit/537.36 (KHTML, like Gecko) Chrome/109.0.5414.101 Mobile Safari/537.36 (compatible; Googlebot/2.1; +http://www.google.com/bot.html)"
66.249.73.230 - - [11/Feb/2023:21:40:51 +0000] "GET /download/4b_vize5gDc HTTP/1.1" 404 6616 "-" "Mozilla/5.0 (Linux; Android 6.0.1; Nexus 5X Build/MMB29P) AppleWebKit/537.36 (KHTML, like Gecko) Chrome/109.0.5414.101 Mobile Safari/537.36 (compatible; Googlebot/2.1; +http://www.google.com/bot.html)"
66.249.73.234 - - [11/Feb/2023:21:41:07 +0000] "GET /download/R2RkJZ6DMU4 HTTP/1.1" 404 6622 "-" "Mozilla/5.0 (compatible; Googlebot/2.1; +http://www.google.com/bot.html)"
66.249.73.230 - - [11/Feb/2023:21:41:23 +0000] "GET /download/w9SHTrID41w HTTP/1.1" 404 6616 "-" "Mozilla/5.0 (compatible; Googlebot/2.1; +http://www.google.com/bot.html)"
66.249.73.230 - - [11/Feb/2023:21:41:56 +0000] "GET /download/dPeLfUIRbKI HTTP/1.1" 404 6622 "-" "Mozilla/5.0 (compatible; Googlebot/2.1; +http://www.google.com/bot.html)"
66.249.73.230 - - [11/Feb/2023:21:42:12 +0000] "GET /download/2idiDZO49QA HTTP/1.1" 404 6622 "-" "Mozilla/5.0 (compatible; Googlebot/2.1; +http://www.google.com/bot.html)"
66.249.73.230 - - [11/Feb/2023:21:42:28 +0000] "GET /download/-Ga_CajG8o8 HTTP/1.1" 404 6616 "-" "Mozilla/5.0 (Linux; Android 6.0.1; Nexus 5X Build/MMB29P) AppleWebKit/537.36 (KHTML, like Gecko) Chrome/109.0.5414.101 Mobile Safari/537.36 (compatible; Googlebot/2.1; +http://www.google.com/bot.html)"
66.249.73.230 - - [11/Feb/2023:21:42:44 +0000] "GET /download/dPeLfUIRbKI HTTP/1.1" 404 6616 "-" "Mozilla/5.0 (Linux; Android 6.0.1; Nexus 5X Build/MMB29P) AppleWebKit/537.36 (KHTML, like Gecko) Chrome/109.0.5414.101 Mobile Safari/537.36 (compatible; Googlebot/2.1; +http://www.google.com/bot.html)"
66.249.73.234 - - [11/Feb/2023:21:43:01 +0000] "GET /download/-Ga_CajG8o8 HTTP/1.1" 404 6622 "-" "Mozilla/5.0 (compatible; Googlebot/2.1; +http://www.google.com/bot.html)"
66.249.73.232 - - [11/Feb/2023:21:43:17 +0000] "GET /download/HaCGb-UsamU HTTP/1.1" 404 6616 "-" "Mozilla/5.0 (Linux; Android 6.0.1; Nexus 5X Build/MMB29P) AppleWebKit/537.36 (KHTML, like Gecko) Chrome/109.0.5414.101 Mobile Safari/537.36 (compatible; Googlebot/2.1; +http://www.google.com/bot.html)"
66.249.73.230 - - [11/Feb/2023:21:43:33 +0000] "GET /download/HaCGb-UsamU HTTP/1.1" 404 6622 "-" "Mozilla/5.0 (compatible; Googlebot/2.1; +http://www.google.com/bot.html)"
66.249.73.230 - - [11/Feb/2023:21:43:49 +0000] "GET /download/HQ4wvRe_cig HTTP/1.1" 404 6622 "-" "Mozilla/5.0 (Linux; Android 6.0.1; Nexus 5X Build/MMB29P) AppleWebKit/537.36 (KHTML, like Gecko) Chrome/109.0.5414.101 Mobile Safari/537.36 (compatible; Googlebot/2.1; +http://www.google.com/bot.html)"
66.249.73.234 - - [11/Feb/2023:21:44:06 +0000] "GET /download/qrw7oBKx4_E HTTP/1.1" 404 6616 "-" "Mozilla/5.0 (Linux; Android 6.0.1; Nexus 5X Build/MMB29P) AppleWebKit/537.36 (KHTML, like Gecko) Chrome/109.0.5414.101 Mobile Safari/537.36 (compatible; Googlebot/2.1; +http://www.google.com/bot.html)"
66.249.73.232 - - [11/Feb/2023:21:44:22 +0000] "GET /download/HQ4wvRe_cig HTTP/1.1" 404 6622 "-" "Mozilla/5.0 (compatible; Googlebot/2.1; +http://www.google.com/bot.html)"
66.249.73.230 - - [11/Feb/2023:21:44:38 +0000] "GET /download/s5RNfnzZ9Gs HTTP/1.1" 404 6616 "-" "Mozilla/5.0 (compatible; Googlebot/2.1; +http://www.google.com/bot.html)"
66.249.73.230 - - [11/Feb/2023:21:44:54 +0000] "GET /download/qrw7oBKx4_E HTTP/1.1" 404 6622 "-" "Mozilla/5.0 (compatible; Googlebot/2.1; +http://www.google.com/bot.html)"
66.249.73.230 - - [11/Feb/2023:21:45:11 +0000] "GET /download/s5RNfnzZ9Gs HTTP/1.1" 404 6616 "-" "Mozilla/5.0 (Linux; Android 6.0.1; Nexus 5X Build/MMB29P) AppleWebKit/537.36 (KHTML, like Gecko) Chrome/109.0.5414.101 Mobile Safari/537.36 (compatible; Googlebot/2.1; +http://www.google.com/bot.html)"
66.249.73.232 - - [11/Feb/2023:21:45:27 +0000] "GET /download/j5R2XrtKlVQ HTTP/1.1" 404 6622 "-" "Mozilla/5.0 (Linux; Android 6.0.1; Nexus 5X Build/MMB29P) AppleWebKit/537.36 (KHTML, like Gecko) Chrome/109.0.5414.101 Mobile Safari/537.36 (compatible; Googlebot/2.1; +http://www.google.com/bot.html)"
66.249.73.230 - - [11/Feb/2023:21:45:43 +0000] "GET /download/wLJCxaf02uI HTTP/1.1" 404 6622 "-" "Mozilla/5.0 (compatible; Googlebot/2.1; +http://www.google.com/bot.html)"
66.249.73.230 - - [11/Feb/2023:21:45:59 +0000] "GET /download/j5R2XrtKlVQ HTTP/1.1" 404 6622 "-" "Mozilla/5.0 (compatible; Googlebot/2.1; +http://www.google.com/bot.html)"
66.249.73.232 - - [11/Feb/2023:21:46:15 +0000] "GET /download/wLJCxaf02uI HTTP/1.1" 404 6622 "-" "Mozilla/5.0 (Linux; Android 6.0.1; Nexus 5X Build/MMB29P) AppleWebKit/537.36 (KHTML, like Gecko) Chrome/109.0.5414.101 Mobile Safari/537.36 (compatible; Googlebot/2.1; +http://www.google.com/bot.html)"
66.249.73.230 - - [11/Feb/2023:21:46:32 +0000] "GET /download/35RgdwB2mvA HTTP/1.1" 404 6622 "-" "Mozilla/5.0 (Linux; Android 6.0.1; Nexus 5X Build/MMB29P) AppleWebKit/537.36 (KHTML, like Gecko) Chrome/109.0.5414.101 Mobile Safari/537.36 (compatible; Googlebot/2.1; +http://www.google.com/bot.html)"
66.249.73.230 - - [11/Feb/2023:21:46:48 +0000] "GET /download/YT8eHd6RzIc HTTP/1.1" 404 6616 "-" "Mozilla/5.0 (Linux; Android 6.0.1; Nexus 5X Build/MMB29P) AppleWebKit/537.36 (KHTML, like Gecko) Chrome/109.0.5414.101 Mobile Safari/537.36 (compatible; Googlebot/2.1; +http://www.google.com/bot.html)"
66.249.73.232 - - [11/Feb/2023:21:47:04 +0000] "GET /download/35RgdwB2mvA HTTP/1.1" 404 6622 "-" "Mozilla/5.0 (compatible; Googlebot/2.1; +http://www.google.com/bot.html)"
193.32.162.159 - - [11/Feb/2023:21:47:08 +0000] "GET / HTTP/1.1" 200 18574 "-" "Mozilla/5.0 (Windows NT 10.0; Win64; x64) AppleWebKit/537.36 (KHTML, like Gecko) Chrome/90.0.4430.85 Safari/537.36 Edg/90.0.818.46"
66.249.73.232 - - [11/Feb/2023:21:47:20 +0000] "GET /download/YT8eHd6RzIc HTTP/1.1" 404 6622 "-" "Mozilla/5.0 (compatible; Googlebot/2.1; +http://www.google.com/bot.html)"
66.249.73.230 - - [11/Feb/2023:21:47:37 +0000] "GET /download/RFXGumt39ss HTTP/1.1" 404 6622 "-" "Mozilla/5.0 (Linux; Android 6.0.1; Nexus 5X Build/MMB29P) AppleWebKit/537.36 (KHTML, like Gecko) Chrome/109.0.5414.101 Mobile Safari/537.36 (compatible; Googlebot/2.1; +http://www.google.com/bot.html)"
66.249.73.230 - - [11/Feb/2023:21:47:53 +0000] "GET /download/RFXGumt39ss HTTP/1.1" 404 6616 "-" "Mozilla/5.0 (compatible; Googlebot/2.1; +http://www.google.com/bot.html)"
66.249.73.234 - - [11/Feb/2023:21:48:09 +0000] "GET /download/oGB8ILa-9rQ HTTP/1.1" 404 6616 "-" "Mozilla/5.0 (Linux; Android 6.0.1; Nexus 5X Build/MMB29P) AppleWebKit/537.36 (KHTML, like Gecko) Chrome/109.0.5414.101 Mobile Safari/537.36 (compatible; Googlebot/2.1; +http://www.google.com/bot.html)"
66.249.73.230 - - [11/Feb/2023:21:48:25 +0000] "GET /download/oGB8ILa-9rQ HTTP/1.1" 404 6622 "-" "Mozilla/5.0 (compatible; Googlebot/2.1; +http://www.google.com/bot.html)"
66.249.73.230 - - [11/Feb/2023:21:48:42 +0000] "GET /download/el_9J01HRL8 HTTP/1.1" 404 6622 "-" "Mozilla/5.0 (Linux; Android 6.0.1; Nexus 5X Build/MMB29P) AppleWebKit/537.36 (KHTML, like Gecko) Chrome/109.0.5414.101 Mobile Safari/537.36 (compatible; Googlebot/2.1; +http://www.google.com/bot.html)"
66.249.73.230 - - [11/Feb/2023:21:48:58 +0000] "GET /download/el_9J01HRL8 HTTP/1.1" 404 6616 "-" "Mozilla/5.0 (compatible; Googlebot/2.1; +http://www.google.com/bot.html)"
66.249.73.232 - - [11/Feb/2023:21:49:14 +0000] "GET /download/d2U3qMaUCOE HTTP/1.1" 404 6616 "-" "Mozilla/5.0 (compatible; Googlebot/2.1; +http://www.google.com/bot.html)"
66.249.73.230 - - [11/Feb/2023:21:49:30 +0000] "GET /download/d2U3qMaUCOE HTTP/1.1" 404 6622 "-" "Mozilla/5.0 (Linux; Android 6.0.1; Nexus 5X Build/MMB29P) AppleWebKit/537.36 (KHTML, like Gecko) Chrome/109.0.5414.101 Mobile Safari/537.36 (compatible; Googlebot/2.1; +http://www.google.com/bot.html)"
66.249.73.230 - - [11/Feb/2023:21:49:47 +0000] "GET /download/R-kij9iMkVg HTTP/1.1" 404 6622 "-" "Mozilla/5.0 (Linux; Android 6.0.1; Nexus 5X Build/MMB29P) AppleWebKit/537.36 (KHTML, like Gecko) Chrome/109.0.5414.101 Mobile Safari/537.36 (compatible; Googlebot/2.1; +http://www.google.com/bot.html)"
66.249.73.232 - - [11/Feb/2023:21:50:03 +0000] "GET /download/R-kij9iMkVg HTTP/1.1" 404 6616 "-" "Mozilla/5.0 (compatible; Googlebot/2.1; +http://www.google.com/bot.html)"
66.249.65.51 - - [11/Feb/2023:21:50:19 +0000] "GET /download/rGNndSM4y40 HTTP/1.1" 404 6616 "-" "Mozilla/5.0 (Linux; Android 6.0.1; Nexus 5X Build/MMB29P) AppleWebKit/537.36 (KHTML, like Gecko) Chrome/109.0.5414.101 Mobile Safari/537.36 (compatible; Googlebot/2.1; +http://www.google.com/bot.html)"
66.249.65.53 - - [11/Feb/2023:21:50:35 +0000] "GET /download/rGNndSM4y40 HTTP/1.1" 404 6616 "-" "Mozilla/5.0 (compatible; Googlebot/2.1; +http://www.google.com/bot.html)"
66.249.73.230 - - [11/Feb/2023:21:50:51 +0000] "GET /download/kceBerlVOGo HTTP/1.1" 404 6622 "-" "Mozilla/5.0 (compatible; Googlebot/2.1; +http://www.google.com/bot.html)"
66.249.73.232 - - [11/Feb/2023:21:51:08 +0000] "GET /download/kceBerlVOGo HTTP/1.1" 404 6616 "-" "Mozilla/5.0 (Linux; Android 6.0.1; Nexus 5X Build/MMB29P) AppleWebKit/537.36 (KHTML, like Gecko) Chrome/109.0.5414.101 Mobile Safari/537.36 (compatible; Googlebot/2.1; +http://www.google.com/bot.html)"
66.249.73.230 - - [11/Feb/2023:21:51:24 +0000] "GET /download/K08uP1vkFV4 HTTP/1.1" 404 6622 "-" "Mozilla/5.0 (Linux; Android 6.0.1; Nexus 5X Build/MMB29P) AppleWebKit/537.36 (KHTML, like Gecko) Chrome/109.0.5414.101 Mobile Safari/537.36 (compatible; Googlebot/2.1; +http://www.google.com/bot.html)"
66.249.73.230 - - [11/Feb/2023:21:51:40 +0000] "GET /download/K08uP1vkFV4 HTTP/1.1" 404 6622 "-" "Mozilla/5.0 (compatible; Googlebot/2.1; +http://www.google.com/bot.html)"
66.249.73.230 - - [11/Feb/2023:21:51:56 +0000] "GET /download/wPKc3FJHU4A HTTP/1.1" 404 6616 "-" "Mozilla/5.0 (Linux; Android 6.0.1; Nexus 5X Build/MMB29P) AppleWebKit/537.36 (KHTML, like Gecko) Chrome/109.0.5414.101 Mobile Safari/537.36 (compatible; Googlebot/2.1; +http://www.google.com/bot.html)"
66.249.73.230 - - [11/Feb/2023:21:52:13 +0000] "GET /download/wPKc3FJHU4A HTTP/1.1" 404 6616 "-" "Mozilla/5.0 (compatible; Googlebot/2.1; +http://www.google.com/bot.html)"
66.249.73.230 - - [11/Feb/2023:21:52:18 +0000] "GET /download/b7s0Eolbttg HTTP/1.1" 404 6622 "-" "Mozilla/5.0 (Linux; Android 6.0.1; Nexus 5X Build/MMB29P) AppleWebKit/537.36 (KHTML, like Gecko) Chrome/109.0.5414.101 Mobile Safari/537.36 (compatible; Googlebot/2.1; +http://www.google.com/bot.html)"
66.249.73.230 - - [11/Feb/2023:21:52:29 +0000] "GET /download/JiDwfVXs4DE HTTP/1.1" 404 6622 "-" "Mozilla/5.0 (Linux; Android 6.0.1; Nexus 5X Build/MMB29P) AppleWebKit/537.36 (KHTML, like Gecko) Chrome/109.0.5414.101 Mobile Safari/537.36 (compatible; Googlebot/2.1; +http://www.google.com/bot.html)"
66.249.73.230 - - [11/Feb/2023:21:52:45 +0000] "GET /download/JiDwfVXs4DE HTTP/1.1" 404 6622 "-" "Mozilla/5.0 (compatible; Googlebot/2.1; +http://www.google.com/bot.html)"
66.249.73.230 - - [11/Feb/2023:21:53:02 +0000] "GET /download/axOD4b2pYEU HTTP/1.1" 404 6622 "-" "Mozilla/5.0 (compatible; Googlebot/2.1; +http://www.google.com/bot.html)"
66.249.73.230 - - [11/Feb/2023:21:53:18 +0000] "GET /download/axOD4b2pYEU HTTP/1.1" 404 6622 "-" "Mozilla/5.0 (Linux; Android 6.0.1; Nexus 5X Build/MMB29P) AppleWebKit/537.36 (KHTML, like Gecko) Chrome/109.0.5414.101 Mobile Safari/537.36 (compatible; Googlebot/2.1; +http://www.google.com/bot.html)"
66.249.73.230 - - [11/Feb/2023:21:53:34 +0000] "GET /download/IpSNDB9v0z8 HTTP/1.1" 404 6616 "-" "Mozilla/5.0 (Linux; Android 6.0.1; Nexus 5X Build/MMB29P) AppleWebKit/537.36 (KHTML, like Gecko) Chrome/109.0.5414.101 Mobile Safari/537.36 (compatible; Googlebot/2.1; +http://www.google.com/bot.html)"
66.249.73.230 - - [11/Feb/2023:21:53:51 +0000] "GET /download/IpSNDB9v0z8 HTTP/1.1" 404 6622 "-" "Mozilla/5.0 (compatible; Googlebot/2.1; +http://www.google.com/bot.html)"
66.249.73.234 - - [11/Feb/2023:21:54:09 +0000] "GET /download/tjxoNRnaWLw HTTP/1.1" 404 6616 "-" "Mozilla/5.0 (compatible; Googlebot/2.1; +http://www.google.com/bot.html)"
66.249.73.232 - - [11/Feb/2023:21:54:27 +0000] "GET /download/tjxoNRnaWLw HTTP/1.1" 404 6622 "-" "Mozilla/5.0 (Linux; Android 6.0.1; Nexus 5X Build/MMB29P) AppleWebKit/537.36 (KHTML, like Gecko) Chrome/109.0.5414.101 Mobile Safari/537.36 (compatible; Googlebot/2.1; +http://www.google.com/bot.html)"
66.249.73.230 - - [11/Feb/2023:21:54:45 +0000] "GET /download/_vQVsrHrI50 HTTP/1.1" 404 6622 "-" "Mozilla/5.0 (Linux; Android 6.0.1; Nexus 5X Build/MMB29P) AppleWebKit/537.36 (KHTML, like Gecko) Chrome/109.0.5414.101 Mobile Safari/537.36 (compatible; Googlebot/2.1; +http://www.google.com/bot.html)"
66.249.73.230 - - [11/Feb/2023:21:55:02 +0000] "GET /download/_vQVsrHrI50 HTTP/1.1" 404 6622 "-" "Mozilla/5.0 (compatible; Googlebot/2.1; +http://www.google.com/bot.html)"
66.249.73.232 - - [11/Feb/2023:21:55:19 +0000] "GET /download/o4F44gYQVOw HTTP/1.1" 404 6622 "-" "Mozilla/5.0 (Linux; Android 6.0.1; Nexus 5X Build/MMB29P) AppleWebKit/537.36 (KHTML, like Gecko) Chrome/109.0.5414.101 Mobile Safari/537.36 (compatible; Googlebot/2.1; +http://www.google.com/bot.html)"
66.249.73.230 - - [11/Feb/2023:21:55:37 +0000] "GET /download/o4F44gYQVOw HTTP/1.1" 404 6622 "-" "Mozilla/5.0 (compatible; Googlebot/2.1; +http://www.google.com/bot.html)"
66.249.73.230 - - [11/Feb/2023:21:55:46 +0000] "GET /download/uhfPGX6Pnqo HTTP/1.1" 404 6622 "-" "Mozilla/5.0 (Linux; Android 6.0.1; Nexus 5X Build/MMB29P) AppleWebKit/537.36 (KHTML, like Gecko) Chrome/109.0.5414.101 Mobile Safari/537.36 (compatible; Googlebot/2.1; +http://www.google.com/bot.html)"
66.249.73.230 - - [11/Feb/2023:21:55:54 +0000] "GET /download/LYv8GKbJAuE HTTP/1.1" 404 6622 "-" "Mozilla/5.0 (compatible; Googlebot/2.1; +http://www.google.com/bot.html)"
66.249.73.230 - - [11/Feb/2023:21:56:12 +0000] "GET /download/LYv8GKbJAuE HTTP/1.1" 404 6622 "-" "Mozilla/5.0 (Linux; Android 6.0.1; Nexus 5X Build/MMB29P) AppleWebKit/537.36 (KHTML, like Gecko) Chrome/109.0.5414.101 Mobile Safari/537.36 (compatible; Googlebot/2.1; +http://www.google.com/bot.html)"
66.249.73.232 - - [11/Feb/2023:21:56:29 +0000] "GET /download/p51W70-NthU HTTP/1.1" 404 6622 "-" "Mozilla/5.0 (compatible; Googlebot/2.1; +http://www.google.com/bot.html)"
66.249.73.230 - - [11/Feb/2023:21:56:47 +0000] "GET /download/hM1IDQqIh1E HTTP/1.1" 404 6616 "-" "Mozilla/5.0 (Linux; Android 6.0.1; Nexus 5X Build/MMB29P) AppleWebKit/537.36 (KHTML, like Gecko) Chrome/109.0.5414.101 Mobile Safari/537.36 (compatible; Googlebot/2.1; +http://www.google.com/bot.html)"
66.249.73.230 - - [11/Feb/2023:21:57:04 +0000] "GET /download/hM1IDQqIh1E HTTP/1.1" 404 6622 "-" "Mozilla/5.0 (compatible; Googlebot/2.1; +http://www.google.com/bot.html)"
66.249.73.232 - - [11/Feb/2023:21:57:22 +0000] "GET /download/p51W70-NthU HTTP/1.1" 404 6616 "-" "Mozilla/5.0 (Linux; Android 6.0.1; Nexus 5X Build/MMB29P) AppleWebKit/537.36 (KHTML, like Gecko) Chrome/109.0.5414.101 Mobile Safari/537.36 (compatible; Googlebot/2.1; +http://www.google.com/bot.html)"
66.249.73.230 - - [11/Feb/2023:21:57:39 +0000] "GET /download/U2bRnLsTTUg HTTP/1.1" 404 6622 "-" "Mozilla/5.0 (Linux; Android 6.0.1; Nexus 5X Build/MMB29P) AppleWebKit/537.36 (KHTML, like Gecko) Chrome/109.0.5414.101 Mobile Safari/537.36 (compatible; Googlebot/2.1; +http://www.google.com/bot.html)"
66.249.73.230 - - [11/Feb/2023:21:57:57 +0000] "GET /download/U2bRnLsTTUg HTTP/1.1" 404 6616 "-" "Mozilla/5.0 (compatible; Googlebot/2.1; +http://www.google.com/bot.html)"
66.249.73.230 - - [11/Feb/2023:21:58:14 +0000] "GET /download/vOD1pRGpN1U HTTP/1.1" 404 6622 "-" "Mozilla/5.0 (compatible; Googlebot/2.1; +http://www.google.com/bot.html)"
66.249.73.232 - - [11/Feb/2023:21:58:32 +0000] "GET /download/vOD1pRGpN1U HTTP/1.1" 404 6622 "-" "Mozilla/5.0 (Linux; Android 6.0.1; Nexus 5X Build/MMB29P) AppleWebKit/537.36 (KHTML, like Gecko) Chrome/109.0.5414.101 Mobile Safari/537.36 (compatible; Googlebot/2.1; +http://www.google.com/bot.html)"
66.249.73.230 - - [11/Feb/2023:21:58:49 +0000] "GET /download/hJE-bi6BAqo HTTP/1.1" 404 6616 "-" "Mozilla/5.0 (compatible; Googlebot/2.1; +http://www.google.com/bot.html)"
66.249.73.234 - - [11/Feb/2023:21:59:07 +0000] "GET /download/hJE-bi6BAqo HTTP/1.1" 404 6622 "-" "Mozilla/5.0 (Linux; Android 6.0.1; Nexus 5X Build/MMB29P) AppleWebKit/537.36 (KHTML, like Gecko) Chrome/109.0.5414.101 Mobile Safari/537.36 (compatible; Googlebot/2.1; +http://www.google.com/bot.html)"
66.249.73.230 - - [11/Feb/2023:21:59:24 +0000] "GET /download/ClEOk4bO7Ts HTTP/1.1" 404 6616 "-" "Mozilla/5.0 (Linux; Android 6.0.1; Nexus 5X Build/MMB29P) AppleWebKit/537.36 (KHTML, like Gecko) Chrome/109.0.5414.101 Mobile Safari/537.36 (compatible; Googlebot/2.1; +http://www.google.com/bot.html)"
66.249.73.230 - - [11/Feb/2023:21:59:42 +0000] "GET /download/ClEOk4bO7Ts HTTP/1.1" 404 6616 "-" "Mozilla/5.0 (compatible; Googlebot/2.1; +http://www.google.com/bot.html)"
66.249.73.230 - - [11/Feb/2023:22:00:00 +0000] "GET /download/iF6LbjMXA18 HTTP/1.1" 404 6616 "-" "Mozilla/5.0 (Linux; Android 6.0.1; Nexus 5X Build/MMB29P) AppleWebKit/537.36 (KHTML, like Gecko) Chrome/109.0.5414.101 Mobile Safari/537.36 (compatible; Googlebot/2.1; +http://www.google.com/bot.html)"
66.249.73.230 - - [11/Feb/2023:22:00:17 +0000] "GET /download/iF6LbjMXA18 HTTP/1.1" 404 6616 "-" "Mozilla/5.0 (compatible; Googlebot/2.1; +http://www.google.com/bot.html)"
66.249.73.230 - - [11/Feb/2023:22:00:35 +0000] "GET /download/MIWsUW0FAT0 HTTP/1.1" 404 6616 "-" "Mozilla/5.0 (Linux; Android 6.0.1; Nexus 5X Build/MMB29P) AppleWebKit/537.36 (KHTML, like Gecko) Chrome/109.0.5414.101 Mobile Safari/537.36 (compatible; Googlebot/2.1; +http://www.google.com/bot.html)"
66.249.73.230 - - [11/Feb/2023:22:00:52 +0000] "GET /download/MIWsUW0FAT0 HTTP/1.1" 404 6616 "-" "Mozilla/5.0 (compatible; Googlebot/2.1; +http://www.google.com/bot.html)"
66.249.73.234 - - [11/Feb/2023:22:01:10 +0000] "GET /download/FT9M8kHIW3U HTTP/1.1" 404 6616 "-" "Mozilla/5.0 (Linux; Android 6.0.1; Nexus 5X Build/MMB29P) AppleWebKit/537.36 (KHTML, like Gecko) Chrome/109.0.5414.101 Mobile Safari/537.36 (compatible; Googlebot/2.1; +http://www.google.com/bot.html)"
66.249.73.230 - - [11/Feb/2023:22:01:27 +0000] "GET /download/FT9M8kHIW3U HTTP/1.1" 404 6622 "-" "Mozilla/5.0 (compatible; Googlebot/2.1; +http://www.google.com/bot.html)"
66.249.73.230 - - [11/Feb/2023:22:01:45 +0000] "GET /download/Ga_TOUS5STA HTTP/1.1" 404 6616 "-" "Mozilla/5.0 (Linux; Android 6.0.1; Nexus 5X Build/MMB29P) AppleWebKit/537.36 (KHTML, like Gecko) Chrome/109.0.5414.101 Mobile Safari/537.36 (compatible; Googlebot/2.1; +http://www.google.com/bot.html)"
66.249.73.232 - - [11/Feb/2023:22:02:02 +0000] "GET /download/Ga_TOUS5STA HTTP/1.1" 404 6622 "-" "Mozilla/5.0 (compatible; Googlebot/2.1; +http://www.google.com/bot.html)"
66.249.73.232 - - [11/Feb/2023:22:02:20 +0000] "GET /download/2KvUcpxMwPo HTTP/1.1" 404 6622 "-" "Mozilla/5.0 (Linux; Android 6.0.1; Nexus 5X Build/MMB29P) AppleWebKit/537.36 (KHTML, like Gecko) Chrome/109.0.5414.101 Mobile Safari/537.36 (compatible; Googlebot/2.1; +http://www.google.com/bot.html)"
66.249.73.230 - - [11/Feb/2023:22:02:37 +0000] "GET /download/AB4ixELMEmE HTTP/1.1" 404 6616 "-" "Mozilla/5.0 (Linux; Android 6.0.1; Nexus 5X Build/MMB29P) AppleWebKit/537.36 (KHTML, like Gecko) Chrome/109.0.5414.101 Mobile Safari/537.36 (compatible; Googlebot/2.1; +http://www.google.com/bot.html)"
