66.249.73.230 - - [11/Feb/2023:23:17:22 +0000] "GET /download/bAD2UDkRdo8 HTTP/1.1" 404 6616 "-" "Mozilla/5.0 (Linux; Android 6.0.1; Nexus 5X Build/MMB29P) AppleWebKit/537.36 (KHTML, like Gecko) Chrome/109.0.5414.101 Mobile Safari/537.36 (compatible; Googlebot/2.1; +http://www.google.com/bot.html)"
66.249.73.230 - - [11/Feb/2023:23:17:26 +0000] "GET /download/WGg1USklT1o HTTP/1.1" 404 6622 "-" "Mozilla/5.0 (Linux; Android 6.0.1; Nexus 5X Build/MMB29P) AppleWebKit/537.36 (KHTML, like Gecko) Chrome/109.0.5414.101 Mobile Safari/537.36 (compatible; Googlebot/2.1; +http://www.google.com/bot.html)"
66.249.73.230 - - [11/Feb/2023:23:17:35 +0000] "GET /download/WGg1USklT1o HTTP/1.1" 404 6616 "-" "Mozilla/5.0 (compatible; Googlebot/2.1; +http://www.google.com/bot.html)"
66.249.73.230 - - [11/Feb/2023:23:17:40 +0000] "GET /download/5ud3P8KNuEU HTTP/1.1" 404 6616 "-" "Mozilla/5.0 (compatible; Googlebot/2.1; +http://www.google.com/bot.html)"
66.249.73.230 - - [11/Feb/2023:23:17:49 +0000] "GET /download/5ud3P8KNuEU HTTP/1.1" 404 6622 "-" "Mozilla/5.0 (Linux; Android 6.0.1; Nexus 5X Build/MMB29P) AppleWebKit/537.36 (KHTML, like Gecko) Chrome/109.0.5414.101 Mobile Safari/537.36 (compatible; Googlebot/2.1; +http://www.google.com/bot.html)"
66.249.73.230 - - [11/Feb/2023:23:17:54 +0000] "GET /download/YLHVxQ4iCeE HTTP/1.1" 404 6616 "-" "Mozilla/5.0 (compatible; Googlebot/2.1; +http://www.google.com/bot.html)"
66.249.73.230 - - [11/Feb/2023:23:18:03 +0000] "GET /download/YLHVxQ4iCeE HTTP/1.1" 404 6622 "-" "Mozilla/5.0 (Linux; Android 6.0.1; Nexus 5X Build/MMB29P) AppleWebKit/537.36 (KHTML, like Gecko) Chrome/109.0.5414.101 Mobile Safari/537.36 (compatible; Googlebot/2.1; +http://www.google.com/bot.html)"
66.249.73.232 - - [11/Feb/2023:23:18:07 +0000] "GET /download/cv0-3ZmSzEI HTTP/1.1" 404 6622 "-" "Mozilla/5.0 (compatible; Googlebot/2.1; +http://www.google.com/bot.html)"
66.249.73.230 - - [11/Feb/2023:23:18:12 +0000] "GET /download/WSTQ8-ImTjE HTTP/1.1" 404 6622 "-" "Mozilla/5.0 (Linux; Android 6.0.1; Nexus 5X Build/MMB29P) AppleWebKit/537.36 (KHTML, like Gecko) Chrome/109.0.5414.101 Mobile Safari/537.36 (compatible; Googlebot/2.1; +http://www.google.com/bot.html)"
66.249.73.230 - - [11/Feb/2023:23:18:17 +0000] "GET /download/WSTQ8-ImTjE HTTP/1.1" 404 6616 "-" "Mozilla/5.0 (compatible; Googlebot/2.1; +http://www.google.com/bot.html)"
66.249.73.230 - - [11/Feb/2023:23:18:26 +0000] "GET /download/6HD6FGfDOnY HTTP/1.1" 404 6616 "-" "Mozilla/5.0 (Linux; Android 6.0.1; Nexus 5X Build/MMB29P) AppleWebKit/537.36 (KHTML, like Gecko) Chrome/109.0.5414.101 Mobile Safari/537.36 (compatible; Googlebot/2.1; +http://www.google.com/bot.html)"
66.249.73.230 - - [11/Feb/2023:23:18:30 +0000] "GET /download/6HD6FGfDOnY HTTP/1.1" 404 6622 "-" "Mozilla/5.0 (compatible; Googlebot/2.1; +http://www.google.com/bot.html)"
66.249.73.230 - - [11/Feb/2023:23:18:35 +0000] "GET /download/cv0-3ZmSzEI HTTP/1.1" 404 6622 "-" "Mozilla/5.0 (Linux; Android 6.0.1; Nexus 5X Build/MMB29P) AppleWebKit/537.36 (KHTML, like Gecko) Chrome/109.0.5414.101 Mobile Safari/537.36 (compatible; Googlebot/2.1; +http://www.google.com/bot.html)"
66.249.73.230 - - [11/Feb/2023:23:18:39 +0000] "GET /download/1f0Su0vynq4 HTTP/1.1" 404 6622 "-" "Mozilla/5.0 (Linux; Android 6.0.1; Nexus 5X Build/MMB29P) AppleWebKit/537.36 (KHTML, like Gecko) Chrome/109.0.5414.101 Mobile Safari/537.36 (compatible; Googlebot/2.1; +http://www.google.com/bot.html)"
66.249.73.230 - - [11/Feb/2023:23:18:44 +0000] "GET /download/1f0Su0vynq4 HTTP/1.1" 404 6616 "-" "Mozilla/5.0 (compatible; Googlebot/2.1; +http://www.google.com/bot.html)"
66.249.73.230 - - [11/Feb/2023:23:18:53 +0000] "GET /download/6hgdu5jkohk HTTP/1.1" 404 6622 "-" "Mozilla/5.0 (Linux; Android 6.0.1; Nexus 5X Build/MMB29P) AppleWebKit/537.36 (KHTML, like Gecko) Chrome/109.0.5414.101 Mobile Safari/537.36 (compatible; Googlebot/2.1; +http://www.google.com/bot.html)"
66.249.73.230 - - [11/Feb/2023:23:19:03 +0000] "GET /download/6hgdu5jkohk HTTP/1.1" 404 6622 "-" "Mozilla/5.0 (compatible; Googlebot/2.1; +http://www.google.com/bot.html)"
66.249.73.232 - - [11/Feb/2023:23:19:07 +0000] "GET /download/4S-6R_Emztg HTTP/1.1" 404 6622 "-" "Mozilla/5.0 (compatible; Googlebot/2.1; +http://www.google.com/bot.html)"
66.249.73.230 - - [11/Feb/2023:23:19:16 +0000] "GET /download/HF1FjYnn8FU HTTP/1.1" 404 6622 "-" "Mozilla/5.0 (Linux; Android 6.0.1; Nexus 5X Build/MMB29P) AppleWebKit/537.36 (KHTML, like Gecko) Chrome/109.0.5414.101 Mobile Safari/537.36 (compatible; Googlebot/2.1; +http://www.google.com/bot.html)"
66.249.73.230 - - [11/Feb/2023:23:19:21 +0000] "GET /download/4S-6R_Emztg HTTP/1.1" 404 6616 "-" "Mozilla/5.0 (Linux; Android 6.0.1; Nexus 5X Build/MMB29P) AppleWebKit/537.36 (KHTML, like Gecko) Chrome/109.0.5414.101 Mobile Safari/537.36 (compatible; Googlebot/2.1; +http://www.google.com/bot.html)"
66.249.73.230 - - [11/Feb/2023:23:19:30 +0000] "GET /download/HF1FjYnn8FU HTTP/1.1" 404 6616 "-" "Mozilla/5.0 (compatible; Googlebot/2.1; +http://www.google.com/bot.html)"
66.249.73.230 - - [11/Feb/2023:23:19:34 +0000] "GET /download/PSnMhpBk9K0 HTTP/1.1" 404 6616 "-" "Mozilla/5.0 (Linux; Android 6.0.1; Nexus 5X Build/MMB29P) AppleWebKit/537.36 (KHTML, like Gecko) Chrome/109.0.5414.101 Mobile Safari/537.36 (compatible; Googlebot/2.1; +http://www.google.com/bot.html)"
66.249.73.230 - - [11/Feb/2023:23:19:47 +0000] "GET /download/PSnMhpBk9K0 HTTP/1.1" 404 6616 "-" "Mozilla/5.0 (compatible; Googlebot/2.1; +http://www.google.com/bot.html)"
66.249.73.230 - - [11/Feb/2023:23:19:53 +0000] "GET /download/DflLs3H-oCs HTTP/1.1" 404 6616 "-" "Mozilla/5.0 (compatible; Googlebot/2.1; +http://www.google.com/bot.html)"
66.249.73.230 - - [11/Feb/2023:23:19:57 +0000] "GET /download/DflLs3H-oCs HTTP/1.1" 404 6616 "-" "Mozilla/5.0 (Linux; Android 6.0.1; Nexus 5X Build/MMB29P) AppleWebKit/537.36 (KHTML, like Gecko) Chrome/109.0.5414.101 Mobile Safari/537.36 (compatible; Googlebot/2.1; +http://www.google.com/bot.html)"
66.249.73.230 - - [11/Feb/2023:23:20:07 +0000] "GET /download/BXXAnNMojMU HTTP/1.1" 404 6616 "-" "Mozilla/5.0 (Linux; Android 6.0.1; Nexus 5X Build/MMB29P) AppleWebKit/537.36 (KHTML, like Gecko) Chrome/109.0.5414.101 Mobile Safari/537.36 (compatible; Googlebot/2.1; +http://www.google.com/bot.html)"
66.249.73.230 - - [11/Feb/2023:23:20:11 +0000] "GET /download/BXXAnNMojMU HTTP/1.1" 404 6616 "-" "Mozilla/5.0 (compatible; Googlebot/2.1; +http://www.google.com/bot.html)"
66.249.73.230 - - [11/Feb/2023:23:20:20 +0000] "GET /download/b38eEIajDXw HTTP/1.1" 404 6616 "-" "Mozilla/5.0 (Linux; Android 6.0.1; Nexus 5X Build/MMB29P) AppleWebKit/537.36 (KHTML, like Gecko) Chrome/109.0.5414.101 Mobile Safari/537.36 (compatible; Googlebot/2.1; +http://www.google.com/bot.html)"
66.249.73.230 - - [11/Feb/2023:23:20:25 +0000] "GET /download/b38eEIajDXw HTTP/1.1" 404 6616 "-" "Mozilla/5.0 (compatible; Googlebot/2.1; +http://www.google.com/bot.html)"
66.249.73.230 - - [11/Feb/2023:23:20:34 +0000] "GET /download/TjON8rN4oNM HTTP/1.1" 404 6616 "-" "Mozilla/5.0 (compatible; Googlebot/2.1; +http://www.google.com/bot.html)"
66.249.73.230 - - [11/Feb/2023:23:20:43 +0000] "GET /download/TjON8rN4oNM HTTP/1.1" 404 6616 "-" "Mozilla/5.0 (Linux; Android 6.0.1; Nexus 5X Build/MMB29P) AppleWebKit/537.36 (KHTML, like Gecko) Chrome/109.0.5414.101 Mobile Safari/537.36 (compatible; Googlebot/2.1; +http://www.google.com/bot.html)"
66.249.73.230 - - [11/Feb/2023:23:20:48 +0000] "GET /download/lpbQJGaca6Q HTTP/1.1" 404 6622 "-" "Mozilla/5.0 (compatible; Googlebot/2.1; +http://www.google.com/bot.html)"
20.24.228.254 - - [11/Feb/2023:23:20:49 +0000] "GET /.env HTTP/1.1" 404 6622 "-" "Mozilla/5.0 (Linux; U; Android 4.4.2; en-US; HM NOTE 1W Build/KOT49H) AppleWebKit/534.30 (KHTML, like Gecko) Version/4.0 UCBrowser/11.0.5.850 U3/0.8.0 Mobile Safari/534.30"
20.24.228.254 - - [11/Feb/2023:23:20:51 +0000] "POST / HTTP/1.1" 405 885356 "-" "Mozilla/5.0 (Linux; U; Android 4.4.2; en-US; HM NOTE 1W Build/KOT49H) AppleWebKit/534.30 (KHTML, like Gecko) Version/4.0 UCBrowser/11.0.5.850 U3/0.8.0 Mobile Safari/534.30"
66.249.73.230 - - [11/Feb/2023:23:20:57 +0000] "GET /download/lpbQJGaca6Q HTTP/1.1" 404 6616 "-" "Mozilla/5.0 (Linux; Android 6.0.1; Nexus 5X Build/MMB29P) AppleWebKit/537.36 (KHTML, like Gecko) Chrome/109.0.5414.101 Mobile Safari/537.36 (compatible; Googlebot/2.1; +http://www.google.com/bot.html)"
66.249.73.234 - - [11/Feb/2023:23:21:02 +0000] "GET /download/vGZh6gyR_3w HTTP/1.1" 404 6616 "-" "Mozilla/5.0 (Linux; Android 6.0.1; Nexus 5X Build/MMB29P) AppleWebKit/537.36 (KHTML, like Gecko) Chrome/109.0.5414.101 Mobile Safari/537.36 (compatible; Googlebot/2.1; +http://www.google.com/bot.html)"
66.249.73.232 - - [11/Feb/2023:23:21:11 +0000] "GET /download/vGZh6gyR_3w HTTP/1.1" 404 6616 "-" "Mozilla/5.0 (compatible; Googlebot/2.1; +http://www.google.com/bot.html)"
66.249.73.230 - - [11/Feb/2023:23:21:15 +0000] "GET /download/c_AuZHrYNuc HTTP/1.1" 404 6616 "-" "Mozilla/5.0 (Linux; Android 6.0.1; Nexus 5X Build/MMB29P) AppleWebKit/537.36 (KHTML, like Gecko) Chrome/109.0.5414.101 Mobile Safari/537.36 (compatible; Googlebot/2.1; +http://www.google.com/bot.html)"
66.249.73.230 - - [11/Feb/2023:23:21:24 +0000] "GET /download/c_AuZHrYNuc HTTP/1.1" 404 6616 "-" "Mozilla/5.0 (compatible; Googlebot/2.1; +http://www.google.com/bot.html)"
66.249.73.230 - - [11/Feb/2023:23:21:33 +0000] "GET /download/EW4ordXPk8s HTTP/1.1" 404 6616 "-" "Mozilla/5.0 (Linux; Android 6.0.1; Nexus 5X Build/MMB29P) AppleWebKit/537.36 (KHTML, like Gecko) Chrome/109.0.5414.101 Mobile Safari/537.36 (compatible; Googlebot/2.1; +http://www.google.com/bot.html)"
66.249.73.230 - - [11/Feb/2023:23:21:38 +0000] "GET /download/EW4ordXPk8s HTTP/1.1" 404 6616 "-" "Mozilla/5.0 (compatible; Googlebot/2.1; +http://www.google.com/bot.html)"
66.249.73.230 - - [11/Feb/2023:23:21:47 +0000] "GET /download/4JvL1LSf2Jg HTTP/1.1" 404 6616 "-" "Mozilla/5.0 (compatible; Googlebot/2.1; +http://www.google.com/bot.html)"
66.249.73.230 - - [11/Feb/2023:23:21:52 +0000] "GET /download/4JvL1LSf2Jg HTTP/1.1" 404 6616 "-" "Mozilla/5.0 (Linux; Android 6.0.1; Nexus 5X Build/MMB29P) AppleWebKit/537.36 (KHTML, like Gecko) Chrome/109.0.5414.101 Mobile Safari/537.36 (compatible; Googlebot/2.1; +http://www.google.com/bot.html)"
66.249.73.232 - - [11/Feb/2023:23:22:01 +0000] "GET /download/PA-etJHs71o HTTP/1.1" 404 6622 "-" "Mozilla/5.0 (compatible; Googlebot/2.1; +http://www.google.com/bot.html)"
66.249.73.230 - - [11/Feb/2023:23:22:06 +0000] "GET /download/JmkUCN_TNIU HTTP/1.1" 404 6616 "-" "Mozilla/5.0 (Linux; Android 6.0.1; Nexus 5X Build/MMB29P) AppleWebKit/537.36 (KHTML, like Gecko) Chrome/109.0.5414.101 Mobile Safari/537.36 (compatible; Googlebot/2.1; +http://www.google.com/bot.html)"
66.249.73.230 - - [11/Feb/2023:23:22:15 +0000] "GET /download/PA-etJHs71o HTTP/1.1" 404 6622 "-" "Mozilla/5.0 (Linux; Android 6.0.1; Nexus 5X Build/MMB29P) AppleWebKit/537.36 (KHTML, like Gecko) Chrome/109.0.5414.101 Mobile Safari/537.36 (compatible; Googlebot/2.1; +http://www.google.com/bot.html)"
66.249.73.230 - - [11/Feb/2023:23:22:24 +0000] "GET /download/JmkUCN_TNIU HTTP/1.1" 404 6616 "-" "Mozilla/5.0 (compatible; Googlebot/2.1; +http://www.google.com/bot.html)"
66.249.73.230 - - [11/Feb/2023:23:22:29 +0000] "GET /download/njhyrZlmjHw HTTP/1.1" 404 6616 "-" "Mozilla/5.0 (Linux; Android 6.0.1; Nexus 5X Build/MMB29P) AppleWebKit/537.36 (KHTML, like Gecko) Chrome/109.0.5414.101 Mobile Safari/537.36 (compatible; Googlebot/2.1; +http://www.google.com/bot.html)"
66.249.73.230 - - [11/Feb/2023:23:22:38 +0000] "GET /download/njhyrZlmjHw HTTP/1.1" 404 6616 "-" "Mozilla/5.0 (compatible; Googlebot/2.1; +http://www.google.com/bot.html)"
66.249.73.230 - - [11/Feb/2023:23:22:42 +0000] "GET /download/Q6h3aONGtk0 HTTP/1.1" 404 6616 "-" "Mozilla/5.0 (compatible; Googlebot/2.1; +http://www.google.com/bot.html)"
66.249.73.230 - - [11/Feb/2023:23:22:51 +0000] "GET /download/Q6h3aONGtk0 HTTP/1.1" 404 6616 "-" "Mozilla/5.0 (Linux; Android 6.0.1; Nexus 5X Build/MMB29P) AppleWebKit/537.36 (KHTML, like Gecko) Chrome/109.0.5414.101 Mobile Safari/537.36 (compatible; Googlebot/2.1; +http://www.google.com/bot.html)"
66.249.73.230 - - [11/Feb/2023:23:22:56 +0000] "GET /download/SNHzrBHM3HY HTTP/1.1" 404 6616 "-" "Mozilla/5.0 (Linux; Android 6.0.1; Nexus 5X Build/MMB29P) AppleWebKit/537.36 (KHTML, like Gecko) Chrome/109.0.5414.101 Mobile Safari/537.36 (compatible; Googlebot/2.1; +http://www.google.com/bot.html)"
66.249.73.230 - - [11/Feb/2023:23:23:05 +0000] "GET /download/SNHzrBHM3HY HTTP/1.1" 404 6622 "-" "Mozilla/5.0 (compatible; Googlebot/2.1; +http://www.google.com/bot.html)"
66.249.73.230 - - [11/Feb/2023:23:23:14 +0000] "GET /download/H6iVmE-NeE0 HTTP/1.1" 404 6616 "-" "Mozilla/5.0 (compatible; Googlebot/2.1; +http://www.google.com/bot.html)"
66.249.73.230 - - [11/Feb/2023:23:23:19 +0000] "GET /download/H6iVmE-NeE0 HTTP/1.1" 404 6616 "-" "Mozilla/5.0 (Linux; Android 6.0.1; Nexus 5X Build/MMB29P) AppleWebKit/537.36 (KHTML, like Gecko) Chrome/109.0.5414.101 Mobile Safari/537.36 (compatible; Googlebot/2.1; +http://www.google.com/bot.html)"
66.249.73.230 - - [11/Feb/2023:23:23:28 +0000] "GET /download/QlS2-n4Ez3E HTTP/1.1" 404 6616 "-" "Mozilla/5.0 (compatible; Googlebot/2.1; +http://www.google.com/bot.html)"
66.249.73.230 - - [11/Feb/2023:23:23:33 +0000] "GET /download/qCqaW0_jQ0I HTTP/1.1" 404 6622 "-" "Mozilla/5.0 (Linux; Android 6.0.1; Nexus 5X Build/MMB29P) AppleWebKit/537.36 (KHTML, like Gecko) Chrome/109.0.5414.101 Mobile Safari/537.36 (compatible; Googlebot/2.1; +http://www.google.com/bot.html)"
66.249.73.230 - - [11/Feb/2023:23:23:42 +0000] "GET /download/QlS2-n4Ez3E HTTP/1.1" 404 6616 "-" "Mozilla/5.0 (Linux; Android 6.0.1; Nexus 5X Build/MMB29P) AppleWebKit/537.36 (KHTML, like Gecko) Chrome/109.0.5414.101 Mobile Safari/537.36 (compatible; Googlebot/2.1; +http://www.google.com/bot.html)"
66.249.73.230 - - [11/Feb/2023:23:23:46 +0000] "GET /download/qCqaW0_jQ0I HTTP/1.1" 404 6622 "-" "Mozilla/5.0 (compatible; Googlebot/2.1; +http://www.google.com/bot.html)"
66.249.73.230 - - [11/Feb/2023:23:23:56 +0000] "GET /download/QtNS_sSspBk HTTP/1.1" 404 6616 "-" "Mozilla/5.0 (Linux; Android 6.0.1; Nexus 5X Build/MMB29P) AppleWebKit/537.36 (KHTML, like Gecko) Chrome/109.0.5414.101 Mobile Safari/537.36 (compatible; Googlebot/2.1; +http://www.google.com/bot.html)"
66.249.73.230 - - [11/Feb/2023:23:24:05 +0000] "GET /download/QtNS_sSspBk HTTP/1.1" 404 6622 "-" "Mozilla/5.0 (compatible; Googlebot/2.1; +http://www.google.com/bot.html)"
66.249.73.230 - - [11/Feb/2023:23:24:09 +0000] "GET /download/wkaiJ7BbcVU HTTP/1.1" 404 6622 "-" "Mozilla/5.0 (compatible; Googlebot/2.1; +http://www.google.com/bot.html)"
66.249.73.230 - - [11/Feb/2023:23:24:18 +0000] "GET /download/wkaiJ7BbcVU HTTP/1.1" 404 6622 "-" "Mozilla/5.0 (Linux; Android 6.0.1; Nexus 5X Build/MMB29P) AppleWebKit/537.36 (KHTML, like Gecko) Chrome/109.0.5414.101 Mobile Safari/537.36 (compatible; Googlebot/2.1; +http://www.google.com/bot.html)"
66.249.73.230 - - [11/Feb/2023:23:24:23 +0000] "GET /download/g4hfK493hDk HTTP/1.1" 404 6616 "-" "Mozilla/5.0 (Linux; Android 6.0.1; Nexus 5X Build/MMB29P) AppleWebKit/537.36 (KHTML, like Gecko) Chrome/109.0.5414.101 Mobile Safari/537.36 (compatible; Googlebot/2.1; +http://www.google.com/bot.html)"
66.249.73.230 - - [11/Feb/2023:23:24:32 +0000] "GET /download/g4hfK493hDk HTTP/1.1" 404 6622 "-" "Mozilla/5.0 (compatible; Googlebot/2.1; +http://www.google.com/bot.html)"
66.249.73.230 - - [11/Feb/2023:23:24:37 +0000] "GET /download/AnbJBcN8x5E HTTP/1.1" 404 6622 "-" "Mozilla/5.0 (compatible; Googlebot/2.1; +http://www.google.com/bot.html)"
66.249.73.230 - - [11/Feb/2023:23:24:46 +0000] "GET /download/AnbJBcN8x5E HTTP/1.1" 404 6622 "-" "Mozilla/5.0 (Linux; Android 6.0.1; Nexus 5X Build/MMB29P) AppleWebKit/537.36 (KHTML, like Gecko) Chrome/109.0.5414.101 Mobile Safari/537.36 (compatible; Googlebot/2.1; +http://www.google.com/bot.html)"
66.249.73.230 - - [11/Feb/2023:23:24:55 +0000] "GET /download/atV3nncrsFY HTTP/1.1" 404 6616 "-" "Mozilla/5.0 (Linux; Android 6.0.1; Nexus 5X Build/MMB29P) AppleWebKit/537.36 (KHTML, like Gecko) Chrome/109.0.5414.101 Mobile Safari/537.36 (compatible; Googlebot/2.1; +http://www.google.com/bot.html)"
66.249.73.230 - - [11/Feb/2023:23:25:00 +0000] "GET /download/atV3nncrsFY HTTP/1.1" 404 6616 "-" "Mozilla/5.0 (compatible; Googlebot/2.1; +http://www.google.com/bot.html)"
66.249.73.230 - - [11/Feb/2023:23:25:09 +0000] "GET /download/kagZeteLKy4 HTTP/1.1" 404 6616 "-" "Mozilla/5.0 (Linux; Android 6.0.1; Nexus 5X Build/MMB29P) AppleWebKit/537.36 (KHTML, like Gecko) Chrome/109.0.5414.101 Mobile Safari/537.36 (compatible; Googlebot/2.1; +http://www.google.com/bot.html)"
66.249.73.230 - - [11/Feb/2023:23:25:13 +0000] "GET /download/kagZeteLKy4 HTTP/1.1" 404 6616 "-" "Mozilla/5.0 (compatible; Googlebot/2.1; +http://www.google.com/bot.html)"
66.249.73.230 - - [11/Feb/2023:23:25:23 +0000] "GET /download/kdIQeBWOn1A HTTP/1.1" 404 6616 "-" "Mozilla/5.0 (compatible; Googlebot/2.1; +http://www.google.com/bot.html)"
66.249.73.230 - - [11/Feb/2023:23:25:27 +0000] "GET /download/kdIQeBWOn1A HTTP/1.1" 404 6622 "-" "Mozilla/5.0 (Linux; Android 6.0.1; Nexus 5X Build/MMB29P) AppleWebKit/537.36 (KHTML, like Gecko) Chrome/109.0.5414.101 Mobile Safari/537.36 (compatible; Googlebot/2.1; +http://www.google.com/bot.html)"
66.249.73.230 - - [11/Feb/2023:23:25:36 +0000] "GET /download/okfCgwFnl1Y HTTP/1.1" 404 6616 "-" "Mozilla/5.0 (Linux; Android 6.0.1; Nexus 5X Build/MMB29P) AppleWebKit/537.36 (KHTML, like Gecko) Chrome/109.0.5414.101 Mobile Safari/537.36 (compatible; Googlebot/2.1; +http://www.google.com/bot.html)"
66.249.73.230 - - [11/Feb/2023:23:25:45 +0000] "GET /download/okfCgwFnl1Y HTTP/1.1" 404 6616 "-" "Mozilla/5.0 (compatible; Googlebot/2.1; +http://www.google.com/bot.html)"
66.249.73.230 - - [11/Feb/2023:23:25:50 +0000] "GET /download/1W10YrBmpzw HTTP/1.1" 404 6622 "-" "Mozilla/5.0 (Linux; Android 6.0.1; Nexus 5X Build/MMB29P) AppleWebKit/537.36 (KHTML, like Gecko) Chrome/109.0.5414.101 Mobile Safari/537.36 (compatible; Googlebot/2.1; +http://www.google.com/bot.html)"
66.249.73.230 - - [11/Feb/2023:23:25:59 +0000] "GET /download/1W10YrBmpzw HTTP/1.1" 404 6616 "-" "Mozilla/5.0 (compatible; Googlebot/2.1; +http://www.google.com/bot.html)"
66.249.73.232 - - [11/Feb/2023:23:26:04 +0000] "GET /download/-80AfFIbjEE HTTP/1.1" 404 6616 "-" "Mozilla/5.0 (Linux; Android 6.0.1; Nexus 5X Build/MMB29P) AppleWebKit/537.36 (KHTML, like Gecko) Chrome/109.0.5414.101 Mobile Safari/537.36 (compatible; Googlebot/2.1; +http://www.google.com/bot.html)"
66.249.73.232 - - [11/Feb/2023:23:26:13 +0000] "GET /download/-80AfFIbjEE HTTP/1.1" 404 6616 "-" "Mozilla/5.0 (compatible; Googlebot/2.1; +http://www.google.com/bot.html)"
66.249.73.230 - - [11/Feb/2023:23:26:17 +0000] "GET /download/ob1Q3oNVPqk HTTP/1.1" 404 6616 "-" "Mozilla/5.0 (Linux; Android 6.0.1; Nexus 5X Build/MMB29P) AppleWebKit/537.36 (KHTML, like Gecko) Chrome/109.0.5414.101 Mobile Safari/537.36 (compatible; Googlebot/2.1; +http://www.google.com/bot.html)"
66.249.73.230 - - [11/Feb/2023:23:26:26 +0000] "GET /download/ob1Q3oNVPqk HTTP/1.1" 404 6616 "-" "Mozilla/5.0 (compatible; Googlebot/2.1; +http://www.google.com/bot.html)"
66.249.73.230 - - [11/Feb/2023:23:26:36 +0000] "GET /download/abYNPPC_TW8 HTTP/1.1" 404 6616 "-" "Mozilla/5.0 (compatible; Googlebot/2.1; +http://www.google.com/bot.html)"
66.249.73.230 - - [11/Feb/2023:23:26:40 +0000] "GET /download/abYNPPC_TW8 HTTP/1.1" 404 6622 "-" "Mozilla/5.0 (Linux; Android 6.0.1; Nexus 5X Build/MMB29P) AppleWebKit/537.36 (KHTML, like Gecko) Chrome/109.0.5414.101 Mobile Safari/537.36 (compatible; Googlebot/2.1; +http://www.google.com/bot.html)"
66.249.73.230 - - [11/Feb/2023:23:26:49 +0000] "GET /download/8TraN-_O3NI HTTP/1.1" 404 6622 "-" "Mozilla/5.0 (Linux; Android 6.0.1; Nexus 5X Build/MMB29P) AppleWebKit/537.36 (KHTML, like Gecko) Chrome/109.0.5414.101 Mobile Safari/537.36 (compatible; Googlebot/2.1; +http://www.google.com/bot.html)"
66.249.73.230 - - [11/Feb/2023:23:26:54 +0000] "GET /download/8TraN-_O3NI HTTP/1.1" 404 6616 "-" "Mozilla/5.0 (compatible; Googlebot/2.1; +http://www.google.com/bot.html)"
66.249.73.234 - - [11/Feb/2023:23:27:03 +0000] "GET /download/hPnw4-xw33A HTTP/1.1" 404 6616 "-" "Mozilla/5.0 (Linux; Android 6.0.1; Nexus 5X Build/MMB29P) AppleWebKit/537.36 (KHTML, like Gecko) Chrome/109.0.5414.101 Mobile Safari/537.36 (compatible; Googlebot/2.1; +http://www.google.com/bot.html)"
66.249.73.232 - - [11/Feb/2023:23:27:08 +0000] "GET /download/hPnw4-xw33A HTTP/1.1" 404 6622 "-" "Mozilla/5.0 (compatible; Googlebot/2.1; +http://www.google.com/bot.html)"
191.96.227.144 - - [11/Feb/2023:23:27:16 +0000] "GET /.env HTTP/1.1" 404 6616 "-" "Mozilla/5.0 (Linux; U; Android 4.4.2; en-US; HM NOTE 1W Build/KOT49H) AppleWebKit/534.30 (KHTML, like Gecko) Version/4.0 UCBrowser/11.0.5.850 U3/0.8.0 Mobile Safari/534.30"
66.249.73.230 - - [11/Feb/2023:23:27:17 +0000] "GET /download/1LaKzk67GhQ HTTP/1.1" 404 6616 "-" "Mozilla/5.0 (Linux; Android 6.0.1; Nexus 5X Build/MMB29P) AppleWebKit/537.36 (KHTML, like Gecko) Chrome/109.0.5414.101 Mobile Safari/537.36 (compatible; Googlebot/2.1; +http://www.google.com/bot.html)"
191.96.227.144 - - [11/Feb/2023:23:27:19 +0000] "POST / HTTP/1.1" 405 885284 "-" "Mozilla/5.0 (Linux; U; Android 4.4.2; en-US; HM NOTE 1W Build/KOT49H) AppleWebKit/534.30 (KHTML, like Gecko) Version/4.0 UCBrowser/11.0.5.850 U3/0.8.0 Mobile Safari/534.30"
66.249.73.230 - - [11/Feb/2023:23:27:26 +0000] "GET /download/1LaKzk67GhQ HTTP/1.1" 404 6616 "-" "Mozilla/5.0 (compatible; Googlebot/2.1; +http://www.google.com/bot.html)"
66.249.73.230 - - [11/Feb/2023:23:27:31 +0000] "GET /download/jsgx1L5Ysqw HTTP/1.1" 404 6616 "-" "Mozilla/5.0 (compatible; Googlebot/2.1; +http://www.google.com/bot.html)"
66.249.73.230 - - [11/Feb/2023:23:27:40 +0000] "GET /download/jsgx1L5Ysqw HTTP/1.1" 404 6616 "-" "Mozilla/5.0 (Linux; Android 6.0.1; Nexus 5X Build/MMB29P) AppleWebKit/537.36 (KHTML, like Gecko) Chrome/109.0.5414.101 Mobile Safari/537.36 (compatible; Googlebot/2.1; +http://www.google.com/bot.html)"
66.249.73.230 - - [11/Feb/2023:23:27:44 +0000] "GET /download/CxmRva4KBck HTTP/1.1" 404 6616 "-" "Mozilla/5.0 (compatible; Googlebot/2.1; +http://www.google.com/bot.html)"
66.249.73.230 - - [11/Feb/2023:23:27:53 +0000] "GET /download/CxmRva4KBck HTTP/1.1" 404 6622 "-" "Mozilla/5.0 (Linux; Android 6.0.1; Nexus 5X Build/MMB29P) AppleWebKit/537.36 (KHTML, like Gecko) Chrome/109.0.5414.101 Mobile Safari/537.36 (compatible; Googlebot/2.1; +http://www.google.com/bot.html)"
66.249.73.230 - - [11/Feb/2023:23:27:58 +0000] "GET /download/-rjyMxrjhks HTTP/1.1" 404 6622 "-" "Mozilla/5.0 (compatible; Googlebot/2.1; +http://www.google.com/bot.html)"
66.249.73.230 - - [11/Feb/2023:23:28:07 +0000] "GET /download/s2_NQUi8gvo HTTP/1.1" 404 6616 "-" "Mozilla/5.0 (compatible; Googlebot/2.1; +http://www.google.com/bot.html)"
66.249.73.230 - - [11/Feb/2023:23:28:16 +0000] "GET /download/-rjyMxrjhks HTTP/1.1" 404 6616 "-" "Mozilla/5.0 (Linux; Android 6.0.1; Nexus 5X Build/MMB29P) AppleWebKit/537.36 (KHTML, like Gecko) Chrome/109.0.5414.101 Mobile Safari/537.36 (compatible; Googlebot/2.1; +http://www.google.com/bot.html)"
66.249.73.230 - - [11/Feb/2023:23:28:21 +0000] "GET /download/s2_NQUi8gvo HTTP/1.1" 404 6616 "-" "Mozilla/5.0 (Linux; Android 6.0.1; Nexus 5X Build/MMB29P) AppleWebKit/537.36 (KHTML, like Gecko) Chrome/109.0.5414.101 Mobile Safari/537.36 (compatible; Googlebot/2.1; +http://www.google.com/bot.html)"
66.249.73.230 - - [11/Feb/2023:23:28:30 +0000] "GET /download/nHK4qCt48JI HTTP/1.1" 404 6616 "-" "Mozilla/5.0 (Linux; Android 6.0.1; Nexus 5X Build/MMB29P) AppleWebKit/537.36 (KHTML, like Gecko) Chrome/109.0.5414.101 Mobile Safari/537.36 (compatible; Googlebot/2.1; +http://www.google.com/bot.html)"
66.249.73.230 - - [11/Feb/2023:23:28:35 +0000] "GET /download/nHK4qCt48JI HTTP/1.1" 404 6616 "-" "Mozilla/5.0 (compatible; Googlebot/2.1; +http://www.google.com/bot.html)"
66.249.73.230 - - [11/Feb/2023:23:28:44 +0000] "GET /download/WbT9qHQLGfE HTTP/1.1" 404 6616 "-" "Mozilla/5.0 (compatible; Googlebot/2.1; +http://www.google.com/bot.html)"
66.249.73.230 - - [11/Feb/2023:23:28:48 +0000] "GET /download/WbT9qHQLGfE HTTP/1.1" 404 6616 "-" "Mozilla/5.0 (Linux; Android 6.0.1; Nexus 5X Build/MMB29P) AppleWebKit/537.36 (KHTML, like Gecko) Chrome/109.0.5414.101 Mobile Safari/537.36 (compatible; Googlebot/2.1; +http://www.google.com/bot.html)"
66.249.73.230 - - [11/Feb/2023:23:28:58 +0000] "GET /download/ZngafXbigEE HTTP/1.1" 404 6616 "-" "Mozilla/5.0 (compatible; Googlebot/2.1; +http://www.google.com/bot.html)"
66.249.73.230 - - [11/Feb/2023:23:29:07 +0000] "GET /download/ZngafXbigEE HTTP/1.1" 404 6616 "-" "Mozilla/5.0 (Linux; Android 6.0.1; Nexus 5X Build/MMB29P) AppleWebKit/537.36 (KHTML, like Gecko) Chrome/109.0.5414.101 Mobile Safari/537.36 (compatible; Googlebot/2.1; +http://www.google.com/bot.html)"
66.249.73.230 - - [11/Feb/2023:23:29:11 +0000] "GET /download/fP1hh1h2Oas HTTP/1.1" 404 6616 "-" "Mozilla/5.0 (Linux; Android 6.0.1; Nexus 5X Build/MMB29P) AppleWebKit/537.36 (KHTML, like Gecko) Chrome/109.0.5414.101 Mobile Safari/537.36 (compatible; Googlebot/2.1; +http://www.google.com/bot.html)"
66.249.73.230 - - [11/Feb/2023:23:29:21 +0000] "GET /download/fP1hh1h2Oas HTTP/1.1" 404 6616 "-" "Mozilla/5.0 (compatible; Googlebot/2.1; +http://www.google.com/bot.html)"
66.249.73.230 - - [11/Feb/2023:23:29:25 +0000] "GET /download/tSN7DPIH8I0 HTTP/1.1" 404 6622 "-" "Mozilla/5.0 (Linux; Android 6.0.1; Nexus 5X Build/MMB29P) AppleWebKit/537.36 (KHTML, like Gecko) Chrome/109.0.5414.101 Mobile Safari/537.36 (compatible; Googlebot/2.1; +http://www.google.com/bot.html)"
66.249.73.230 - - [11/Feb/2023:23:29:34 +0000] "GET /download/tSN7DPIH8I0 HTTP/1.1" 404 6616 "-" "Mozilla/5.0 (compatible; Googlebot/2.1; +http://www.google.com/bot.html)"
66.249.73.230 - - [11/Feb/2023:23:29:39 +0000] "GET /download/_xp_93PqTGk HTTP/1.1" 404 6616 "-" "Mozilla/5.0 (Linux; Android 6.0.1; Nexus 5X Build/MMB29P) AppleWebKit/537.36 (KHTML, like Gecko) Chrome/109.0.5414.101 Mobile Safari/537.36 (compatible; Googlebot/2.1; +http://www.google.com/bot.html)"
66.249.73.230 - - [11/Feb/2023:23:29:48 +0000] "GET /download/_xp_93PqTGk HTTP/1.1" 404 6616 "-" "Mozilla/5.0 (compatible; Googlebot/2.1; +http://www.google.com/bot.html)"
66.249.73.230 - - [11/Feb/2023:23:29:57 +0000] "GET /download/fOsblQMYetk HTTP/1.1" 404 6622 "-" "Mozilla/5.0 (Linux; Android 6.0.1; Nexus 5X Build/MMB29P) AppleWebKit/537.36 (KHTML, like Gecko) Chrome/109.0.5414.101 Mobile Safari/537.36 (compatible; Googlebot/2.1; +http://www.google.com/bot.html)"
66.249.73.232 - - [11/Feb/2023:23:30:02 +0000] "GET /download/fOsblQMYetk HTTP/1.1" 404 6616 "-" "Mozilla/5.0 (compatible; Googlebot/2.1; +http://www.google.com/bot.html)"
66.249.73.232 - - [11/Feb/2023:23:30:11 +0000] "GET /download/mqYUERe769Q HTTP/1.1" 404 6622 "-" "Mozilla/5.0 (Linux; Android 6.0.1; Nexus 5X Build/MMB29P) AppleWebKit/537.36 (KHTML, like Gecko) Chrome/109.0.5414.101 Mobile Safari/537.36 (compatible; Googlebot/2.1; +http://www.google.com/bot.html)"
66.249.73.230 - - [11/Feb/2023:23:30:15 +0000] "GET /download/mqYUERe769Q HTTP/1.1" 404 6616 "-" "Mozilla/5.0 (compatible; Googlebot/2.1; +http://www.google.com/bot.html)"
66.249.73.230 - - [11/Feb/2023:23:30:25 +0000] "GET /download/a8uWfmuqRmQ HTTP/1.1" 404 6622 "-" "Mozilla/5.0 (Linux; Android 6.0.1; Nexus 5X Build/MMB29P) AppleWebKit/537.36 (KHTML, like Gecko) Chrome/109.0.5414.101 Mobile Safari/537.36 (compatible; Googlebot/2.1; +http://www.google.com/bot.html)"
66.249.73.230 - - [11/Feb/2023:23:30:29 +0000] "GET /download/a8uWfmuqRmQ HTTP/1.1" 404 6616 "-" "Mozilla/5.0 (compatible; Googlebot/2.1; +http://www.google.com/bot.html)"
66.249.73.230 - - [11/Feb/2023:23:30:38 +0000] "GET /download/yUQkn12YnK8 HTTP/1.1" 404 6616 "-" "Mozilla/5.0 (Linux; Android 6.0.1; Nexus 5X Build/MMB29P) AppleWebKit/537.36 (KHTML, like Gecko) Chrome/109.0.5414.101 Mobile Safari/537.36 (compatible; Googlebot/2.1; +http://www.google.com/bot.html)"
66.249.73.230 - - [11/Feb/2023:23:30:43 +0000] "GET /download/PitLL_hXp8U HTTP/1.1" 404 6616 "-" "Mozilla/5.0 (Linux; Android 6.0.1; Nexus 5X Build/MMB29P) AppleWebKit/537.36 (KHTML, like Gecko) Chrome/109.0.5414.101 Mobile Safari/537.36 (compatible; Googlebot/2.1; +http://www.google.com/bot.html)"
66.249.73.230 - - [11/Feb/2023:23:30:48 +0000] "GET /download/yUQkn12YnK8 HTTP/1.1" 404 6616 "-" "Mozilla/5.0 (compatible; Googlebot/2.1; +http://www.google.com/bot.html)"
51.79.29.48 - - [11/Feb/2023:23:30:52 +0000] "POST / HTTP/1.1" 405 885024 "-" "Mozilla/5.0 (X11; Linux x86_64) AppleWebKit/537.36 (KHTML, like Gecko) Chrome/81.0.4044.129 Safari/537.36"
66.249.73.230 - - [11/Feb/2023:23:30:52 +0000] "GET /download/RJpG_z0Fa7E HTTP/1.1" 404 6616 "-" "Mozilla/5.0 (Linux; Android 6.0.1; Nexus 5X Build/MMB29P) AppleWebKit/537.36 (KHTML, like Gecko) Chrome/109.0.5414.101 Mobile Safari/537.36 (compatible; Googlebot/2.1; +http://www.google.com/bot.html)"
51.79.29.48 - - [11/Feb/2023:23:30:53 +0000] "GET /.env HTTP/1.1" 404 6622 "-" "Mozilla/5.0 (X11; Linux x86_64) AppleWebKit/537.36 (KHTML, like Gecko) Chrome/81.0.4044.129 Safari/537.36"
66.249.73.230 - - [11/Feb/2023:23:31:01 +0000] "GET /download/RJpG_z0Fa7E HTTP/1.1" 404 6616 "-" "Mozilla/5.0 (compatible; Googlebot/2.1; +http://www.google.com/bot.html)"
66.249.73.232 - - [11/Feb/2023:23:31:06 +0000] "GET /download/Gcm9KPUGGq0 HTTP/1.1" 404 6616 "-" "Mozilla/5.0 (Linux; Android 6.0.1; Nexus 5X Build/MMB29P) AppleWebKit/537.36 (KHTML, like Gecko) Chrome/109.0.5414.101 Mobile Safari/537.36 (compatible; Googlebot/2.1; +http://www.google.com/bot.html)"
66.249.73.230 - - [11/Feb/2023:23:31:15 +0000] "GET /download/Gcm9KPUGGq0 HTTP/1.1" 404 6616 "-" "Mozilla/5.0 (compatible; Googlebot/2.1; +http://www.google.com/bot.html)"
66.249.73.230 - - [11/Feb/2023:23:31:20 +0000] "GET /download/SO7NppxsMFY HTTP/1.1" 404 6616 "-" "Mozilla/5.0 (Linux; Android 6.0.1; Nexus 5X Build/MMB29P) AppleWebKit/537.36 (KHTML, like Gecko) Chrome/109.0.5414.101 Mobile Safari/537.36 (compatible; Googlebot/2.1; +http://www.google.com/bot.html)"
66.249.73.230 - - [11/Feb/2023:23:31:29 +0000] "GET /download/SO7NppxsMFY HTTP/1.1" 404 6616 "-" "Mozilla/5.0 (compatible; Googlebot/2.1; +http://www.google.com/bot.html)"
66.249.73.230 - - [11/Feb/2023:23:31:38 +0000] "GET /download/MgVwN5yb5LQ HTTP/1.1" 404 6616 "-" "Mozilla/5.0 (compatible; Googlebot/2.1; +http://www.google.com/bot.html)"
66.249.73.230 - - [11/Feb/2023:23:31:42 +0000] "GET /download/MgVwN5yb5LQ HTTP/1.1" 404 6616 "-" "Mozilla/5.0 (Linux; Android 6.0.1; Nexus 5X Build/MMB29P) AppleWebKit/537.36 (KHTML, like Gecko) Chrome/109.0.5414.101 Mobile Safari/537.36 (compatible; Googlebot/2.1; +http://www.google.com/bot.html)"
66.249.73.230 - - [11/Feb/2023:23:31:52 +0000] "GET /download/FYB1aP6j2Vo HTTP/1.1" 404 6622 "-" "Mozilla/5.0 (Linux; Android 6.0.1; Nexus 5X Build/MMB29P) AppleWebKit/537.36 (KHTML, like Gecko) Chrome/109.0.5414.101 Mobile Safari/537.36 (compatible; Googlebot/2.1; +http://www.google.com/bot.html)"
66.249.73.230 - - [11/Feb/2023:23:31:56 +0000] "GET /download/FYB1aP6j2Vo HTTP/1.1" 404 6622 "-" "Mozilla/5.0 (compatible; Googlebot/2.1; +http://www.google.com/bot.html)"
66.249.73.230 - - [11/Feb/2023:23:32:05 +0000] "GET /download/b_4Kc9pE8xE HTTP/1.1" 404 6616 "-" "Mozilla/5.0 (compatible; Googlebot/2.1; +http://www.google.com/bot.html)"
66.249.73.230 - - [11/Feb/2023:23:32:10 +0000] "GET /download/b_4Kc9pE8xE HTTP/1.1" 404 6616 "-" "Mozilla/5.0 (Linux; Android 6.0.1; Nexus 5X Build/MMB29P) AppleWebKit/537.36 (KHTML, like Gecko) Chrome/109.0.5414.101 Mobile Safari/537.36 (compatible; Googlebot/2.1; +http://www.google.com/bot.html)"
66.249.73.230 - - [11/Feb/2023:23:32:19 +0000] "GET /download/4w_XPu2C6V0 HTTP/1.1" 404 6616 "-" "Mozilla/5.0 (Linux; Android 6.0.1; Nexus 5X Build/MMB29P) AppleWebKit/537.36 (KHTML, like Gecko) Chrome/109.0.5414.101 Mobile Safari/537.36 (compatible; Googlebot/2.1; +http://www.google.com/bot.html)"
66.249.73.230 - - [11/Feb/2023:23:32:28 +0000] "GET /download/4w_XPu2C6V0 HTTP/1.1" 404 6616 "-" "Mozilla/5.0 (compatible; Googlebot/2.1; +http://www.google.com/bot.html)"
66.249.73.230 - - [11/Feb/2023:23:32:33 +0000] "GET /download/543u5fjNNU4 HTTP/1.1" 404 6616 "-" "Mozilla/5.0 (Linux; Android 6.0.1; Nexus 5X Build/MMB29P) AppleWebKit/537.36 (KHTML, like Gecko) Chrome/109.0.5414.101 Mobile Safari/537.36 (compatible; Googlebot/2.1; +http://www.google.com/bot.html)"
66.249.73.230 - - [11/Feb/2023:23:32:42 +0000] "GET /download/543u5fjNNU4 HTTP/1.1" 404 6622 "-" "Mozilla/5.0 (compatible; Googlebot/2.1; +http://www.google.com/bot.html)"
66.249.73.230 - - [11/Feb/2023:23:32:47 +0000] "GET /download/wokWaC516Wo HTTP/1.1" 404 6622 "-" "Mozilla/5.0 (compatible; Googlebot/2.1; +http://www.google.com/bot.html)"
66.249.73.230 - - [11/Feb/2023:23:32:56 +0000] "GET /download/wokWaC516Wo HTTP/1.1" 404 6622 "-" "Mozilla/5.0 (Linux; Android 6.0.1; Nexus 5X Build/MMB29P) AppleWebKit/537.36 (KHTML, like Gecko) Chrome/109.0.5414.101 Mobile Safari/537.36 (compatible; Googlebot/2.1; +http://www.google.com/bot.html)"
66.249.73.234 - - [11/Feb/2023:23:33:00 +0000] "GET /download/Q1y5Soj4OPI HTTP/1.1" 404 6622 "-" "Mozilla/5.0 (Linux; Android 6.0.1; Nexus 5X Build/MMB29P) AppleWebKit/537.36 (KHTML, like Gecko) Chrome/109.0.5414.101 Mobile Safari/537.36 (compatible; Googlebot/2.1; +http://www.google.com/bot.html)"
66.249.73.232 - - [11/Feb/2023:23:33:10 +0000] "GET /download/Q1y5Soj4OPI HTTP/1.1" 404 6616 "-" "Mozilla/5.0 (compatible; Googlebot/2.1; +http://www.google.com/bot.html)"
66.249.73.230 - - [11/Feb/2023:23:33:19 +0000] "GET /download/WMb9zsU7Yrk HTTP/1.1" 404 6616 "-" "Mozilla/5.0 (compatible; Googlebot/2.1; +http://www.google.com/bot.html)"
66.249.73.230 - - [11/Feb/2023:23:33:23 +0000] "GET /download/WMb9zsU7Yrk HTTP/1.1" 404 6622 "-" "Mozilla/5.0 (Linux; Android 6.0.1; Nexus 5X Build/MMB29P) AppleWebKit/537.36 (KHTML, like Gecko) Chrome/109.0.5414.101 Mobile Safari/537.36 (compatible; Googlebot/2.1; +http://www.google.com/bot.html)"
66.249.73.230 - - [11/Feb/2023:23:33:32 +0000] "GET /download/HbkIqPOkKfk HTTP/1.1" 404 6616 "-" "Mozilla/5.0 (Linux; Android 6.0.1; Nexus 5X Build/MMB29P) AppleWebKit/537.36 (KHTML, like Gecko) Chrome/109.0.5414.101 Mobile Safari/537.36 (compatible; Googlebot/2.1; +http://www.google.com/bot.html)"
66.249.73.230 - - [11/Feb/2023:23:33:37 +0000] "GET /download/HbkIqPOkKfk HTTP/1.1" 404 6622 "-" "Mozilla/5.0 (compatible; Googlebot/2.1; +http://www.google.com/bot.html)"
66.249.73.230 - - [11/Feb/2023:23:33:46 +0000] "GET /download/lFC48m4Bx8U HTTP/1.1" 404 6616 "-" "Mozilla/5.0 (Linux; Android 6.0.1; Nexus 5X Build/MMB29P) AppleWebKit/537.36 (KHTML, like Gecko) Chrome/109.0.5414.101 Mobile Safari/537.36 (compatible; Googlebot/2.1; +http://www.google.com/bot.html)"
66.249.73.230 - - [11/Feb/2023:23:33:51 +0000] "GET /download/lFC48m4Bx8U HTTP/1.1" 404 6622 "-" "Mozilla/5.0 (compatible; Googlebot/2.1; +http://www.google.com/bot.html)"
66.249.73.232 - - [11/Feb/2023:23:34:00 +0000] "GET /download/Psk59CMjAGo HTTP/1.1" 404 6616 "-" "Mozilla/5.0 (compatible; Googlebot/2.1; +http://www.google.com/bot.html)"
66.249.73.232 - - [11/Feb/2023:23:34:09 +0000] "GET /download/Psk59CMjAGo HTTP/1.1" 404 6616 "-" "Mozilla/5.0 (Linux; Android 6.0.1; Nexus 5X Build/MMB29P) AppleWebKit/537.36 (KHTML, like Gecko) Chrome/109.0.5414.101 Mobile Safari/537.36 (compatible; Googlebot/2.1; +http://www.google.com/bot.html)"
66.249.73.230 - - [11/Feb/2023:23:34:14 +0000] "GET /download/dLJDBJdc5So HTTP/1.1" 404 6622 "-" "Mozilla/5.0 (compatible; Googlebot/2.1; +http://www.google.com/bot.html)"
66.249.73.230 - - [11/Feb/2023:23:34:23 +0000] "GET /download/dLJDBJdc5So HTTP/1.1" 404 6616 "-" "Mozilla/5.0 (Linux; Android 6.0.1; Nexus 5X Build/MMB29P) AppleWebKit/537.36 (KHTML, like Gecko) Chrome/109.0.5414.101 Mobile Safari/537.36 (compatible; Googlebot/2.1; +http://www.google.com/bot.html)"
66.249.73.230 - - [11/Feb/2023:23:34:27 +0000] "GET /download/YWiueEoQzMc HTTP/1.1" 404 6622 "-" "Mozilla/5.0 (compatible; Googlebot/2.1; +http://www.google.com/bot.html)"
66.249.73.230 - - [11/Feb/2023:23:34:37 +0000] "GET /download/YWiueEoQzMc HTTP/1.1" 404 6616 "-" "Mozilla/5.0 (Linux; Android 6.0.1; Nexus 5X Build/MMB29P) AppleWebKit/537.36 (KHTML, like Gecko) Chrome/109.0.5414.101 Mobile Safari/537.36 (compatible; Googlebot/2.1; +http://www.google.com/bot.html)"
66.249.73.230 - - [11/Feb/2023:23:34:42 +0000] "GET /download/RVoOEbgMKmA HTTP/1.1" 404 6616 "-" "Mozilla/5.0 (Linux; Android 6.0.1; Nexus 5X Build/MMB29P) AppleWebKit/537.36 (KHTML, like Gecko) Chrome/109.0.5414.101 Mobile Safari/537.36 (compatible; Googlebot/2.1; +http://www.google.com/bot.html)"
66.249.73.230 - - [11/Feb/2023:23:34:50 +0000] "GET /download/RVoOEbgMKmA HTTP/1.1" 404 6616 "-" "Mozilla/5.0 (compatible; Googlebot/2.1; +http://www.google.com/bot.html)"
66.249.73.230 - - [11/Feb/2023:23:34:59 +0000] "GET /download/bfsFt1s8wK4 HTTP/1.1" 404 6622 "-" "Mozilla/5.0 (Linux; Android 6.0.1; Nexus 5X Build/MMB29P) AppleWebKit/537.36 (KHTML, like Gecko) Chrome/109.0.5414.101 Mobile Safari/537.36 (compatible; Googlebot/2.1; +http://www.google.com/bot.html)"
66.249.73.230 - - [11/Feb/2023:23:35:04 +0000] "GET /download/bfsFt1s8wK4 HTTP/1.1" 404 6622 "-" "Mozilla/5.0 (compatible; Googlebot/2.1; +http://www.google.com/bot.html)"
66.249.73.232 - - [11/Feb/2023:23:35:13 +0000] "GET /download/FvIb99urD2c HTTP/1.1" 404 6616 "-" "Mozilla/5.0 (Linux; Android 6.0.1; Nexus 5X Build/MMB29P) AppleWebKit/537.36 (KHTML, like Gecko) Chrome/109.0.5414.101 Mobile Safari/537.36 (compatible; Googlebot/2.1; +http://www.google.com/bot.html)"
66.249.73.230 - - [11/Feb/2023:23:35:18 +0000] "GET /download/FvIb99urD2c HTTP/1.1" 404 6616 "-" "Mozilla/5.0 (compatible; Googlebot/2.1; +http://www.google.com/bot.html)"
66.249.73.230 - - [11/Feb/2023:23:35:27 +0000] "GET /download/1c1kLFsIfks HTTP/1.1" 404 6622 "-" "Mozilla/5.0 (Linux; Android 6.0.1; Nexus 5X Build/MMB29P) AppleWebKit/537.36 (KHTML, like Gecko) Chrome/109.0.5414.101 Mobile Safari/537.36 (compatible; Googlebot/2.1; +http://www.google.com/bot.html)"
66.249.73.230 - - [11/Feb/2023:23:35:31 +0000] "GET /download/1c1kLFsIfks HTTP/1.1" 404 6622 "-" "Mozilla/5.0 (compatible; Googlebot/2.1; +http://www.google.com/bot.html)"
66.249.73.230 - - [11/Feb/2023:23:35:41 +0000] "GET /download/BLbiTDLG9yc HTTP/1.1" 404 6622 "-" "Mozilla/5.0 (Linux; Android 6.0.1; Nexus 5X Build/MMB29P) AppleWebKit/537.36 (KHTML, like Gecko) Chrome/109.0.5414.101 Mobile Safari/537.36 (compatible; Googlebot/2.1; +http://www.google.com/bot.html)"
66.249.73.230 - - [11/Feb/2023:23:35:50 +0000] "GET /download/BLbiTDLG9yc HTTP/1.1" 404 6616 "-" "Mozilla/5.0 (compatible; Googlebot/2.1; +http://www.google.com/bot.html)"
66.249.73.230 - - [11/Feb/2023:23:35:54 +0000] "GET /download/1wlAD31yy68 HTTP/1.1" 404 6622 "-" "Mozilla/5.0 (Linux; Android 6.0.1; Nexus 5X Build/MMB29P) AppleWebKit/537.36 (KHTML, like Gecko) Chrome/109.0.5414.101 Mobile Safari/537.36 (compatible; Googlebot/2.1; +http://www.google.com/bot.html)"
66.249.73.230 - - [11/Feb/2023:23:35:59 +0000] "GET /download/XirXT-TynJw HTTP/1.1" 404 6616 "-" "Mozilla/5.0 (compatible; Googlebot/2.1; +http://www.google.com/bot.html)"
66.249.73.232 - - [11/Feb/2023:23:36:03 +0000] "GET /download/1wlAD31yy68 HTTP/1.1" 404 6622 "-" "Mozilla/5.0 (compatible; Googlebot/2.1; +http://www.google.com/bot.html)"
66.249.73.232 - - [11/Feb/2023:23:36:08 +0000] "GET /download/CDD4exgsgcs HTTP/1.1" 404 6616 "-" "Mozilla/5.0 (compatible; Googlebot/2.1; +http://www.google.com/bot.html)"
66.249.73.230 - - [11/Feb/2023:23:36:13 +0000] "GET /download/XirXT-TynJw HTTP/1.1" 404 6616 "-" "Mozilla/5.0 (Linux; Android 6.0.1; Nexus 5X Build/MMB29P) AppleWebKit/537.36 (KHTML, like Gecko) Chrome/109.0.5414.101 Mobile Safari/537.36 (compatible; Googlebot/2.1; +http://www.google.com/bot.html)"
66.249.73.230 - - [11/Feb/2023:23:36:17 +0000] "GET /download/CDD4exgsgcs HTTP/1.1" 404 6616 "-" "Mozilla/5.0 (Linux; Android 6.0.1; Nexus 5X Build/MMB29P) AppleWebKit/537.36 (KHTML, like Gecko) Chrome/109.0.5414.101 Mobile Safari/537.36 (compatible; Googlebot/2.1; +http://www.google.com/bot.html)"
66.249.73.230 - - [11/Feb/2023:23:36:22 +0000] "GET /download/vY8ZlRf0qwM HTTP/1.1" 404 6616 "-" "Mozilla/5.0 (compatible; Googlebot/2.1; +http://www.google.com/bot.html)"
66.249.73.230 - - [11/Feb/2023:23:36:31 +0000] "GET /download/vY8ZlRf0qwM HTTP/1.1" 404 6616 "-" "Mozilla/5.0 (Linux; Android 6.0.1; Nexus 5X Build/MMB29P) AppleWebKit/537.36 (KHTML, like Gecko) Chrome/109.0.5414.101 Mobile Safari/537.36 (compatible; Googlebot/2.1; +http://www.google.com/bot.html)"
66.249.73.230 - - [11/Feb/2023:23:36:36 +0000] "GET /download/K4wq0zgPu8Q HTTP/1.1" 404 6622 "-" "Mozilla/5.0 (compatible; Googlebot/2.1; +http://www.google.com/bot.html)"
66.249.73.230 - - [11/Feb/2023:23:36:40 +0000] "GET /download/IAcD-Okr3xU HTTP/1.1" 404 6616 "-" "Mozilla/5.0 (Linux; Android 6.0.1; Nexus 5X Build/MMB29P) AppleWebKit/537.36 (KHTML, like Gecko) Chrome/109.0.5414.101 Mobile Safari/537.36 (compatible; Googlebot/2.1; +http://www.google.com/bot.html)"
66.249.73.230 - - [11/Feb/2023:23:36:45 +0000] "GET /download/IAcD-Okr3xU HTTP/1.1" 404 6616 "-" "Mozilla/5.0 (compatible; Googlebot/2.1; +http://www.google.com/bot.html)"
66.249.73.230 - - [11/Feb/2023:23:36:54 +0000] "GET /download/ZvhL_mYfXe0 HTTP/1.1" 404 6616 "-" "Mozilla/5.0 (compatible; Googlebot/2.1; +http://www.google.com/bot.html)"
66.249.73.230 - - [11/Feb/2023:23:36:58 +0000] "GET /download/ZvhL_mYfXe0 HTTP/1.1" 404 6622 "-" "Mozilla/5.0 (Linux; Android 6.0.1; Nexus 5X Build/MMB29P) AppleWebKit/537.36 (KHTML, like Gecko) Chrome/109.0.5414.101 Mobile Safari/537.36 (compatible; Googlebot/2.1; +http://www.google.com/bot.html)"
66.249.73.232 - - [11/Feb/2023:23:37:03 +0000] "GET /download/K4wq0zgPu8Q HTTP/1.1" 404 6622 "-" "Mozilla/5.0 (Linux; Android 6.0.1; Nexus 5X Build/MMB29P) AppleWebKit/537.36 (KHTML, like Gecko) Chrome/109.0.5414.101 Mobile Safari/537.36 (compatible; Googlebot/2.1; +http://www.google.com/bot.html)"
66.249.73.232 - - [11/Feb/2023:23:37:08 +0000] "GET /download/UCiNB6pdRnA HTTP/1.1" 404 6622 "-" "Mozilla/5.0 (compatible; Googlebot/2.1; +http://www.google.com/bot.html)"
66.249.73.230 - - [11/Feb/2023:23:37:12 +0000] "GET /download/FfWczTMp1dk HTTP/1.1" 404 6616 "-" "Mozilla/5.0 (compatible; Googlebot/2.1; +http://www.google.com/bot.html)"
66.249.73.230 - - [11/Feb/2023:23:37:21 +0000] "GET /download/UCiNB6pdRnA HTTP/1.1" 404 6616 "-" "Mozilla/5.0 (Linux; Android 6.0.1; Nexus 5X Build/MMB29P) AppleWebKit/537.36 (KHTML, like Gecko) Chrome/109.0.5414.101 Mobile Safari/537.36 (compatible; Googlebot/2.1; +http://www.google.com/bot.html)"
66.249.73.230 - - [11/Feb/2023:23:37:31 +0000] "GET /download/FfWczTMp1dk HTTP/1.1" 404 6616 "-" "Mozilla/5.0 (Linux; Android 6.0.1; Nexus 5X Build/MMB29P) AppleWebKit/537.36 (KHTML, like Gecko) Chrome/109.0.5414.101 Mobile Safari/537.36 (compatible; Googlebot/2.1; +http://www.google.com/bot.html)"
66.249.73.230 - - [11/Feb/2023:23:37:35 +0000] "GET /download/PZNoQb5PptQ HTTP/1.1" 404 6622 "-" "Mozilla/5.0 (Linux; Android 6.0.1; Nexus 5X Build/MMB29P) AppleWebKit/537.36 (KHTML, like Gecko) Chrome/109.0.5414.101 Mobile Safari/537.36 (compatible; Googlebot/2.1; +http://www.google.com/bot.html)"
66.249.73.230 - - [11/Feb/2023:23:37:44 +0000] "GET /download/PZNoQb5PptQ HTTP/1.1" 404 6616 "-" "Mozilla/5.0 (compatible; Googlebot/2.1; +http://www.google.com/bot.html)"
66.249.73.230 - - [11/Feb/2023:23:37:49 +0000] "GET /download/U7J-vUXw66E HTTP/1.1" 404 6616 "-" "Mozilla/5.0 (Linux; Android 6.0.1; Nexus 5X Build/MMB29P) AppleWebKit/537.36 (KHTML, like Gecko) Chrome/109.0.5414.101 Mobile Safari/537.36 (compatible; Googlebot/2.1; +http://www.google.com/bot.html)"
66.249.73.230 - - [11/Feb/2023:23:37:58 +0000] "GET /download/U7J-vUXw66E HTTP/1.1" 404 6616 "-" "Mozilla/5.0 (compatible; Googlebot/2.1; +http://www.google.com/bot.html)"
66.249.73.230 - - [11/Feb/2023:23:38:02 +0000] "GET /download/N_JJ7VkrAOY HTTP/1.1" 404 6616 "-" "Mozilla/5.0 (Linux; Android 6.0.1; Nexus 5X Build/MMB29P) AppleWebKit/537.36 (KHTML, like Gecko) Chrome/109.0.5414.101 Mobile Safari/537.36 (compatible; Googlebot/2.1; +http://www.google.com/bot.html)"
66.249.73.232 - - [11/Feb/2023:23:38:12 +0000] "GET /download/N_JJ7VkrAOY HTTP/1.1" 404 6622 "-" "Mozilla/5.0 (compatible; Googlebot/2.1; +http://www.google.com/bot.html)"
66.249.73.230 - - [11/Feb/2023:23:38:21 +0000] "GET /download/h9EMRT-t_8Y HTTP/1.1" 404 6616 "-" "Mozilla/5.0 (Linux; Android 6.0.1; Nexus 5X Build/MMB29P) AppleWebKit/537.36 (KHTML, like Gecko) Chrome/109.0.5414.101 Mobile Safari/537.36 (compatible; Googlebot/2.1; +http://www.google.com/bot.html)"
66.249.73.230 - - [11/Feb/2023:23:38:25 +0000] "GET /download/h9EMRT-t_8Y HTTP/1.1" 404 6616 "-" "Mozilla/5.0 (compatible; Googlebot/2.1; +http://www.google.com/bot.html)"
66.249.73.230 - - [11/Feb/2023:23:38:35 +0000] "GET /download/Z8KBRlH6Awc HTTP/1.1" 404 6616 "-" "Mozilla/5.0 (compatible; Googlebot/2.1; +http://www.google.com/bot.html)"
66.249.73.230 - - [11/Feb/2023:23:38:39 +0000] "GET /download/Z8KBRlH6Awc HTTP/1.1" 404 6622 "-" "Mozilla/5.0 (Linux; Android 6.0.1; Nexus 5X Build/MMB29P) AppleWebKit/537.36 (KHTML, like Gecko) Chrome/109.0.5414.101 Mobile Safari/537.36 (compatible; Googlebot/2.1; +http://www.google.com/bot.html)"
66.249.73.230 - - [11/Feb/2023:23:38:48 +0000] "GET /download/sUlYIo20e0Q HTTP/1.1" 404 6616 "-" "Mozilla/5.0 (compatible; Googlebot/2.1; +http://www.google.com/bot.html)"
66.249.73.230 - - [11/Feb/2023:23:38:53 +0000] "GET /download/sUlYIo20e0Q HTTP/1.1" 404 6616 "-" "Mozilla/5.0 (Linux; Android 6.0.1; Nexus 5X Build/MMB29P) AppleWebKit/537.36 (KHTML, like Gecko) Chrome/109.0.5414.101 Mobile Safari/537.36 (compatible; Googlebot/2.1; +http://www.google.com/bot.html)"
66.249.73.234 - - [11/Feb/2023:23:39:02 +0000] "GET /download/QJ1oLQTN1Xo HTTP/1.1" 404 6616 "-" "Mozilla/5.0 (compatible; Googlebot/2.1; +http://www.google.com/bot.html)"
66.249.73.232 - - [11/Feb/2023:23:39:11 +0000] "GET /download/QJ1oLQTN1Xo HTTP/1.1" 404 6622 "-" "Mozilla/5.0 (Linux; Android 6.0.1; Nexus 5X Build/MMB29P) AppleWebKit/537.36 (KHTML, like Gecko) Chrome/109.0.5414.101 Mobile Safari/537.36 (compatible; Googlebot/2.1; +http://www.google.com/bot.html)"
66.249.73.230 - - [11/Feb/2023:23:39:16 +0000] "GET /download/dwRIcXUTtCs HTTP/1.1" 404 6622 "-" "Mozilla/5.0 (compatible; Googlebot/2.1; +http://www.google.com/bot.html)"
66.249.73.230 - - [11/Feb/2023:23:39:20 +0000] "GET /download/UwNy2TCx-oA HTTP/1.1" 404 6616 "-" "Mozilla/5.0 (Linux; Android 6.0.1; Nexus 5X Build/MMB29P) AppleWebKit/537.36 (KHTML, like Gecko) Chrome/109.0.5414.101 Mobile Safari/537.36 (compatible; Googlebot/2.1; +http://www.google.com/bot.html)"
66.249.73.230 - - [11/Feb/2023:23:39:25 +0000] "GET /download/dwRIcXUTtCs HTTP/1.1" 404 6616 "-" "Mozilla/5.0 (Linux; Android 6.0.1; Nexus 5X Build/MMB29P) AppleWebKit/537.36 (KHTML, like Gecko) Chrome/109.0.5414.101 Mobile Safari/537.36 (compatible; Googlebot/2.1; +http://www.google.com/bot.html)"
66.249.73.230 - - [11/Feb/2023:23:39:29 +0000] "GET /download/4RWPrZGTXmY HTTP/1.1" 404 6622 "-" "Mozilla/5.0 (Linux; Android 6.0.1; Nexus 5X Build/MMB29P) AppleWebKit/537.36 (KHTML, like Gecko) Chrome/109.0.5414.101 Mobile Safari/537.36 (compatible; Googlebot/2.1; +http://www.google.com/bot.html)"
66.249.73.230 - - [11/Feb/2023:23:39:34 +0000] "GET /download/UwNy2TCx-oA HTTP/1.1" 404 6622 "-" "Mozilla/5.0 (compatible; Googlebot/2.1; +http://www.google.com/bot.html)"
66.249.73.230 - - [11/Feb/2023:23:39:39 +0000] "GET /download/4RWPrZGTXmY HTTP/1.1" 404 6622 "-" "Mozilla/5.0 (compatible; Googlebot/2.1; +http://www.google.com/bot.html)"
66.249.73.230 - - [11/Feb/2023:23:39:43 +0000] "GET /download/QeF0LoS5jOQ HTTP/1.1" 404 6616 "-" "Mozilla/5.0 (Linux; Android 6.0.1; Nexus 5X Build/MMB29P) AppleWebKit/537.36 (KHTML, like Gecko) Chrome/109.0.5414.101 Mobile Safari/537.36 (compatible; Googlebot/2.1; +http://www.google.com/bot.html)"
66.249.73.230 - - [11/Feb/2023:23:39:52 +0000] "GET /download/QeF0LoS5jOQ HTTP/1.1" 404 6616 "-" "Mozilla/5.0 (compatible; Googlebot/2.1; +http://www.google.com/bot.html)"
66.249.73.230 - - [11/Feb/2023:23:40:02 +0000] "GET /download/r3jo6F9ll6Q HTTP/1.1" 404 6616 "-" "Mozilla/5.0 (Linux; Android 6.0.1; Nexus 5X Build/MMB29P) AppleWebKit/537.36 (KHTML, like Gecko) Chrome/109.0.5414.101 Mobile Safari/537.36 (compatible; Googlebot/2.1; +http://www.google.com/bot.html)"
66.249.73.230 - - [11/Feb/2023:23:40:06 +0000] "GET /download/r3jo6F9ll6Q HTTP/1.1" 404 6622 "-" "Mozilla/5.0 (compatible; Googlebot/2.1; +http://www.google.com/bot.html)"
66.249.73.230 - - [11/Feb/2023:23:40:15 +0000] "GET /download/kiq4qc-XxYY HTTP/1.1" 404 6616 "-" "Mozilla/5.0 (Linux; Android 6.0.1; Nexus 5X Build/MMB29P) AppleWebKit/537.36 (KHTML, like Gecko) Chrome/109.0.5414.101 Mobile Safari/537.36 (compatible; Googlebot/2.1; +http://www.google.com/bot.html)"
66.249.73.230 - - [11/Feb/2023:23:40:20 +0000] "GET /download/kiq4qc-XxYY HTTP/1.1" 404 6616 "-" "Mozilla/5.0 (compatible; Googlebot/2.1; +http://www.google.com/bot.html)"
66.249.65.49 - - [11/Feb/2023:23:40:29 +0000] "GET /download/J16U47FNMoY HTTP/1.1" 404 6622 "-" "Mozilla/5.0 (compatible; Googlebot/2.1; +http://www.google.com/bot.html)"
66.249.65.47 - - [11/Feb/2023:23:40:34 +0000] "GET /download/J16U47FNMoY HTTP/1.1" 404 6616 "-" "Mozilla/5.0 (Linux; Android 6.0.1; Nexus 5X Build/MMB29P) AppleWebKit/537.36 (KHTML, like Gecko) Chrome/109.0.5414.101 Mobile Safari/537.36 (compatible; Googlebot/2.1; +http://www.google.com/bot.html)"
66.249.73.230 - - [11/Feb/2023:23:43:41 +0000] "GET /download/iONASvDx_eY HTTP/1.1" 404 6622 "-" "Mozilla/5.0 (Linux; Android 6.0.1; Nexus 5X Build/MMB29P) AppleWebKit/537.36 (KHTML, like Gecko) Chrome/109.0.5414.101 Mobile Safari/537.36 (compatible; Googlebot/2.1; +http://www.google.com/bot.html)"
